******************************************************************************
                  TI ARM Linker PC v16.9.3                     
******************************************************************************
>> Linked Sat Jul 08 09:38:02 2017

OUTPUT FILE NAME:   <MPU6050_msp432.out>
ENTRY POINT SYMBOL: "_c_int00"  address: 00001741


MEMORY CONFIGURATION

         name            origin    length      used     unused   attr    fill
----------------------  --------  ---------  --------  --------  ----  --------
  MAIN                  00000000   00040000  00001988  0003e678  R  X
  INFO                  00200000   00004000  00000000  00004000  R  X
  SRAM_CODE             01000000   00010000  00000000  00010000  RW X
  SRAM_DATA             20000000   00010000  00000dd8  0000f228  RW  


SEGMENT ALLOCATION MAP

run origin  load origin   length   init length attrs members
----------  ----------- ---------- ----------- ----- -------
00000000    00000000    00001988   00001988    r-x
  00000000    00000000    00000140   00000140    r-- .intvecs
  00000140    00000140    000017b0   000017b0    r-x .text
  000018f0    000018f0    00000050   00000050    r-- .const
  00001940    00001940    00000048   00000048    r-- .cinit
20000000    20000000    00000bd8   00000000    rw-
  20000000    20000000    00000800   00000000    rw- .sysmem
  20000800    20000800    00000394   00000000    rw- .bss
  20000b94    20000b94    00000044   00000000    rw- .data
2000fe00    2000fe00    00000200   00000000    rw-
  2000fe00    2000fe00    00000200   00000000    rw- .stack


SECTION ALLOCATION MAP

 output                                  attributes/
section   page    origin      length       input sections
--------  ----  ----------  ----------   ----------------
.intvecs   0    00000000    00000140     
                  00000000    00000140     startup_msp432p401r_ccs.obj (.intvecs:retain)

.text      0    00000140    000017b0     
                  00000140    00000704     esp.obj (.text)
                  00000844    000003e0     msp432_I2C.obj (.text)
                  00000c24    000003d0     rtsv7M4_T_le_v4SPD16_eabi.lib : memory.obj (.text)
                  00000ff4    00000328     system_msp432p401r.obj (.text)
                  0000131c    000000f8     msp432_Clock.obj (.text)
                  00001414    000000b0     msp432_Interrupt.obj (.text)
                  000014c4    0000009c     rtsv7M4_T_le_v4SPD16_eabi.lib : memcpy_t2.obj (.text)
                  00001560    0000008c     main.obj (.text)
                  000015ec    0000007a     rtsv7M4_T_le_v4SPD16_eabi.lib : memset_t2.obj (.text)
                  00001666    00000002                                   : mpu_init.obj (.text)
                  00001668    00000070                                   : autoinit.obj (.text)
                  000016d8    00000068                                   : copy_decompress_lzss.obj (.text:decompress:lzss)
                  00001740    00000054                                   : boot.obj (.text)
                  00001794    00000054                                   : exit.obj (.text)
                  000017e8    0000004c                                   : cpy_tbl.obj (.text)
                  00001834    00000036                                   : strncpy.obj (.text)
                  0000186a    00000002                                   : startup.obj (.text)
                  0000186c    00000018                                   : args_main.obj (.text)
                  00001884    00000014                                   : _lock.obj (.text)
                  00001898    00000014                                   : strcpy.obj (.text)
                  000018ac    00000014                                   : strlen.obj (.text)
                  000018c0    00000012     startup_msp432p401r_ccs.obj (.text)
                  000018d2    0000000e     rtsv7M4_T_le_v4SPD16_eabi.lib : copy_decompress_none.obj (.text:decompress:none)
                  000018e0    0000000c                                   : copy_zero_init.obj (.text:decompress:ZI)
                  000018ec    00000004                                   : pre_init.obj (.text)

.const     0    000018f0    00000050     
                  000018f0    00000024     esp.obj (.const:espConfig)
                  00001914    00000014     msp432_I2C.obj (.const:i2cConfig)
                  00001928    0000000d     esp.obj (.const:.string:$P$T1$2)
                  00001935    0000000b     esp.obj (.const:.string:$P$T0$1)

.cinit     0    00001940    00000048     
                  00001940    0000001f     (.cinit..data.load) [load image, compression = lzss]
                  0000195f    00000001     --HOLE-- [fill = 0]
                  00001960    0000000c     (__TI_handler_table)
                  0000196c    00000004     --HOLE-- [fill = 0]
                  00001970    00000008     (.cinit..bss.load) [load image, compression = zero_init]
                  00001978    00000010     (__TI_cinit_table)

.init_array 
*          0    00000000    00000000     UNINITIALIZED

.sysmem    0    20000000    00000800     UNINITIALIZED
                  20000000    00000008     rtsv7M4_T_le_v4SPD16_eabi.lib : memory.obj (.sysmem)
                  20000008    000007f8     --HOLE--

.bss       0    20000800    00000394     UNINITIALIZED
                  20000800    00000320     esp.obj (.bss:rxBuffer)
                  20000b20    00000064     msp432_I2C.obj (.bss:RXData)
                  20000b84    0000000c     msp432_I2C.obj (.bss)
                  20000b90    00000004     msp432_Interrupt.obj (.bss)

.data      0    20000b94    00000044     UNINITIALIZED
                  20000b94    0000000c     rtsv7M4_T_le_v4SPD16_eabi.lib : exit.obj (.data:$O1$$)
                  20000ba0    0000000c                                   : memory.obj (.data:$O1$$)
                  20000bac    0000000c     msp432_Clock.obj (.data:counter)
                  20000bb8    00000009     msp432_I2C.obj (.data)
                  20000bc1    00000003     --HOLE--
                  20000bc4    00000008     rtsv7M4_T_le_v4SPD16_eabi.lib : _lock.obj (.data:$O1$$)
                  20000bcc    00000004     esp.obj (.data)
                  20000bd0    00000004     rtsv7M4_T_le_v4SPD16_eabi.lib : stkdepth_vars.obj (.data)
                  20000bd4    00000004     system_msp432p401r.obj (.data)

.stack     0    2000fe00    00000200     UNINITIALIZED
                  2000fe00    00000200     --HOLE--

MODULE SUMMARY

       Module                        code   ro data   rw data
       ------                        ----   -------   -------
    .\
       system_msp432p401r.obj        808    0         4      
       startup_msp432p401r_ccs.obj   18     320       0      
       main.obj                      140    0         0      
    +--+-----------------------------+------+---------+---------+
       Total:                        966    320       4      
                                                             
    .\msp432Peripherals\
       msp432_I2C.obj                992    20        121    
       msp432_Clock.obj              248    0         12     
       msp432_Interrupt.obj          176    0         4      
    +--+-----------------------------+------+---------+---------+
       Total:                        1416   20        137    
                                                             
    .\msp432Peripherals\ESP\
       esp.obj                       1796   60        804    
    +--+-----------------------------+------+---------+---------+
       Total:                        1796   60        804    
                                                             
    D:\ti\ccsv7\tools\compiler\ti-cgt-arm_16.9.3.LTS\lib\rtsv7M4_T_le_v4SPD16_eabi.lib
       memory.obj                    976    0         12     
       memcpy_t2.obj                 156    0         0      
       memset_t2.obj                 122    0         0      
       autoinit.obj                  112    0         0      
       copy_decompress_lzss.obj      104    0         0      
       exit.obj                      84     0         12     
       boot.obj                      84     0         0      
       cpy_tbl.obj                   76     0         0      
       strncpy.obj                   54     0         0      
       _lock.obj                     20     0         8      
       args_main.obj                 24     0         0      
       strcpy.obj                    20     0         0      
       strlen.obj                    20     0         0      
       copy_decompress_none.obj      14     0         0      
       copy_zero_init.obj            12     0         0      
       pre_init.obj                  4      0         0      
       stkdepth_vars.obj             0      0         4      
       mpu_init.obj                  2      0         0      
       startup.obj                   2      0         0      
    +--+-----------------------------+------+---------+---------+
       Total:                        1886   0         36     
                                                             
       Heap:                         0      0         2048   
       Stack:                        0      0         512    
       Linker Generated:             0      67        0      
    +--+-----------------------------+------+---------+---------+
       Grand Total:                  6064   467       3541   


LINKER GENERATED COPY TABLES

__TI_cinit_table @ 00001978 records: 2, size/record: 8, table size: 16
	.data: load addr=00001940, load size=0000001f bytes, run addr=20000b94, run size=00000044 bytes, compression=lzss
	.bss: load addr=00001970, load size=00000008 bytes, run addr=20000800, run size=00000394 bytes, compression=zero_init


LINKER GENERATED HANDLER TABLE

__TI_handler_table @ 00001960 records: 3, size/record: 4, table size: 12
	index: 0, handler: __TI_decompress_lzss
	index: 1, handler: __TI_decompress_none
	index: 2, handler: __TI_zero_init


GLOBAL SYMBOLS: SORTED ALPHABETICALLY BY Name 

address   name                           
-------   ----                           
00001795  C$$EXIT                        
00000609  ESP_OutChar                    
00000625  ESP_OutString                  
00000441  ESP_SendString                 
00000a8d  I2C_IRQHandler                 
0000146f  PORT4_IRQHandler               
UNDEFED   SHT$$INIT_ARRAY$$Base          
UNDEFED   SHT$$INIT_ARRAY$$Limit         
000004f9  SendEmail                      
20000bd4  SystemCoreClock                
00000ff5  SystemCoreClockUpdate          
00001269  SystemInit                     
4000480c  WDTCTL_SYM                     
20010000  __STACK_END                    
00000200  __STACK_SIZE                   
00000800  __SYSMEM_SIZE                  
00001978  __TI_CINIT_Base                
00001988  __TI_CINIT_Limit               
00001960  __TI_Handler_Table_Base        
0000196c  __TI_Handler_Table_Limit       
00001669  __TI_auto_init                 
20000b94  __TI_cleanup_ptr               
000016d9  __TI_decompress_lzss           
000018d3  __TI_decompress_none           
20000b98  __TI_dtors_ptr                 
20000b9c  __TI_enable_exit_profile_output
ffffffff  __TI_pprof_out_hndl            
ffffffff  __TI_prof_data_size            
ffffffff  __TI_prof_data_start           
00000000  __TI_static_base__             
000018e1  __TI_zero_init                 
000015ed  __aeabi_memclr                 
000015ed  __aeabi_memclr4                
000015ed  __aeabi_memclr8                
000014c5  __aeabi_memcpy                 
000014c5  __aeabi_memcpy4                
000014c5  __aeabi_memcpy8                
000015ef  __aeabi_memset                 
000015ef  __aeabi_memset4                
000015ef  __aeabi_memset8                
ffffffff  __binit__                      
ffffffff  __c_args__                     
00001667  __mpu_init                     
2000fe00  __stack                        
0000186d  _args_main                     
00001741  _c_int00                       
20000bc4  _lock                          
00001893  _nop                           
0000188b  _register_lock                 
00001885  _register_unlock               
20000000  _sys_memory                    
0000186b  _system_post_cinit             
000018ed  _system_pre_init               
20000bc8  _unlock                        
00001799  abort                          
ffffffff  binit                          
00000fc5  calloc                         
000001ab  clearBuffer                    
000017e9  copy_in                        
00001373  delay_ms                       
000018f0  espConfig                      
00000321  esp_cipStart                   
000001d7  esp_connectWiFi                
00000299  esp_rst                        
000002c5  esp_setMode                    
000017a1  exit                           
00000d0f  free                           
00001357  get_timestamp                  
00001914  i2cConfig                      
000008a9  i2c_disable                    
00000845  i2c_enable                     
0000095f  i2c_read                       
000008ad  i2c_write                      
000005af  init_ESP8266_UART              
00000000  interruptVectors               
00001561  main                           
20000bd0  main_func_sp                   
00000ca5  malloc                         
00000ed9  memalign                       
000014c5  memcpy                         
000015f5  memset                         
00000c25  minit                          
00001415  pin_int_cb                     
00000dd1  realloc                        
0000065b  receiveHandler                 
00000141  search                         
0000131d  setup_timer                    
00001899  strcpy                         
000018ad  strlen                         
00001835  strncpy                        
000013a7  systic_handler                 
20000bcc  uartrxCnt                      


GLOBAL SYMBOLS: SORTED BY Symbol Address 

address   name                           
-------   ----                           
00000000  __TI_static_base__             
00000000  interruptVectors               
00000141  search                         
000001ab  clearBuffer                    
000001d7  esp_connectWiFi                
00000200  __STACK_SIZE                   
00000299  esp_rst                        
000002c5  esp_setMode                    
00000321  esp_cipStart                   
00000441  ESP_SendString                 
000004f9  SendEmail                      
000005af  init_ESP8266_UART              
00000609  ESP_OutChar                    
00000625  ESP_OutString                  
0000065b  receiveHandler                 
00000800  __SYSMEM_SIZE                  
00000845  i2c_enable                     
000008a9  i2c_disable                    
000008ad  i2c_write                      
0000095f  i2c_read                       
00000a8d  I2C_IRQHandler                 
00000c25  minit                          
00000ca5  malloc                         
00000d0f  free                           
00000dd1  realloc                        
00000ed9  memalign                       
00000fc5  calloc                         
00000ff5  SystemCoreClockUpdate          
00001269  SystemInit                     
0000131d  setup_timer                    
00001357  get_timestamp                  
00001373  delay_ms                       
000013a7  systic_handler                 
00001415  pin_int_cb                     
0000146f  PORT4_IRQHandler               
000014c5  __aeabi_memcpy                 
000014c5  __aeabi_memcpy4                
000014c5  __aeabi_memcpy8                
000014c5  memcpy                         
00001561  main                           
000015ed  __aeabi_memclr                 
000015ed  __aeabi_memclr4                
000015ed  __aeabi_memclr8                
000015ef  __aeabi_memset                 
000015ef  __aeabi_memset4                
000015ef  __aeabi_memset8                
000015f5  memset                         
00001667  __mpu_init                     
00001669  __TI_auto_init                 
000016d9  __TI_decompress_lzss           
00001741  _c_int00                       
00001795  C$$EXIT                        
00001799  abort                          
000017a1  exit                           
000017e9  copy_in                        
00001835  strncpy                        
0000186b  _system_post_cinit             
0000186d  _args_main                     
00001885  _register_unlock               
0000188b  _register_lock                 
00001893  _nop                           
00001899  strcpy                         
000018ad  strlen                         
000018d3  __TI_decompress_none           
000018e1  __TI_zero_init                 
000018ed  _system_pre_init               
000018f0  espConfig                      
00001914  i2cConfig                      
00001960  __TI_Handler_Table_Base        
0000196c  __TI_Handler_Table_Limit       
00001978  __TI_CINIT_Base                
00001988  __TI_CINIT_Limit               
20000000  _sys_memory                    
20000b94  __TI_cleanup_ptr               
20000b98  __TI_dtors_ptr                 
20000b9c  __TI_enable_exit_profile_output
20000bc4  _lock                          
20000bc8  _unlock                        
20000bcc  uartrxCnt                      
20000bd0  main_func_sp                   
20000bd4  SystemCoreClock                
2000fe00  __stack                        
20010000  __STACK_END                    
4000480c  WDTCTL_SYM                     
ffffffff  __TI_pprof_out_hndl            
ffffffff  __TI_prof_data_size            
ffffffff  __TI_prof_data_start           
ffffffff  __binit__                      
ffffffff  __c_args__                     
ffffffff  binit                          
UNDEFED   SHT$$INIT_ARRAY$$Base          
UNDEFED   SHT$$INIT_ARRAY$$Limit         

[92 symbols]
