******************************************************************************
                  TI ARM Linker PC v16.9.3                     
******************************************************************************
>> Linked Mon Jul 03 14:00:34 2017

OUTPUT FILE NAME:   <MPU6050_msp432.out>
ENTRY POINT SYMBOL: "_c_int00"  address: 0000e881


MEMORY CONFIGURATION

         name            origin    length      used     unused   attr    fill
----------------------  --------  ---------  --------  --------  ----  --------
  MAIN                  00000000   00040000  0000fd12  000302ee  R  X
  INFO                  00200000   00004000  00000000  00004000  R  X
  SRAM_CODE             01000000   00010000  00000000  00010000  RW X
  SRAM_DATA             20000000   00010000  00001184  0000ee7c  RW  


SEGMENT ALLOCATION MAP

run origin  load origin   length   init length attrs members
----------  ----------- ---------- ----------- ----- -------
00000000    00000000    0000fd18   0000fd18    r-x
  00000000    00000000    00000140   00000140    r-- .intvecs
  00000140    00000140    0000ece6   0000ece6    r-x .text
  0000ee28    0000ee28    00000e60   00000e60    r-- .const
  0000fc88    0000fc88    0000000c   0000000c    r-- .rodata.str1.4
  0000fc98    0000fc98    00000080   00000080    r-- .cinit
20000000    20000000    00000f84   00000000    rw-
  20000000    20000000    00000dfc   00000000    rw- .bss
  20000dfc    20000dfc    00000188   00000000    rw- .data
2000fe00    2000fe00    00000200   00000000    rw-
  2000fe00    2000fe00    00000200   00000000    rw- .stack


SECTION ALLOCATION MAP

 output                                  attributes/
section   page    origin      length       input sections
--------  ----  ----------  ----------   ----------------
.intvecs   0    00000000    00000140     
                  00000000    00000140     startup_msp432p401r_ccs.obj (.intvecs:retain)

.text      0    00000140    0000ece6     
                  00000140    000026e0     inv_mpu.obj (.text)
                  00002820    000014e4     ml_math_func.obj (.text)
                  00003d04    0000113e     rtsv7M4_T_le_v4SPD16_eabi.lib : _printfi.obj (.text)
                  00004e42    00000002                                   : l_div0.obj (.text)
                  00004e44    00001108     data_builder.obj (.text)
                  00005f4c    00001088     inv_mpu_dmp_motion_driver.obj (.text)
                  00006fd4    00000d90     liblibmplmpu.a : fast_no_motion.o (.text)
                  00007d64    00000004     rtsv7M4_T_le_v4SPD16_eabi.lib : pre_init.obj (.text)
                  00007d68    00000a78     liblibmplmpu.a : quaternion_supervisor.o (.text)
                  000087e0    00000908     hal_outputs.obj (.text)
                  000090e8    00000890     mpu_setup.obj (.text)
                  00009978    00000760     liblibmplmpu.a : fusion_9axis.o (.text)
                  0000a0d8    00000680                    : mag_disturb.o (.text)
                  0000a758    0000064c     eMPL_outputs.obj (.text)
                  0000ada4    000005e8     results_holder.obj (.text)
                  0000b38c    000005a0     liblibmplmpu.a : gyro_tc.o (.text)
                  0000b92c    00000420     rtsv7M4_T_le_v4SPD16_eabi.lib : e_acos.obj (.text)
                  0000bd4c    000003e0     msp432_I2C.obj (.text)
                  0000c12c    00000368     log_msp432.obj (.text)
                  0000c494    00000328     system_msp432p401r.obj (.text)
                  0000c7bc    000002d4     storage_manager.obj (.text)
                  0000ca90    0000021e     rtsv7M4_T_le_v4SPD16_eabi.lib : ll_div_t2.obj (.text)
                  0000ccae    000001f4                                   : ull_div_t2.obj (.text)
                  0000cea2    000001b6                                   : fd_add_t2.obj (.text)
                  0000d058    0000019c     main.obj (.text)
                  0000d1f4    00000194     rtsv7M4_T_le_v4SPD16_eabi.lib : e_acosf.obj (.text)
                  0000d388    00000178                                   : e_asinf.obj (.text)
                  0000d500    00000170                                   : e_sqrt.obj (.text)
                  0000d670    00000158                                   : e_atan2f.obj (.text)
                  0000d7c8    00000150                                   : s_atanf.obj (.text)
                  0000d918    00000136                                   : fd_div_t2.obj (.text)
                  0000da4e    00000002                                   : mpu_init.obj (.text)
                  0000da50    00000120     mpu_Uart.obj (.text)
                  0000db70    00000104     msp432p4xx_driverlib.lib : cs.o (.text:CS_getDCOFrequency)
                  0000dc74    000000fc     rtsv7M4_T_le_v4SPD16_eabi.lib : fd_mul_t2.obj (.text)
                  0000dd70    000000fc                                   : s_scalbn.obj (.text)
                  0000de6c    000000f8     msp432_Clock.obj (.text)
                  0000df64    000000e8     mpl.obj (.text)
                  0000e04c    000000e4     start_manager.obj (.text)
                  0000e130    000000b4     rtsv7M4_T_le_v4SPD16_eabi.lib : s_cosf.obj (.text)
                  0000e1e4    000000b0     msp432_Interrupt.obj (.text)
                  0000e294    000000a4     rtsv7M4_T_le_v4SPD16_eabi.lib : s_sinf.obj (.text)
                  0000e338    0000009c     msp432p4xx_driverlib.lib : cs.o (.text:_CSComputeCLKFrequency)
                  0000e3d4    0000009c     rtsv7M4_T_le_v4SPD16_eabi.lib : memcpy_t2.obj (.text)
                  0000e470    00000086                                   : fd_cmp_t2.obj (.text:__aeabi_cdcmple)
                  0000e4f6    00000086                                   : fd_cmp_t2.obj (.text:__aeabi_cdrcmple)
                  0000e57c    0000007a                                   : memset_t2.obj (.text)
                  0000e5f6    00000002                                   : startup.obj (.text)
                  0000e5f8    00000070                                   : autoinit.obj (.text)
                  0000e668    00000070                                   : printf.obj (.text)
                  0000e6d8    0000006e                                   : fd_tos_t2.obj (.text)
                  0000e746    0000006c                                   : fs_toll_t2.obj (.text)
                  0000e7b2    00000068                                   : copy_decompress_lzss.obj (.text:decompress:lzss)
                  0000e81a    00000002     --HOLE-- [fill = 0]
                  0000e81c    00000064                                   : s_frexp.obj (.text)
                  0000e880    00000054                                   : boot.obj (.text)
                  0000e8d4    00000054                                   : exit.obj (.text)
                  0000e928    00000054                                   : ltoa.obj (.text)
                  0000e97c    00000050     msp432p4xx_driverlib.lib : sysctl.o (.text:SysCtl_getTLVInfo)
                  0000e9cc    0000004c                              : cs.o (.text:_CSGetDOCFrequency)
                  0000ea18    0000004c     rtsv7M4_T_le_v4SPD16_eabi.lib : atoi.obj (.text)
                  0000ea64    0000004c                                   : cpy_tbl.obj (.text)
                  0000eab0    00000048     msp432p4xx_driverlib.lib : cs.o (.text:_CSGetDividerValue)
                  0000eaf8    00000048     message_layer.obj (.text)
                  0000eb40    00000048     rtsv7M4_T_le_v4SPD16_eabi.lib : fd_toi_t2.obj (.text)
                  0000eb88    00000048                                   : ll_tofs_t2.obj (.text)
                  0000ebd0    00000048                                   : vsprintf.obj (.text)
                  0000ec18    00000038                                   : fs_tod_t2.obj (.text)
                  0000ec50    0000002e                                   : i_tofd_t2.obj (.text)
                  0000ec7e    00000002     --HOLE-- [fill = 0]
                  0000ec80    00000028                                   : e_sqrtf.obj (.text)
                  0000eca8    00000024     msp432p4xx_driverlib.lib : cs.o (.text:CS_clearInterruptFlag)
                  0000eccc    00000024     rtsv7M4_T_le_v4SPD16_eabi.lib : memcmp.obj (.text)
                  0000ecf0    00000024                                   : memmov.obj (.text)
                  0000ed14    0000001e                                   : ll_asr_t2.obj (.text)
                  0000ed32    0000001c                                   : memccpy.obj (.text)
                  0000ed4e    00000002     --HOLE-- [fill = 0]
                  0000ed50    00000018     msp432p4xx_driverlib.lib : cs.o (.text:CS_getMCLK)
                  0000ed68    00000018     rtsv7M4_T_le_v4SPD16_eabi.lib : args_main.obj (.text)
                  0000ed80    00000018                                   : ll_mul_t2.obj (.text)
                  0000ed98    00000016                                   : strchr.obj (.text)
                  0000edae    00000002     --HOLE-- [fill = 0]
                  0000edb0    00000014                                   : _lock.obj (.text)
                  0000edc4    00000014                                   : s_copysign.obj (.text)
                  0000edd8    00000014                                   : strlen.obj (.text)
                  0000edec    00000012     startup_msp432p401r_ccs.obj (.text)
                  0000edfe    0000000e     rtsv7M4_T_le_v4SPD16_eabi.lib : fd_eabi_t2.obj (.text:__aeabi_dcmpgt)
                  0000ee0c    0000000e                                   : copy_decompress_none.obj (.text:decompress:none)
                  0000ee1a    0000000c                                   : copy_zero_init.obj (.text:decompress:ZI)

.const     0    0000ee28    00000e60     
                  0000ee28    00000bf6     inv_mpu_dmp_motion_driver.obj (.const:.string:dmp_memory)
                  0000fa1e    00000101     rtsv7M4_T_le_v4SPD16_eabi.lib : ctype.obj (.const:.string:_ctypes_)
                  0000fb1f    00000001     --HOLE-- [fill = 0]
                  0000fb20    00000034                                   : s_atanf.obj (.const:$O1$$)
                  0000fb54    00000028     inv_mpu.obj (.const:test)
                  0000fb7c    00000024     mpu_Uart.obj (.const:uartConfig)
                  0000fba0    00000020     rtsv7M4_T_le_v4SPD16_eabi.lib : e_asinf.obj (.const)
                  0000fbc0    0000001e     inv_mpu.obj (.const:reg)
                  0000fbde    00000014     mpl.obj (.const:.string:ml_ver)
                  0000fbf2    00000002     inv_mpu_dmp_motion_driver.obj (.const)
                  0000fbf4    00000014     msp432_I2C.obj (.const:i2cConfig)
                  0000fc08    0000000e     mpl.obj (.const:.string:$P$T1$2)
                  0000fc16    0000000d     mpl.obj (.const:.string:$P$T0$1)
                  0000fc23    00000001     --HOLE-- [fill = 0]
                  0000fc24    0000000c     mpu_setup.obj (.const:$P$T0$1)
                  0000fc30    0000000c     inv_mpu_dmp_motion_driver.obj (.const:.string:$P$T4$5)
                  0000fc3c    0000000c     inv_mpu.obj (.const:hw)
                  0000fc48    0000000b     inv_mpu_dmp_motion_driver.obj (.const:.string:$P$T7$8)
                  0000fc53    0000000b     inv_mpu_dmp_motion_driver.obj (.const:.string:$P$T8$9)
                  0000fc5e    00000002     --HOLE-- [fill = 0]
                  0000fc60    0000000a     mpu_setup.obj (.const:.string)
                  0000fc6a    00000009     inv_mpu_dmp_motion_driver.obj (.const:.string:$P$T5$6)
                  0000fc73    00000009     inv_mpu_dmp_motion_driver.obj (.const:.string:$P$T6$7)
                  0000fc7c    00000003     inv_mpu_dmp_motion_driver.obj (.const:.string:$P$T0$1)
                  0000fc7f    00000003     inv_mpu_dmp_motion_driver.obj (.const:.string:$P$T1$2)
                  0000fc82    00000003     inv_mpu_dmp_motion_driver.obj (.const:.string:$P$T2$3)
                  0000fc85    00000003     inv_mpu_dmp_motion_driver.obj (.const:.string:$P$T3$4)

.cinit     0    0000fc98    00000080     
                  0000fc98    00000059     (.cinit..data.load) [load image, compression = lzss]
                  0000fcf1    00000003     --HOLE-- [fill = 0]
                  0000fcf4    0000000c     (__TI_handler_table)
                  0000fd00    00000008     (.cinit..bss.load) [load image, compression = zero_init]
                  0000fd08    00000010     (__TI_cinit_table)

.init_array 
*          0    00000000    00000000     UNINITIALIZED

.rodata.str1.4 
*          0    0000fc88    0000000c     
                  0000fc88    0000000c     liblibmplmpu.a : quaternion_supervisor.o (.rodata.str1.4)

.bss       0    20000000    00000dfc     UNINITIALIZED
                  20000000    00000260     (.common:fnm)
                  20000260    000001d0     data_builder.obj (.bss:sensors)
                  20000430    000001c4     liblibmplmpu.a : gyro_tc.o (.bss)
                  200005f4    00000198     storage_manager.obj (.bss:ds)
                  2000078c    00000140     data_builder.obj (.bss:inv_data_builder)
                  200008cc    00000138     (.common:s9axis)
                  20000a04    00000004     main.obj (.bss)
                  20000a08    000000d0     hal_outputs.obj (.bss:hal_out)
                  20000ad8    000000b8     liblibmplmpu.a : mag_disturb.o (.bss)
                  20000b90    00000090     results_holder.obj (.bss:rh)
                  20000c20    0000006c     liblibmplmpu.a : quaternion_supervisor.o (.bss)
                  20000c8c    00000064     msp432_I2C.obj (.bss:RXData)
                  20000cf0    00000054     start_manager.obj (.bss:inv_start_cb)
                  20000d44    00000004     message_layer.obj (.bss:mh)
                  20000d48    00000040     liblibmplmpu.a : fast_no_motion.o (.bss)
                  20000d88    00000030     eMPL_outputs.obj (.bss:eMPL_out)
                  20000db8    00000024     main.obj (.bss:$P$T0$1)
                  20000ddc    0000000c     msp432_I2C.obj (.bss)
                  20000de8    00000008     mpu_setup.obj (.bss)
                  20000df0    00000004     msp432_Interrupt.obj (.bss)
                  20000df4    00000004     (.common:hfxtFreq)
                  20000df8    00000004     (.common:lfxtFreq)

.data      0    20000dfc    00000188     UNINITIALIZED
                  20000dfc    000000f0     rtsv7M4_T_le_v4SPD16_eabi.lib : defs.obj (.data:_ftable)
                  20000eec    0000002c     inv_mpu.obj (.data:st)
                  20000f18    00000014     hal_outputs.obj (.data:compass_low_pass_filter_coeff)
                  20000f2c    00000010     inv_mpu_dmp_motion_driver.obj (.data:dmp)
                  20000f3c    0000000c     rtsv7M4_T_le_v4SPD16_eabi.lib : exit.obj (.data:$O1$$)
                  20000f48    0000000c     msp432_Clock.obj (.data:counter)
                  20000f54    00000009     mpu_setup.obj (.data:gyro_pdata)
                  20000f5d    00000003     --HOLE--
                  20000f60    00000009     msp432_I2C.obj (.data)
                  20000f69    00000003     --HOLE--
                  20000f6c    00000008     rtsv7M4_T_le_v4SPD16_eabi.lib : _lock.obj (.data:$O1$$)
                  20000f74    00000004     mpu_setup.obj (.data)
                  20000f78    00000004     rtsv7M4_T_le_v4SPD16_eabi.lib : errno.obj (.data)
                  20000f7c    00000004                                   : stkdepth_vars.obj (.data)
                  20000f80    00000004     system_msp432p401r.obj (.data)

.stack     0    2000fe00    00000200     UNINITIALIZED
                  2000fe00    00000200     --HOLE--

MODULE SUMMARY

       Module                          code    ro data   rw data
       ------                          ----    -------   -------
    .\
       system_msp432p401r.obj          808     0         4      
       main.obj                        412     0         40     
       startup_msp432p401r_ccs.obj     18      320       0      
    +--+-------------------------------+-------+---------+---------+
       Total:                          1238    320       44     
                                                                
    .\drivers\eMPL\
       inv_mpu.obj                     9952    82        44     
       inv_mpu_dmp_motion_driver.obj   4232    3128      16     
    +--+-------------------------------+-------+---------+---------+
       Total:                          14184   3210      60     
                                                                
    .\eMPL-hal\
       eMPL_outputs.obj                1612    0         48     
    +--+-------------------------------+-------+---------+---------+
       Total:                          1612    0         48     
                                                                
    .\mllite\
       ml_math_func.obj                5348    0         0      
       data_builder.obj                4360    0         784    
       hal_outputs.obj                 2312    0         228    
       results_holder.obj              1512    0         144    
       storage_manager.obj             724     0         408    
       start_manager.obj               228     0         84     
       mpl.obj                         232     47        0      
       message_layer.obj               72      0         4      
    +--+-------------------------------+-------+---------+---------+
       Total:                          14788   47        1652   
                                                                
    .\msp432Peripherals\
       mpu_setup.obj                   2192    22        21     
       msp432_I2C.obj                  992     20        121    
       msp432_Clock.obj                248     0         12     
       msp432_Interrupt.obj            176     0         4      
    +--+-------------------------------+-------+---------+---------+
       Total:                          3608    42        158    
                                                                
    .\msp432Peripherals\mpuUart\
       log_msp432.obj                  872     0         0      
       mpu_Uart.obj                    288     36        0      
    +--+-------------------------------+-------+---------+---------+
       Total:                          1160    36        0      
                                                                
    ../mpl/liblibmplmpu.a
       fast_no_motion.o                3472    0         672    
       quaternion_supervisor.o         2680    12        108    
       fusion_9axis.o                  1888    0         312    
       gyro_tc.o                       1440    0         452    
       mag_disturb.o                   1664    0         184    
    +--+-------------------------------+-------+---------+---------+
       Total:                          11144   12        1728   
                                                                
    C:/ti/msp/MSP432Ware_3_50_00_02/driverlib/driverlib/MSP432P4xx/ccs/msp432p4xx_driverlib.lib
       cs.o                            624     0         8      
       sysctl.o                        80      0         0      
    +--+-------------------------------+-------+---------+---------+
       Total:                          704     0         8      
                                                                
    D:\ti\ccsv7\tools\compiler\ti-cgt-arm_16.9.3.LTS\lib\rtsv7M4_T_le_v4SPD16_eabi.lib
       _printfi.obj                    4414    0         0      
       e_acos.obj                      1056    0         0      
       ll_div_t2.obj                   542     0         0      
       ull_div_t2.obj                  500     0         0      
       fd_add_t2.obj                   438     0         0      
       e_asinf.obj                     376     32        0      
       e_acosf.obj                     404     0         0      
       s_atanf.obj                     336     52        0      
       e_sqrt.obj                      368     0         0      
       e_atan2f.obj                    344     0         0      
       fd_div_t2.obj                   310     0         0      
       fd_cmp_t2.obj                   268     0         0      
       ctype.obj                       0       257       0      
       fd_mul_t2.obj                   252     0         0      
       s_scalbn.obj                    252     0         0      
       defs.obj                        0       0         240    
       s_cosf.obj                      180     0         0      
       s_sinf.obj                      164     0         0      
       memcpy_t2.obj                   156     0         0      
       memset_t2.obj                   122     0         0      
       autoinit.obj                    112     0         0      
       printf.obj                      112     0         0      
       fd_tos_t2.obj                   110     0         0      
       fs_toll_t2.obj                  108     0         0      
       copy_decompress_lzss.obj        104     0         0      
       s_frexp.obj                     100     0         0      
       exit.obj                        84      0         12     
       boot.obj                        84      0         0      
       ltoa.obj                        84      0         0      
       atoi.obj                        76      0         0      
       cpy_tbl.obj                     76      0         0      
       fd_toi_t2.obj                   72      0         0      
       ll_tofs_t2.obj                  72      0         0      
       vsprintf.obj                    72      0         0      
       fs_tod_t2.obj                   56      0         0      
       i_tofd_t2.obj                   46      0         0      
       e_sqrtf.obj                     40      0         0      
       memcmp.obj                      36      0         0      
       memmov.obj                      36      0         0      
       ll_asr_t2.obj                   30      0         0      
       _lock.obj                       20      0         8      
       memccpy.obj                     28      0         0      
       args_main.obj                   24      0         0      
       ll_mul_t2.obj                   24      0         0      
       strchr.obj                      22      0         0      
       s_copysign.obj                  20      0         0      
       strlen.obj                      20      0         0      
       copy_decompress_none.obj        14      0         0      
       fd_eabi_t2.obj                  14      0         0      
       copy_zero_init.obj              12      0         0      
       errno.obj                       0       0         4      
       pre_init.obj                    4       0         0      
       stkdepth_vars.obj               0       0         4      
       l_div0.obj                      2       0         0      
       mpu_init.obj                    2       0         0      
       startup.obj                     2       0         0      
    +--+-------------------------------+-------+---------+---------+
       Total:                          12200   341       268    
                                                                
       Stack:                          0       0         512    
       Linker Generated:               0       125       0      
    +--+-------------------------------+-------+---------+---------+
       Grand Total:                    60638   4133      4478   


LINKER GENERATED COPY TABLES

__TI_cinit_table @ 0000fd08 records: 2, size/record: 8, table size: 16
	.data: load addr=0000fc98, load size=00000059 bytes, run addr=20000dfc, run size=00000188 bytes, compression=lzss
	.bss: load addr=0000fd00, load size=00000008 bytes, run addr=20000000, run size=00000dfc bytes, compression=zero_init


LINKER GENERATED HANDLER TABLE

__TI_handler_table @ 0000fcf4 records: 3, size/record: 4, table size: 12
	index: 0, handler: __TI_decompress_lzss
	index: 1, handler: __TI_decompress_none
	index: 2, handler: __TI_zero_init


GLOBAL SYMBOLS: SORTED ALPHABETICALLY BY Name 

address   name                                    
-------   ----                                    
0000e8d5  C$$EXIT                                 
0000eca9  CS_clearInterruptFlag                   
0000db71  CS_getDCOFrequency                      
0000ed51  CS_getMCLK                              
0000a255  ComputeAngleVelocity                    
0000bf95  I2C_IRQHandler                          
0000a2b5  Mag3ofNormalizedLong                    
0000a389  MagDisturbCheckSettling                 
0000a309  MagDisturbSetDisturbance                
0000e23f  PORT4_IRQHandler                        
UNDEFED   SHT$$INIT_ARRAY$$Base                   
UNDEFED   SHT$$INIT_ARRAY$$Limit                  
0000e97d  SysCtl_getTLVInfo                       
20000f80  SystemCoreClock                         
0000c495  SystemCoreClockUpdate                   
0000c709  SystemInit                              
0000da9b  UART_InChar                             
0000da7f  UART_OutChar                            
0000dad9  UART_OutString                          
4000480c  WDTCTL_SYM                              
0000c12d  _MLPrintLog                             
20010000  __STACK_END                             
00000200  __STACK_SIZE                            
0000fd08  __TI_CINIT_Base                         
0000fd18  __TI_CINIT_Limit                        
0000fcf4  __TI_Handler_Table_Base                 
0000fd00  __TI_Handler_Table_Limit                
0000e5f9  __TI_auto_init                          
20000f3c  __TI_cleanup_ptr                        
0000e7b3  __TI_decompress_lzss                    
0000ee0d  __TI_decompress_none                    
20000f40  __TI_dtors_ptr                          
20000f44  __TI_enable_exit_profile_output         
ffffffff  __TI_pprof_out_hndl                     
00004549  __TI_printfi                            
ffffffff  __TI_prof_data_size                     
ffffffff  __TI_prof_data_start                    
00000000  __TI_static_base__                      
0000ee1b  __TI_zero_init                          
0000e471  __aeabi_cdcmpeq                         
0000e471  __aeabi_cdcmple                         
0000e4f7  __aeabi_cdrcmple                        
0000e6d9  __aeabi_d2f                             
0000eb41  __aeabi_d2iz                            
0000cead  __aeabi_dadd                            
0000edff  __aeabi_dcmpgt                          
0000d919  __aeabi_ddiv                            
0000dc75  __aeabi_dmul                            
0000cea3  __aeabi_dsub                            
0000ec19  __aeabi_f2d                             
0000e747  __aeabi_f2lz                            
0000ec51  __aeabi_i2d                             
0000eb89  __aeabi_l2f                             
0000ed15  __aeabi_lasr                            
00004e43  __aeabi_ldiv0                           
0000ca91  __aeabi_ldivmod                         
0000ed81  __aeabi_lmul                            
0000e57d  __aeabi_memclr                          
0000e57d  __aeabi_memclr4                         
0000e57d  __aeabi_memclr8                         
0000e3d5  __aeabi_memcpy                          
0000e3d5  __aeabi_memcpy4                         
0000e3d5  __aeabi_memcpy8                         
0000e57f  __aeabi_memset                          
0000e57f  __aeabi_memset4                         
0000e57f  __aeabi_memset8                         
0000ccaf  __aeabi_uldivmod                        
ffffffff  __binit__                               
ffffffff  __c_args__                              
0000da4f  __mpu_init                              
2000fe00  __stack                                 
0000ed69  _args_main                              
0000e881  _c_int00                                
0000fa1e  _ctypes_                                
20000dfc  _ftable                                 
20000f6c  _lock                                   
0000edbf  _nop                                    
0000edb7  _register_lock                          
0000edb1  _register_unlock                        
0000e5f7  _system_post_cinit                      
00007d65  _system_pre_init                        
20000f70  _unlock                                 
0000e8d9  abort                                   
0000b92d  acos                                    
0000d1f5  acosf                                   
0000b92d  acosl                                   
0000d389  asinf                                   
0000d671  atan2f                                  
0000d7c9  atanf                                   
0000ea19  atoi                                    
ffffffff  binit                                   
20000f18  compass_low_pass_filter_coeff           
0000ea65  copy_in                                 
0000edc5  copysign                                
0000edc5  copysignl                               
0000e131  cosf                                    
0000dec3  delay_ms                                
00006c43  dmp_enable_6x_lp_quat                   
00006943  dmp_enable_feature                      
00006bb1  dmp_enable_gyro_cal                     
00006c01  dmp_enable_lp_quat                      
00006b9d  dmp_get_enabled_features                
0000640d  dmp_get_fifo_rate                       
0000682d  dmp_get_pedometer_step_count            
000068b3  dmp_get_pedometer_walk_time             
00005f4d  dmp_load_motion_driver_firmware         
00006d5d  dmp_read_fifo                           
00006faf  dmp_register_android_orient_cb          
00006f9d  dmp_register_tap_cb                     
00006245  dmp_set_accel_bias                      
0000638d  dmp_set_fifo_rate                       
000060e9  dmp_set_gyro_bias                       
00006cfb  dmp_set_interrupt_mode                  
00005f61  dmp_set_orientation                     
00006879  dmp_set_pedometer_step_count            
000068ff  dmp_set_pedometer_walk_time             
0000673d  dmp_set_shake_reject_thresh             
00006799  dmp_set_shake_reject_time               
000067dd  dmp_set_shake_reject_timeout            
0000662d  dmp_set_tap_axes                        
00006685  dmp_set_tap_count                       
00006425  dmp_set_tap_thresh                      
000066c9  dmp_set_tap_time                        
00006701  dmp_set_tap_time_multi                  
0000c2dd  eMPL_send_data                          
0000c221  eMPL_send_quat                          
20000f78  errno                                   
0000e8e1  exit                                    
0000dacf  fgetc                                   
20000000  fnm                                     
0000dab5  fputc                                   
0000db17  fputs                                   
0000e81d  frexp                                   
0000e81d  frexpl                                  
0000dea7  get_timestamp                           
0000fc3c  hw                                      
0000fbf4  i2cConfig                               
0000bdb1  i2c_disable                             
0000bd4d  i2c_enable                              
0000be67  i2c_read                                
0000bdb5  i2c_write                               
0000da51  init_mpuUART                            
00007411  int_set_fast_nomot_gyro_threshold       
00000000  interruptVectors                        
0000a079  inv_9x_fusion_enable_jitter_reduction   
0000a069  inv_9x_fusion_set_mag_fb                
0000a089  inv_9x_fusion_use_timestamps            
000056c9  inv_accel_was_turned_off                
00003781  inv_angle_diff                          
000051fd  inv_apply_calibration                   
000033a9  inv_big8_to_int16                       
0000337f  inv_big8_to_int32                       
00003b81  inv_biquad_filter_process               
000054a5  inv_build_accel                         
00005599  inv_build_compass                       
0000554d  inv_build_gyro                          
00005689  inv_build_quat                          
0000564d  inv_build_temp                          
00003b39  inv_calc_state_to_match_output          
0000a3e1  inv_check_magnetic_disturbance          
00003803  inv_checksum                            
00002857  inv_compass_angle                       
000056d5  inv_compass_was_turned_off              
00003911  inv_convert_to_body                     
00003a19  inv_convert_to_body_with_scale          
0000398d  inv_convert_to_chip                     
00007729  inv_detect_motion_by_gyro_accel         
0000a0c9  inv_disable_9x_sensor_fusion            
00005f25  inv_disable_compass_soft_iron_matrix    
0000a19d  inv_disable_dip_tracking                
0000ad69  inv_disable_eMPL_outputs                
00007d41  inv_disable_fast_nomot                  
0000b8fd  inv_disable_gyro_tc                     
000090b1  inv_disable_hal_outputs                 
0000a185  inv_disable_magnetic_disturbance        
000087c1  inv_disable_quaternion                  
0000a0a5  inv_enable_9x_sensor_fusion             
00005f19  inv_enable_compass_soft_iron_matrix     
0000a1ad  inv_enable_dip_tracking                 
0000ad51  inv_enable_eMPL_outputs                 
00007d29  inv_enable_fast_nomot                   
0000b8bd  inv_enable_gyro_tc                      
00009095  inv_enable_hal_outputs                  
0000a159  inv_enable_magnetic_disturbance         
000087a9  inv_enable_quaternion                   
0000b0ed  inv_enable_results_holder               
0000e0f1  inv_execute_mpl_start_notification      
00005909  inv_execute_on_data                     
00007581  inv_fast_nomot_get_time_elaps           
00007249  inv_fast_nomot_parameter                
00007255  inv_fast_nomot_parameter_3rd            
0000758d  inv_fast_nomot_parameter_compass        
00007555  inv_fast_nomot_reset_data_compass       
00007335  inv_fast_nomot_set_gyro_bias            
00007469  inv_fast_nomot_store_data               
00007509  inv_fast_nomot_store_data_compass       
00009989  inv_filter_correction_angle             
00007d61  inv_fnm_debug_print                     
00007fe1  inv_generate_accel_gyro_quaternion      
0000790d  inv_generate_fast_nomot                 
00007fa5  inv_generate_gyro_quaternion            
00008dc9  inv_generate_hal_outputs                
0000b061  inv_generate_results                    
0000af89  inv_get_6axis_quaternion                
0000ae49  inv_get_acc_state                       
0000b1e1  inv_get_accel                           
00005c83  inv_get_accel_accuracy                  
00005479  inv_get_accel_bias                      
0000b205  inv_get_accel_float                     
00005049  inv_get_accel_on                        
00005ca5  inv_get_accel_orient                    
00004fbb  inv_get_accel_sample_rate_ms            
00004ee1  inv_get_accel_sensitivity               
00005b31  inv_get_accel_set                       
00005285  inv_get_compass_bias                    
0000b16f  inv_get_compass_bias_error              
0000ae17  inv_get_compass_correction              
000052f1  inv_get_compass_disturbance             
0000502d  inv_get_compass_on                      
00004fcd  inv_get_compass_sample_rate_ms          
00004ee7  inv_get_compass_sensitivity             
00005bf5  inv_get_compass_set                     
00005e09  inv_get_compass_soft_iron_input_data    
00005cbd  inv_get_compass_soft_iron_matrix_d      
00005d3d  inv_get_compass_soft_iron_matrix_f      
00005dd1  inv_get_compass_soft_iron_output_data   
0000b155  inv_get_compass_state                   
00003c13  inv_get_cross_product_vec               
00007449  inv_get_fast_nomot_accel_param          
00007429  inv_get_fast_nomot_compass_param        
00007d55  inv_get_fnm_gyro_no_motion_param        
0000af1d  inv_get_gravity                         
00005bdd  inv_get_gyro                            
00005c6d  inv_get_gyro_accuracy                   
00005453  inv_get_gyro_bias                       
00005433  inv_get_gyro_bias_tc_set                
0000b26b  inv_get_gyro_float                      
0000503b  inv_get_gyro_on                         
00005c8d  inv_get_gyro_orient                     
00004fa9  inv_get_gyro_sample_rate_ms             
00004edb  inv_get_gyro_sensitivity                
00005b69  inv_get_gyro_set                        
00005ba1  inv_get_gyro_set_raw                    
00002919  inv_get_gyro_sum_of_sqr                 
0000b86d  inv_get_gyro_ts                         
0000b2e5  inv_get_heading_confidence_interval     
0000ae33  inv_get_large_mag_field                 
00005057  inv_get_last_timestamp                  
0000b18d  inv_get_linear_accel                    
0000b2ed  inv_get_linear_accel_float              
0000aee1  inv_get_local_field                     
00005c73  inv_get_mag_accuracy                    
0000af09  inv_get_mag_scale                       
0000a74d  inv_get_magnetic_disturbance_state      
0000eb1f  inv_get_message_level_0                 
0000ae5f  inv_get_motion_state                    
0000c869  inv_get_mpl_state_size                  
0000af9b  inv_get_quaternion                      
0000afcb  inv_get_quaternion_float                
0000b011  inv_get_quaternion_set                  
000075a5  inv_get_right_shift_by_rounding         
0000a759  inv_get_sensor_type_accel               
000087e1  inv_get_sensor_type_accelerometer       
0000a79d  inv_get_sensor_type_compass             
0000a8e5  inv_get_sensor_type_euler               
000088ed  inv_get_sensor_type_gravity             
0000a77b  inv_get_sensor_type_gyro                
0000896d  inv_get_sensor_type_gyroscope           
000089e9  inv_get_sensor_type_gyroscope_raw       
0000a7ed  inv_get_sensor_type_heading             
0000885d  inv_get_sensor_type_linear_acceleration 
00008b8b  inv_get_sensor_type_magnetic_field      
00008d79  inv_get_sensor_type_orientation         
0000a7bf  inv_get_sensor_type_quat                
0000abb1  inv_get_sensor_type_rot_mat             
00008a6d  inv_get_sensor_type_rotation_vector     
00005c3d  inv_get_temp_set                        
0000dfe7  inv_get_version                         
0000b109  inv_got_accel_bias                      
0000b125  inv_got_compass_bias                    
000056ed  inv_gyro_was_turned_off                 
0000a02d  inv_init_9x_fusion                      
00003af9  inv_init_biquad_filter                  
00004ead  inv_init_data_builder                   
00007ca9  inv_init_fast_nomot                     
0000b805  inv_init_gyro_ts                        
00009059  inv_init_hal_outputs                    
0000a101  inv_init_magnetic_disturbance           
00007171  inv_init_maxmin                         
0000df8f  inv_init_mpl                            
00008785  inv_init_quaternion                     
0000b0a1  inv_init_results_holder                 
0000e04d  inv_init_start_manager                  
0000c7bd  inv_init_storage_manager                
000033e5  inv_int16_to_big8                       
00003349  inv_int32_to_big8                       
000033c7  inv_little8_to_int16                    
0000c8b7  inv_load_mpl_states                     
0000a715  inv_magnetic_disturbance_process        
0000357d  inv_matrix_det                          
0000340d  inv_matrix_det_inc                      
000034bd  inv_matrix_det_incd                     
00003641  inv_matrix_detd                         
0000513d  inv_matrix_vector_mult                  
000038cd  inv_orientation_matrix_to_scalar        
00009b79  inv_perform_9x_fusion                   
0000b8ad  inv_print_gtc_data                      
00009f95  inv_process_9x_sensor_fusion_cb         
00002957  inv_q29_mult                            
000029a3  inv_q30_div                             
0000297d  inv_q30_mult                            
00002b09  inv_q_add                               
00002e85  inv_q_addf                              
00002c5d  inv_q_invert                            
00003189  inv_q_invertf                           
000029f1  inv_q_mult                              
00002d55  inv_q_multf                             
000030c7  inv_q_norm4                             
00002c4f  inv_q_normalize                         
00002f15  inv_q_normalizef                        
00002d09  inv_q_rotate                            
000029cf  inv_q_shift_mult                        
000056e1  inv_quaternion_sensor_was_turned_off    
000031c5  inv_quaternion_to_rotation              
000032f9  inv_quaternion_to_rotation_vector       
0000768d  inv_record_max_moment_in_no_motion_accel
00007659  inv_record_max_moment_in_no_motion_gyro 
000076f5  inv_record_min_moment_in_motion_accel   
000076c1  inv_record_min_moment_in_motion_gyro    
00005739  inv_register_data_cb                    
0000c7d3  inv_register_load_store                 
0000e0c5  inv_register_mpl_start_notification     
00005eb5  inv_reset_compass_soft_iron_matrix      
00007625  inv_reset_min_max_gyro_accel_statistics 
0000c9b3  inv_save_mpl_states                     
0000786d  inv_sensor_data_preprocess              
0000ae4f  inv_set_acc_state                       
0000534d  inv_set_accel_accuracy                  
0000500d  inv_set_accel_bandwidth                 
00005309  inv_set_accel_bias                      
0000b115  inv_set_accel_bias_found                
00005379  inv_set_accel_bias_mask                 
000050db  inv_set_accel_orientation_and_scale     
00004f49  inv_set_accel_sample_rate               
0000501d  inv_set_compass_bandwidth               
000052a5  inv_set_compass_bias                    
0000b15b  inv_set_compass_bias_error              
0000b135  inv_set_compass_bias_found              
0000aded  inv_set_compass_correction              
000052e1  inv_set_compass_disturbance             
000050ed  inv_set_compass_orientation_and_scale   
00004f79  inv_set_compass_sample_rate             
00005e41  inv_set_compass_soft_iron_input_data    
00005cf9  inv_set_compass_soft_iron_matrix_d      
00005d71  inv_set_compass_soft_iron_matrix_f      
0000b145  inv_set_compass_state                   
00007c59  inv_set_default_number_of_samples       
0000741d  inv_set_fast_nomot_accel_threshold      
00007405  inv_set_fast_nomot_compass_threshold    
0000b83d  inv_set_gtc_max_temp                    
0000b85d  inv_set_gtc_min_diff                    
0000b84d  inv_set_gtc_min_temp                    
0000b895  inv_set_gtc_order                       
00004ffd  inv_set_gyro_bandwidth                  
000053d5  inv_set_gyro_bias                       
00004f07  inv_set_gyro_orientation_and_scale      
00004f19  inv_set_gyro_sample_rate                
0000b891  inv_set_gyro_ts                         
0000b2d3  inv_set_heading_confidence_interval     
0000ae39  inv_set_large_mag_field                 
0000aecd  inv_set_local_field                     
0000aef5  inv_set_mag_scale                       
0000a0e9  inv_set_magnetic_disturbance            
0000eaf9  inv_set_message                         
0000ae75  inv_set_motion_state                    
00004fdf  inv_set_quat_sample_rate                
00007fb1  inv_set_quaternion                      
00009979  inv_start_9x_sensor_fusion              
00007209  inv_start_fast_nomot                    
0000b38d  inv_start_gyro_tc                       
0000903d  inv_start_hal_outputs                   
0000a0d9  inv_start_magnetic_disturbance          
0000dff9  inv_start_mpl                           
00007e39  inv_start_quaternion                    
0000b079  inv_start_results_holder                
0000a099  inv_stop_9x_sensor_fusion               
00007d11  inv_stop_fast_nomot                     
0000b8b1  inv_stop_gyro_tc                        
00009029  inv_stop_hal_outputs                    
0000a14d  inv_stop_magnetic_disturbance           
00008779  inv_stop_quaternion                     
0000adc3  inv_store_gaming_quaternion             
000056f5  inv_temperature_was_turned_off          
0000a1bd  inv_track_dip_angle                     
00005881  inv_unregister_data_cb                  
0000e05d  inv_unregister_mpl_start_notification   
00003aab  inv_vector_norm                         
00002b55  inv_vector_normalize                    
00003731  inv_wrap_angle                          
0000dd71  ldexp                                   
0000dd71  ldexpl                                  
0000e929  ltoa                                    
20000ad8  mag_disturb                             
0000d059  main                                    
20000f7c  main_func_sp                            
0000ed33  memccpy                                 
0000eccd  memcmp                                  
0000e3d5  memcpy                                  
0000ecf1  memmove                                 
0000e585  memset                                  
00003c93  mlMatrixVectorMult                      
0000fbde  ml_ver                                  
20000f74  mpl_key                                 
0000118d  mpu_configure_fifo                      
00000da5  mpu_get_accel_fsr                       
00000553  mpu_get_accel_reg                       
00001115  mpu_get_accel_sens                      
000026b5  mpu_get_compass_fsr                     
000026a5  mpu_get_compass_reg                     
00001093  mpu_get_compass_sample_rate             
00002691  mpu_get_dmp_state                       
00001175  mpu_get_fifo_config                     
00000cb7  mpu_get_gyro_fsr                        
000004dd  mpu_get_gyro_reg                        
000010c5  mpu_get_gyro_sens                       
00001355  mpu_get_int_status                      
00000e95  mpu_get_lpf                             
0000121f  mpu_get_power_state                     
00000fb9  mpu_get_sample_rate                     
00000605  mpu_get_temperature                     
000002ab  mpu_init                                
000024e1  mpu_load_firmware                       
000003dd  mpu_lp_accel_mode                       
000026cd  mpu_lp_motion_interrupt                 
00000731  mpu_read_6050_accel_bias                
000006ab  mpu_read_6500_accel_bias                
000007bd  mpu_read_6500_gyro_bias                 
000013b5  mpu_read_fifo                           
00001655  mpu_read_fifo_stream                    
00002449  mpu_read_mem                            
00000259  mpu_read_reg                            
000001f9  mpu_reg_dump                            
00000ae5  mpu_reset_fifo                          
00002239  mpu_run_self_test                       
0000091d  mpu_set_accel_bias_6050_reg             
000009ff  mpu_set_accel_bias_6500_reg             
00000e05  mpu_set_accel_fsr                       
0000173d  mpu_set_bypass                          
000010ad  mpu_set_compass_sample_rate             
000025fd  mpu_set_dmp_state                       
0000083f  mpu_set_gyro_bias_reg                   
00000d0d  mpu_set_gyro_fsr                        
000018bd  mpu_set_int_latched                     
000018a7  mpu_set_int_level                       
00000f11  mpu_set_lpf                             
00000fdd  mpu_set_sample_rate                     
0000124d  mpu_set_sensors                         
000096f5  mpu_setup                               
000023b5  mpu_write_mem                           
0000e1e5  pin_int_cb                              
0000e671  printf                                  
00002c8f  quaternion_to_rotation_angle            
000090f5  read_from_mpl                           
0000fbc0  reg                                     
00009489  run_self_test                           
200008cc  s9axis                                  
0000dd71  scalbn                                  
0000dd71  scalbnl                                 
00004eed  set_sensor_orientation_and_scale        
0000de6d  setup_timer                             
0000e295  sinf                                    
0000d501  sqrt                                    
0000ec81  sqrtf                                   
0000d501  sqrtl                                   
0000ed99  strchr                                  
0000edd9  strlen                                  
0000def7  systic_handler                          
0000fb54  test                                    
0000fb7c  uartConfig                              
0000ebd1  vsprintf                                


GLOBAL SYMBOLS: SORTED BY Symbol Address 

address   name                                    
-------   ----                                    
00000000  __TI_static_base__                      
00000000  interruptVectors                        
000001f9  mpu_reg_dump                            
00000200  __STACK_SIZE                            
00000259  mpu_read_reg                            
000002ab  mpu_init                                
000003dd  mpu_lp_accel_mode                       
000004dd  mpu_get_gyro_reg                        
00000553  mpu_get_accel_reg                       
00000605  mpu_get_temperature                     
000006ab  mpu_read_6500_accel_bias                
00000731  mpu_read_6050_accel_bias                
000007bd  mpu_read_6500_gyro_bias                 
0000083f  mpu_set_gyro_bias_reg                   
0000091d  mpu_set_accel_bias_6050_reg             
000009ff  mpu_set_accel_bias_6500_reg             
00000ae5  mpu_reset_fifo                          
00000cb7  mpu_get_gyro_fsr                        
00000d0d  mpu_set_gyro_fsr                        
00000da5  mpu_get_accel_fsr                       
00000e05  mpu_set_accel_fsr                       
00000e95  mpu_get_lpf                             
00000f11  mpu_set_lpf                             
00000fb9  mpu_get_sample_rate                     
00000fdd  mpu_set_sample_rate                     
00001093  mpu_get_compass_sample_rate             
000010ad  mpu_set_compass_sample_rate             
000010c5  mpu_get_gyro_sens                       
00001115  mpu_get_accel_sens                      
00001175  mpu_get_fifo_config                     
0000118d  mpu_configure_fifo                      
0000121f  mpu_get_power_state                     
0000124d  mpu_set_sensors                         
00001355  mpu_get_int_status                      
000013b5  mpu_read_fifo                           
00001655  mpu_read_fifo_stream                    
0000173d  mpu_set_bypass                          
000018a7  mpu_set_int_level                       
000018bd  mpu_set_int_latched                     
00002239  mpu_run_self_test                       
000023b5  mpu_write_mem                           
00002449  mpu_read_mem                            
000024e1  mpu_load_firmware                       
000025fd  mpu_set_dmp_state                       
00002691  mpu_get_dmp_state                       
000026a5  mpu_get_compass_reg                     
000026b5  mpu_get_compass_fsr                     
000026cd  mpu_lp_motion_interrupt                 
00002857  inv_compass_angle                       
00002919  inv_get_gyro_sum_of_sqr                 
00002957  inv_q29_mult                            
0000297d  inv_q30_mult                            
000029a3  inv_q30_div                             
000029cf  inv_q_shift_mult                        
000029f1  inv_q_mult                              
00002b09  inv_q_add                               
00002b55  inv_vector_normalize                    
00002c4f  inv_q_normalize                         
00002c5d  inv_q_invert                            
00002c8f  quaternion_to_rotation_angle            
00002d09  inv_q_rotate                            
00002d55  inv_q_multf                             
00002e85  inv_q_addf                              
00002f15  inv_q_normalizef                        
000030c7  inv_q_norm4                             
00003189  inv_q_invertf                           
000031c5  inv_quaternion_to_rotation              
000032f9  inv_quaternion_to_rotation_vector       
00003349  inv_int32_to_big8                       
0000337f  inv_big8_to_int32                       
000033a9  inv_big8_to_int16                       
000033c7  inv_little8_to_int16                    
000033e5  inv_int16_to_big8                       
0000340d  inv_matrix_det_inc                      
000034bd  inv_matrix_det_incd                     
0000357d  inv_matrix_det                          
00003641  inv_matrix_detd                         
00003731  inv_wrap_angle                          
00003781  inv_angle_diff                          
00003803  inv_checksum                            
000038cd  inv_orientation_matrix_to_scalar        
00003911  inv_convert_to_body                     
0000398d  inv_convert_to_chip                     
00003a19  inv_convert_to_body_with_scale          
00003aab  inv_vector_norm                         
00003af9  inv_init_biquad_filter                  
00003b39  inv_calc_state_to_match_output          
00003b81  inv_biquad_filter_process               
00003c13  inv_get_cross_product_vec               
00003c93  mlMatrixVectorMult                      
00004549  __TI_printfi                            
00004e43  __aeabi_ldiv0                           
00004ead  inv_init_data_builder                   
00004edb  inv_get_gyro_sensitivity                
00004ee1  inv_get_accel_sensitivity               
00004ee7  inv_get_compass_sensitivity             
00004eed  set_sensor_orientation_and_scale        
00004f07  inv_set_gyro_orientation_and_scale      
00004f19  inv_set_gyro_sample_rate                
00004f49  inv_set_accel_sample_rate               
00004f79  inv_set_compass_sample_rate             
00004fa9  inv_get_gyro_sample_rate_ms             
00004fbb  inv_get_accel_sample_rate_ms            
00004fcd  inv_get_compass_sample_rate_ms          
00004fdf  inv_set_quat_sample_rate                
00004ffd  inv_set_gyro_bandwidth                  
0000500d  inv_set_accel_bandwidth                 
0000501d  inv_set_compass_bandwidth               
0000502d  inv_get_compass_on                      
0000503b  inv_get_gyro_on                         
00005049  inv_get_accel_on                        
00005057  inv_get_last_timestamp                  
000050db  inv_set_accel_orientation_and_scale     
000050ed  inv_set_compass_orientation_and_scale   
0000513d  inv_matrix_vector_mult                  
000051fd  inv_apply_calibration                   
00005285  inv_get_compass_bias                    
000052a5  inv_set_compass_bias                    
000052e1  inv_set_compass_disturbance             
000052f1  inv_get_compass_disturbance             
00005309  inv_set_accel_bias                      
0000534d  inv_set_accel_accuracy                  
00005379  inv_set_accel_bias_mask                 
000053d5  inv_set_gyro_bias                       
00005433  inv_get_gyro_bias_tc_set                
00005453  inv_get_gyro_bias                       
00005479  inv_get_accel_bias                      
000054a5  inv_build_accel                         
0000554d  inv_build_gyro                          
00005599  inv_build_compass                       
0000564d  inv_build_temp                          
00005689  inv_build_quat                          
000056c9  inv_accel_was_turned_off                
000056d5  inv_compass_was_turned_off              
000056e1  inv_quaternion_sensor_was_turned_off    
000056ed  inv_gyro_was_turned_off                 
000056f5  inv_temperature_was_turned_off          
00005739  inv_register_data_cb                    
00005881  inv_unregister_data_cb                  
00005909  inv_execute_on_data                     
00005b31  inv_get_accel_set                       
00005b69  inv_get_gyro_set                        
00005ba1  inv_get_gyro_set_raw                    
00005bdd  inv_get_gyro                            
00005bf5  inv_get_compass_set                     
00005c3d  inv_get_temp_set                        
00005c6d  inv_get_gyro_accuracy                   
00005c73  inv_get_mag_accuracy                    
00005c83  inv_get_accel_accuracy                  
00005c8d  inv_get_gyro_orient                     
00005ca5  inv_get_accel_orient                    
00005cbd  inv_get_compass_soft_iron_matrix_d      
00005cf9  inv_set_compass_soft_iron_matrix_d      
00005d3d  inv_get_compass_soft_iron_matrix_f      
00005d71  inv_set_compass_soft_iron_matrix_f      
00005dd1  inv_get_compass_soft_iron_output_data   
00005e09  inv_get_compass_soft_iron_input_data    
00005e41  inv_set_compass_soft_iron_input_data    
00005eb5  inv_reset_compass_soft_iron_matrix      
00005f19  inv_enable_compass_soft_iron_matrix     
00005f25  inv_disable_compass_soft_iron_matrix    
00005f4d  dmp_load_motion_driver_firmware         
00005f61  dmp_set_orientation                     
000060e9  dmp_set_gyro_bias                       
00006245  dmp_set_accel_bias                      
0000638d  dmp_set_fifo_rate                       
0000640d  dmp_get_fifo_rate                       
00006425  dmp_set_tap_thresh                      
0000662d  dmp_set_tap_axes                        
00006685  dmp_set_tap_count                       
000066c9  dmp_set_tap_time                        
00006701  dmp_set_tap_time_multi                  
0000673d  dmp_set_shake_reject_thresh             
00006799  dmp_set_shake_reject_time               
000067dd  dmp_set_shake_reject_timeout            
0000682d  dmp_get_pedometer_step_count            
00006879  dmp_set_pedometer_step_count            
000068b3  dmp_get_pedometer_walk_time             
000068ff  dmp_set_pedometer_walk_time             
00006943  dmp_enable_feature                      
00006b9d  dmp_get_enabled_features                
00006bb1  dmp_enable_gyro_cal                     
00006c01  dmp_enable_lp_quat                      
00006c43  dmp_enable_6x_lp_quat                   
00006cfb  dmp_set_interrupt_mode                  
00006d5d  dmp_read_fifo                           
00006f9d  dmp_register_tap_cb                     
00006faf  dmp_register_android_orient_cb          
00007171  inv_init_maxmin                         
00007209  inv_start_fast_nomot                    
00007249  inv_fast_nomot_parameter                
00007255  inv_fast_nomot_parameter_3rd            
00007335  inv_fast_nomot_set_gyro_bias            
00007405  inv_set_fast_nomot_compass_threshold    
00007411  int_set_fast_nomot_gyro_threshold       
0000741d  inv_set_fast_nomot_accel_threshold      
00007429  inv_get_fast_nomot_compass_param        
00007449  inv_get_fast_nomot_accel_param          
00007469  inv_fast_nomot_store_data               
00007509  inv_fast_nomot_store_data_compass       
00007555  inv_fast_nomot_reset_data_compass       
00007581  inv_fast_nomot_get_time_elaps           
0000758d  inv_fast_nomot_parameter_compass        
000075a5  inv_get_right_shift_by_rounding         
00007625  inv_reset_min_max_gyro_accel_statistics 
00007659  inv_record_max_moment_in_no_motion_gyro 
0000768d  inv_record_max_moment_in_no_motion_accel
000076c1  inv_record_min_moment_in_motion_gyro    
000076f5  inv_record_min_moment_in_motion_accel   
00007729  inv_detect_motion_by_gyro_accel         
0000786d  inv_sensor_data_preprocess              
0000790d  inv_generate_fast_nomot                 
00007c59  inv_set_default_number_of_samples       
00007ca9  inv_init_fast_nomot                     
00007d11  inv_stop_fast_nomot                     
00007d29  inv_enable_fast_nomot                   
00007d41  inv_disable_fast_nomot                  
00007d55  inv_get_fnm_gyro_no_motion_param        
00007d61  inv_fnm_debug_print                     
00007d65  _system_pre_init                        
00007e39  inv_start_quaternion                    
00007fa5  inv_generate_gyro_quaternion            
00007fb1  inv_set_quaternion                      
00007fe1  inv_generate_accel_gyro_quaternion      
00008779  inv_stop_quaternion                     
00008785  inv_init_quaternion                     
000087a9  inv_enable_quaternion                   
000087c1  inv_disable_quaternion                  
000087e1  inv_get_sensor_type_accelerometer       
0000885d  inv_get_sensor_type_linear_acceleration 
000088ed  inv_get_sensor_type_gravity             
0000896d  inv_get_sensor_type_gyroscope           
000089e9  inv_get_sensor_type_gyroscope_raw       
00008a6d  inv_get_sensor_type_rotation_vector     
00008b8b  inv_get_sensor_type_magnetic_field      
00008d79  inv_get_sensor_type_orientation         
00008dc9  inv_generate_hal_outputs                
00009029  inv_stop_hal_outputs                    
0000903d  inv_start_hal_outputs                   
00009059  inv_init_hal_outputs                    
00009095  inv_enable_hal_outputs                  
000090b1  inv_disable_hal_outputs                 
000090f5  read_from_mpl                           
00009489  run_self_test                           
000096f5  mpu_setup                               
00009979  inv_start_9x_sensor_fusion              
00009989  inv_filter_correction_angle             
00009b79  inv_perform_9x_fusion                   
00009f95  inv_process_9x_sensor_fusion_cb         
0000a02d  inv_init_9x_fusion                      
0000a069  inv_9x_fusion_set_mag_fb                
0000a079  inv_9x_fusion_enable_jitter_reduction   
0000a089  inv_9x_fusion_use_timestamps            
0000a099  inv_stop_9x_sensor_fusion               
0000a0a5  inv_enable_9x_sensor_fusion             
0000a0c9  inv_disable_9x_sensor_fusion            
0000a0d9  inv_start_magnetic_disturbance          
0000a0e9  inv_set_magnetic_disturbance            
0000a101  inv_init_magnetic_disturbance           
0000a14d  inv_stop_magnetic_disturbance           
0000a159  inv_enable_magnetic_disturbance         
0000a185  inv_disable_magnetic_disturbance        
0000a19d  inv_disable_dip_tracking                
0000a1ad  inv_enable_dip_tracking                 
0000a1bd  inv_track_dip_angle                     
0000a255  ComputeAngleVelocity                    
0000a2b5  Mag3ofNormalizedLong                    
0000a309  MagDisturbSetDisturbance                
0000a389  MagDisturbCheckSettling                 
0000a3e1  inv_check_magnetic_disturbance          
0000a715  inv_magnetic_disturbance_process        
0000a74d  inv_get_magnetic_disturbance_state      
0000a759  inv_get_sensor_type_accel               
0000a77b  inv_get_sensor_type_gyro                
0000a79d  inv_get_sensor_type_compass             
0000a7bf  inv_get_sensor_type_quat                
0000a7ed  inv_get_sensor_type_heading             
0000a8e5  inv_get_sensor_type_euler               
0000abb1  inv_get_sensor_type_rot_mat             
0000ad51  inv_enable_eMPL_outputs                 
0000ad69  inv_disable_eMPL_outputs                
0000adc3  inv_store_gaming_quaternion             
0000aded  inv_set_compass_correction              
0000ae17  inv_get_compass_correction              
0000ae33  inv_get_large_mag_field                 
0000ae39  inv_set_large_mag_field                 
0000ae49  inv_get_acc_state                       
0000ae4f  inv_set_acc_state                       
0000ae5f  inv_get_motion_state                    
0000ae75  inv_set_motion_state                    
0000aecd  inv_set_local_field                     
0000aee1  inv_get_local_field                     
0000aef5  inv_set_mag_scale                       
0000af09  inv_get_mag_scale                       
0000af1d  inv_get_gravity                         
0000af89  inv_get_6axis_quaternion                
0000af9b  inv_get_quaternion                      
0000afcb  inv_get_quaternion_float                
0000b011  inv_get_quaternion_set                  
0000b061  inv_generate_results                    
0000b079  inv_start_results_holder                
0000b0a1  inv_init_results_holder                 
0000b0ed  inv_enable_results_holder               
0000b109  inv_got_accel_bias                      
0000b115  inv_set_accel_bias_found                
0000b125  inv_got_compass_bias                    
0000b135  inv_set_compass_bias_found              
0000b145  inv_set_compass_state                   
0000b155  inv_get_compass_state                   
0000b15b  inv_set_compass_bias_error              
0000b16f  inv_get_compass_bias_error              
0000b18d  inv_get_linear_accel                    
0000b1e1  inv_get_accel                           
0000b205  inv_get_accel_float                     
0000b26b  inv_get_gyro_float                      
0000b2d3  inv_set_heading_confidence_interval     
0000b2e5  inv_get_heading_confidence_interval     
0000b2ed  inv_get_linear_accel_float              
0000b38d  inv_start_gyro_tc                       
0000b805  inv_init_gyro_ts                        
0000b83d  inv_set_gtc_max_temp                    
0000b84d  inv_set_gtc_min_temp                    
0000b85d  inv_set_gtc_min_diff                    
0000b86d  inv_get_gyro_ts                         
0000b891  inv_set_gyro_ts                         
0000b895  inv_set_gtc_order                       
0000b8ad  inv_print_gtc_data                      
0000b8b1  inv_stop_gyro_tc                        
0000b8bd  inv_enable_gyro_tc                      
0000b8fd  inv_disable_gyro_tc                     
0000b92d  acos                                    
0000b92d  acosl                                   
0000bd4d  i2c_enable                              
0000bdb1  i2c_disable                             
0000bdb5  i2c_write                               
0000be67  i2c_read                                
0000bf95  I2C_IRQHandler                          
0000c12d  _MLPrintLog                             
0000c221  eMPL_send_quat                          
0000c2dd  eMPL_send_data                          
0000c495  SystemCoreClockUpdate                   
0000c709  SystemInit                              
0000c7bd  inv_init_storage_manager                
0000c7d3  inv_register_load_store                 
0000c869  inv_get_mpl_state_size                  
0000c8b7  inv_load_mpl_states                     
0000c9b3  inv_save_mpl_states                     
0000ca91  __aeabi_ldivmod                         
0000ccaf  __aeabi_uldivmod                        
0000cea3  __aeabi_dsub                            
0000cead  __aeabi_dadd                            
0000d059  main                                    
0000d1f5  acosf                                   
0000d389  asinf                                   
0000d501  sqrt                                    
0000d501  sqrtl                                   
0000d671  atan2f                                  
0000d7c9  atanf                                   
0000d919  __aeabi_ddiv                            
0000da4f  __mpu_init                              
0000da51  init_mpuUART                            
0000da7f  UART_OutChar                            
0000da9b  UART_InChar                             
0000dab5  fputc                                   
0000dacf  fgetc                                   
0000dad9  UART_OutString                          
0000db17  fputs                                   
0000db71  CS_getDCOFrequency                      
0000dc75  __aeabi_dmul                            
0000dd71  ldexp                                   
0000dd71  ldexpl                                  
0000dd71  scalbn                                  
0000dd71  scalbnl                                 
0000de6d  setup_timer                             
0000dea7  get_timestamp                           
0000dec3  delay_ms                                
0000def7  systic_handler                          
0000df8f  inv_init_mpl                            
0000dfe7  inv_get_version                         
0000dff9  inv_start_mpl                           
0000e04d  inv_init_start_manager                  
0000e05d  inv_unregister_mpl_start_notification   
0000e0c5  inv_register_mpl_start_notification     
0000e0f1  inv_execute_mpl_start_notification      
0000e131  cosf                                    
0000e1e5  pin_int_cb                              
0000e23f  PORT4_IRQHandler                        
0000e295  sinf                                    
0000e3d5  __aeabi_memcpy                          
0000e3d5  __aeabi_memcpy4                         
0000e3d5  __aeabi_memcpy8                         
0000e3d5  memcpy                                  
0000e471  __aeabi_cdcmpeq                         
0000e471  __aeabi_cdcmple                         
0000e4f7  __aeabi_cdrcmple                        
0000e57d  __aeabi_memclr                          
0000e57d  __aeabi_memclr4                         
0000e57d  __aeabi_memclr8                         
0000e57f  __aeabi_memset                          
0000e57f  __aeabi_memset4                         
0000e57f  __aeabi_memset8                         
0000e585  memset                                  
0000e5f7  _system_post_cinit                      
0000e5f9  __TI_auto_init                          
0000e671  printf                                  
0000e6d9  __aeabi_d2f                             
0000e747  __aeabi_f2lz                            
0000e7b3  __TI_decompress_lzss                    
0000e81d  frexp                                   
0000e81d  frexpl                                  
0000e881  _c_int00                                
0000e8d5  C$$EXIT                                 
0000e8d9  abort                                   
0000e8e1  exit                                    
0000e929  ltoa                                    
0000e97d  SysCtl_getTLVInfo                       
0000ea19  atoi                                    
0000ea65  copy_in                                 
0000eaf9  inv_set_message                         
0000eb1f  inv_get_message_level_0                 
0000eb41  __aeabi_d2iz                            
0000eb89  __aeabi_l2f                             
0000ebd1  vsprintf                                
0000ec19  __aeabi_f2d                             
0000ec51  __aeabi_i2d                             
0000ec81  sqrtf                                   
0000eca9  CS_clearInterruptFlag                   
0000eccd  memcmp                                  
0000ecf1  memmove                                 
0000ed15  __aeabi_lasr                            
0000ed33  memccpy                                 
0000ed51  CS_getMCLK                              
0000ed69  _args_main                              
0000ed81  __aeabi_lmul                            
0000ed99  strchr                                  
0000edb1  _register_unlock                        
0000edb7  _register_lock                          
0000edbf  _nop                                    
0000edc5  copysign                                
0000edc5  copysignl                               
0000edd9  strlen                                  
0000edff  __aeabi_dcmpgt                          
0000ee0d  __TI_decompress_none                    
0000ee1b  __TI_zero_init                          
0000fa1e  _ctypes_                                
0000fb54  test                                    
0000fb7c  uartConfig                              
0000fbc0  reg                                     
0000fbde  ml_ver                                  
0000fbf4  i2cConfig                               
0000fc3c  hw                                      
0000fcf4  __TI_Handler_Table_Base                 
0000fd00  __TI_Handler_Table_Limit                
0000fd08  __TI_CINIT_Base                         
0000fd18  __TI_CINIT_Limit                        
20000000  fnm                                     
200008cc  s9axis                                  
20000ad8  mag_disturb                             
20000dfc  _ftable                                 
20000f18  compass_low_pass_filter_coeff           
20000f3c  __TI_cleanup_ptr                        
20000f40  __TI_dtors_ptr                          
20000f44  __TI_enable_exit_profile_output         
20000f6c  _lock                                   
20000f70  _unlock                                 
20000f74  mpl_key                                 
20000f78  errno                                   
20000f7c  main_func_sp                            
20000f80  SystemCoreClock                         
2000fe00  __stack                                 
20010000  __STACK_END                             
4000480c  WDTCTL_SYM                              
ffffffff  __TI_pprof_out_hndl                     
ffffffff  __TI_prof_data_size                     
ffffffff  __TI_prof_data_start                    
ffffffff  __binit__                               
ffffffff  __c_args__                              
ffffffff  binit                                   
UNDEFED   SHT$$INIT_ARRAY$$Base                   
UNDEFED   SHT$$INIT_ARRAY$$Limit                  

[480 symbols]
