<?xml version="1.0"?>
<link_info>
   <banner>TI ARM Linker PC v16.9.3.LTS</banner>
   <copyright>Copyright (c) 1996-2017 Texas Instruments Incorporated</copyright>
   <link_time>0x59558ecb</link_time>
   <link_errors>0x0</link_errors>
   <output_file>MPU6050_msp432.out</output_file>
   <entry_point>
      <name>_c_int00</name>
      <address>0xe8b9</address>
   </entry_point>
   <input_file_list>
      <input_file id="fl-2">
         <path>.\</path>
         <kind>object</kind>
         <file>main.obj</file>
         <name>main.obj</name>
      </input_file>
      <input_file id="fl-3">
         <path>.\</path>
         <kind>object</kind>
         <file>startup_msp432p401r_ccs.obj</file>
         <name>startup_msp432p401r_ccs.obj</name>
      </input_file>
      <input_file id="fl-4">
         <path>.\</path>
         <kind>object</kind>
         <file>system_msp432p401r.obj</file>
         <name>system_msp432p401r.obj</name>
      </input_file>
      <input_file id="fl-5">
         <path>.\drivers\eMPL\</path>
         <kind>object</kind>
         <file>inv_mpu.obj</file>
         <name>inv_mpu.obj</name>
      </input_file>
      <input_file id="fl-6">
         <path>.\drivers\eMPL\</path>
         <kind>object</kind>
         <file>inv_mpu_dmp_motion_driver.obj</file>
         <name>inv_mpu_dmp_motion_driver.obj</name>
      </input_file>
      <input_file id="fl-7">
         <path>.\eMPL-hal\</path>
         <kind>object</kind>
         <file>eMPL_outputs.obj</file>
         <name>eMPL_outputs.obj</name>
      </input_file>
      <input_file id="fl-8">
         <path>.\mllite\</path>
         <kind>object</kind>
         <file>data_builder.obj</file>
         <name>data_builder.obj</name>
      </input_file>
      <input_file id="fl-9">
         <path>.\mllite\</path>
         <kind>object</kind>
         <file>hal_outputs.obj</file>
         <name>hal_outputs.obj</name>
      </input_file>
      <input_file id="fl-a">
         <path>.\mllite\</path>
         <kind>object</kind>
         <file>message_layer.obj</file>
         <name>message_layer.obj</name>
      </input_file>
      <input_file id="fl-b">
         <path>.\mllite\</path>
         <kind>object</kind>
         <file>ml_math_func.obj</file>
         <name>ml_math_func.obj</name>
      </input_file>
      <input_file id="fl-c">
         <path>.\mllite\</path>
         <kind>object</kind>
         <file>mlmath.obj</file>
         <name>mlmath.obj</name>
      </input_file>
      <input_file id="fl-d">
         <path>.\mllite\</path>
         <kind>object</kind>
         <file>mpl.obj</file>
         <name>mpl.obj</name>
      </input_file>
      <input_file id="fl-e">
         <path>.\mllite\</path>
         <kind>object</kind>
         <file>results_holder.obj</file>
         <name>results_holder.obj</name>
      </input_file>
      <input_file id="fl-f">
         <path>.\mllite\</path>
         <kind>object</kind>
         <file>start_manager.obj</file>
         <name>start_manager.obj</name>
      </input_file>
      <input_file id="fl-10">
         <path>.\mllite\</path>
         <kind>object</kind>
         <file>storage_manager.obj</file>
         <name>storage_manager.obj</name>
      </input_file>
      <input_file id="fl-11">
         <path>.\msp432Peripherals\mpuUart\</path>
         <kind>object</kind>
         <file>log_msp432.obj</file>
         <name>log_msp432.obj</name>
      </input_file>
      <input_file id="fl-12">
         <path>.\msp432Peripherals\mpuUart\</path>
         <kind>object</kind>
         <file>mpu_Uart.obj</file>
         <name>mpu_Uart.obj</name>
      </input_file>
      <input_file id="fl-13">
         <path>.\msp432Peripherals\</path>
         <kind>object</kind>
         <file>mpu_setup.obj</file>
         <name>mpu_setup.obj</name>
      </input_file>
      <input_file id="fl-14">
         <path>.\msp432Peripherals\</path>
         <kind>object</kind>
         <file>msp432_Clock.obj</file>
         <name>msp432_Clock.obj</name>
      </input_file>
      <input_file id="fl-15">
         <path>.\msp432Peripherals\</path>
         <kind>object</kind>
         <file>msp432_I2C.obj</file>
         <name>msp432_I2C.obj</name>
      </input_file>
      <input_file id="fl-16">
         <path>.\msp432Peripherals\</path>
         <kind>object</kind>
         <file>msp432_Interrupt.obj</file>
         <name>msp432_Interrupt.obj</name>
      </input_file>
      <input_file id="fl-1c">
         <kind>object</kind>
         <file>&lt;internal&gt;</file>
         <name>&lt;internal&gt;</name>
      </input_file>
      <input_file id="fl-1d">
         <path>C:\ti\msp\MSP432Ware_3_50_00_02\driverlib\driverlib\MSP432P4xx\ccs\</path>
         <kind>archive</kind>
         <file>msp432p4xx_driverlib.lib</file>
         <name>cs.o</name>
      </input_file>
      <input_file id="fl-1e">
         <path>C:\ti\msp\MSP432Ware_3_50_00_02\driverlib\driverlib\MSP432P4xx\ccs\</path>
         <kind>archive</kind>
         <file>msp432p4xx_driverlib.lib</file>
         <name>interrupt.o</name>
      </input_file>
      <input_file id="fl-1f">
         <path>C:\ti\msp\MSP432Ware_3_50_00_02\driverlib\driverlib\MSP432P4xx\ccs\</path>
         <kind>archive</kind>
         <file>msp432p4xx_driverlib.lib</file>
         <name>sysctl.o</name>
      </input_file>
      <input_file id="fl-20">
         <path>C:\ti\msp\MSP432Ware_3_50_00_02\driverlib\driverlib\MSP432P4xx\ccs\</path>
         <kind>archive</kind>
         <file>msp432p4xx_driverlib.lib</file>
         <name>cpu.o</name>
      </input_file>
      <input_file id="fl-d6">
         <path>D:\ti\ccsv7\tools\compiler\ti-cgt-arm_16.9.3.LTS\lib\</path>
         <kind>archive</kind>
         <file>rtsv7M4_T_le_v4SPD16_eabi.lib</file>
         <name>boot.obj</name>
      </input_file>
      <input_file id="fl-d7">
         <path>D:\ti\ccsv7\tools\compiler\ti-cgt-arm_16.9.3.LTS\lib\</path>
         <kind>archive</kind>
         <file>rtsv7M4_T_le_v4SPD16_eabi.lib</file>
         <name>copy_decompress_lzss.obj</name>
      </input_file>
      <input_file id="fl-d8">
         <path>D:\ti\ccsv7\tools\compiler\ti-cgt-arm_16.9.3.LTS\lib\</path>
         <kind>archive</kind>
         <file>rtsv7M4_T_le_v4SPD16_eabi.lib</file>
         <name>copy_decompress_none.obj</name>
      </input_file>
      <input_file id="fl-d9">
         <path>D:\ti\ccsv7\tools\compiler\ti-cgt-arm_16.9.3.LTS\lib\</path>
         <kind>archive</kind>
         <file>rtsv7M4_T_le_v4SPD16_eabi.lib</file>
         <name>copy_zero_init.obj</name>
      </input_file>
      <input_file id="fl-da">
         <path>D:\ti\ccsv7\tools\compiler\ti-cgt-arm_16.9.3.LTS\lib\</path>
         <kind>archive</kind>
         <file>rtsv7M4_T_le_v4SPD16_eabi.lib</file>
         <name>e_acos.obj</name>
      </input_file>
      <input_file id="fl-db">
         <path>D:\ti\ccsv7\tools\compiler\ti-cgt-arm_16.9.3.LTS\lib\</path>
         <kind>archive</kind>
         <file>rtsv7M4_T_le_v4SPD16_eabi.lib</file>
         <name>e_asin.obj</name>
      </input_file>
      <input_file id="fl-dc">
         <path>D:\ti\ccsv7\tools\compiler\ti-cgt-arm_16.9.3.LTS\lib\</path>
         <kind>archive</kind>
         <file>rtsv7M4_T_le_v4SPD16_eabi.lib</file>
         <name>e_asinf.obj</name>
      </input_file>
      <input_file id="fl-dd">
         <path>D:\ti\ccsv7\tools\compiler\ti-cgt-arm_16.9.3.LTS\lib\</path>
         <kind>archive</kind>
         <file>rtsv7M4_T_le_v4SPD16_eabi.lib</file>
         <name>e_atan2.obj</name>
      </input_file>
      <input_file id="fl-de">
         <path>D:\ti\ccsv7\tools\compiler\ti-cgt-arm_16.9.3.LTS\lib\</path>
         <kind>archive</kind>
         <file>rtsv7M4_T_le_v4SPD16_eabi.lib</file>
         <name>e_atan2f.obj</name>
      </input_file>
      <input_file id="fl-df">
         <path>D:\ti\ccsv7\tools\compiler\ti-cgt-arm_16.9.3.LTS\lib\</path>
         <kind>archive</kind>
         <file>rtsv7M4_T_le_v4SPD16_eabi.lib</file>
         <name>e_log.obj</name>
      </input_file>
      <input_file id="fl-e0">
         <path>D:\ti\ccsv7\tools\compiler\ti-cgt-arm_16.9.3.LTS\lib\</path>
         <kind>archive</kind>
         <file>rtsv7M4_T_le_v4SPD16_eabi.lib</file>
         <name>e_pow.obj</name>
      </input_file>
      <input_file id="fl-e1">
         <path>D:\ti\ccsv7\tools\compiler\ti-cgt-arm_16.9.3.LTS\lib\</path>
         <kind>archive</kind>
         <file>rtsv7M4_T_le_v4SPD16_eabi.lib</file>
         <name>e_sqrt.obj</name>
      </input_file>
      <input_file id="fl-e2">
         <path>D:\ti\ccsv7\tools\compiler\ti-cgt-arm_16.9.3.LTS\lib\</path>
         <kind>archive</kind>
         <file>rtsv7M4_T_le_v4SPD16_eabi.lib</file>
         <name>e_sqrtf.obj</name>
      </input_file>
      <input_file id="fl-e3">
         <path>D:\ti\ccsv7\tools\compiler\ti-cgt-arm_16.9.3.LTS\lib\</path>
         <kind>archive</kind>
         <file>rtsv7M4_T_le_v4SPD16_eabi.lib</file>
         <name>errno.obj</name>
      </input_file>
      <input_file id="fl-e4">
         <path>D:\ti\ccsv7\tools\compiler\ti-cgt-arm_16.9.3.LTS\lib\</path>
         <kind>archive</kind>
         <file>rtsv7M4_T_le_v4SPD16_eabi.lib</file>
         <name>exit.obj</name>
      </input_file>
      <input_file id="fl-e5">
         <path>D:\ti\ccsv7\tools\compiler\ti-cgt-arm_16.9.3.LTS\lib\</path>
         <kind>archive</kind>
         <file>rtsv7M4_T_le_v4SPD16_eabi.lib</file>
         <name>fd_add_t2.obj</name>
      </input_file>
      <input_file id="fl-e6">
         <path>D:\ti\ccsv7\tools\compiler\ti-cgt-arm_16.9.3.LTS\lib\</path>
         <kind>archive</kind>
         <file>rtsv7M4_T_le_v4SPD16_eabi.lib</file>
         <name>fd_cmp_t2.obj</name>
      </input_file>
      <input_file id="fl-e7">
         <path>D:\ti\ccsv7\tools\compiler\ti-cgt-arm_16.9.3.LTS\lib\</path>
         <kind>archive</kind>
         <file>rtsv7M4_T_le_v4SPD16_eabi.lib</file>
         <name>fd_div_t2.obj</name>
      </input_file>
      <input_file id="fl-e8">
         <path>D:\ti\ccsv7\tools\compiler\ti-cgt-arm_16.9.3.LTS\lib\</path>
         <kind>archive</kind>
         <file>rtsv7M4_T_le_v4SPD16_eabi.lib</file>
         <name>fd_mul_t2.obj</name>
      </input_file>
      <input_file id="fl-e9">
         <path>D:\ti\ccsv7\tools\compiler\ti-cgt-arm_16.9.3.LTS\lib\</path>
         <kind>archive</kind>
         <file>rtsv7M4_T_le_v4SPD16_eabi.lib</file>
         <name>fd_toi_t2.obj</name>
      </input_file>
      <input_file id="fl-ea">
         <path>D:\ti\ccsv7\tools\compiler\ti-cgt-arm_16.9.3.LTS\lib\</path>
         <kind>archive</kind>
         <file>rtsv7M4_T_le_v4SPD16_eabi.lib</file>
         <name>fd_tos_t2.obj</name>
      </input_file>
      <input_file id="fl-eb">
         <path>D:\ti\ccsv7\tools\compiler\ti-cgt-arm_16.9.3.LTS\lib\</path>
         <kind>archive</kind>
         <file>rtsv7M4_T_le_v4SPD16_eabi.lib</file>
         <name>fs_tod_t2.obj</name>
      </input_file>
      <input_file id="fl-ec">
         <path>D:\ti\ccsv7\tools\compiler\ti-cgt-arm_16.9.3.LTS\lib\</path>
         <kind>archive</kind>
         <file>rtsv7M4_T_le_v4SPD16_eabi.lib</file>
         <name>i_tofd_t2.obj</name>
      </input_file>
      <input_file id="fl-ed">
         <path>D:\ti\ccsv7\tools\compiler\ti-cgt-arm_16.9.3.LTS\lib\</path>
         <kind>archive</kind>
         <file>rtsv7M4_T_le_v4SPD16_eabi.lib</file>
         <name>ll_asr_t2.obj</name>
      </input_file>
      <input_file id="fl-ee">
         <path>D:\ti\ccsv7\tools\compiler\ti-cgt-arm_16.9.3.LTS\lib\</path>
         <kind>archive</kind>
         <file>rtsv7M4_T_le_v4SPD16_eabi.lib</file>
         <name>ll_div_t2.obj</name>
      </input_file>
      <input_file id="fl-ef">
         <path>D:\ti\ccsv7\tools\compiler\ti-cgt-arm_16.9.3.LTS\lib\</path>
         <kind>archive</kind>
         <file>rtsv7M4_T_le_v4SPD16_eabi.lib</file>
         <name>ll_mul_t2.obj</name>
      </input_file>
      <input_file id="fl-f0">
         <path>D:\ti\ccsv7\tools\compiler\ti-cgt-arm_16.9.3.LTS\lib\</path>
         <kind>archive</kind>
         <file>rtsv7M4_T_le_v4SPD16_eabi.lib</file>
         <name>memcmp.obj</name>
      </input_file>
      <input_file id="fl-f1">
         <path>D:\ti\ccsv7\tools\compiler\ti-cgt-arm_16.9.3.LTS\lib\</path>
         <kind>archive</kind>
         <file>rtsv7M4_T_le_v4SPD16_eabi.lib</file>
         <name>memcpy_t2.obj</name>
      </input_file>
      <input_file id="fl-f2">
         <path>D:\ti\ccsv7\tools\compiler\ti-cgt-arm_16.9.3.LTS\lib\</path>
         <kind>archive</kind>
         <file>rtsv7M4_T_le_v4SPD16_eabi.lib</file>
         <name>memmov.obj</name>
      </input_file>
      <input_file id="fl-f3">
         <path>D:\ti\ccsv7\tools\compiler\ti-cgt-arm_16.9.3.LTS\lib\</path>
         <kind>archive</kind>
         <file>rtsv7M4_T_le_v4SPD16_eabi.lib</file>
         <name>memset_t2.obj</name>
      </input_file>
      <input_file id="fl-f4">
         <path>D:\ti\ccsv7\tools\compiler\ti-cgt-arm_16.9.3.LTS\lib\</path>
         <kind>archive</kind>
         <file>rtsv7M4_T_le_v4SPD16_eabi.lib</file>
         <name>mpu_init.obj</name>
      </input_file>
      <input_file id="fl-f5">
         <path>D:\ti\ccsv7\tools\compiler\ti-cgt-arm_16.9.3.LTS\lib\</path>
         <kind>archive</kind>
         <file>rtsv7M4_T_le_v4SPD16_eabi.lib</file>
         <name>pre_init.obj</name>
      </input_file>
      <input_file id="fl-f6">
         <path>D:\ti\ccsv7\tools\compiler\ti-cgt-arm_16.9.3.LTS\lib\</path>
         <kind>archive</kind>
         <file>rtsv7M4_T_le_v4SPD16_eabi.lib</file>
         <name>printf.obj</name>
      </input_file>
      <input_file id="fl-f7">
         <path>D:\ti\ccsv7\tools\compiler\ti-cgt-arm_16.9.3.LTS\lib\</path>
         <kind>archive</kind>
         <file>rtsv7M4_T_le_v4SPD16_eabi.lib</file>
         <name>s_atan.obj</name>
      </input_file>
      <input_file id="fl-f8">
         <path>D:\ti\ccsv7\tools\compiler\ti-cgt-arm_16.9.3.LTS\lib\</path>
         <kind>archive</kind>
         <file>rtsv7M4_T_le_v4SPD16_eabi.lib</file>
         <name>s_atanf.obj</name>
      </input_file>
      <input_file id="fl-f9">
         <path>D:\ti\ccsv7\tools\compiler\ti-cgt-arm_16.9.3.LTS\lib\</path>
         <kind>archive</kind>
         <file>rtsv7M4_T_le_v4SPD16_eabi.lib</file>
         <name>s_ceil.obj</name>
      </input_file>
      <input_file id="fl-fa">
         <path>D:\ti\ccsv7\tools\compiler\ti-cgt-arm_16.9.3.LTS\lib\</path>
         <kind>archive</kind>
         <file>rtsv7M4_T_le_v4SPD16_eabi.lib</file>
         <name>s_cos.obj</name>
      </input_file>
      <input_file id="fl-fb">
         <path>D:\ti\ccsv7\tools\compiler\ti-cgt-arm_16.9.3.LTS\lib\</path>
         <kind>archive</kind>
         <file>rtsv7M4_T_le_v4SPD16_eabi.lib</file>
         <name>s_floor.obj</name>
      </input_file>
      <input_file id="fl-fc">
         <path>D:\ti\ccsv7\tools\compiler\ti-cgt-arm_16.9.3.LTS\lib\</path>
         <kind>archive</kind>
         <file>rtsv7M4_T_le_v4SPD16_eabi.lib</file>
         <name>s_scalbn.obj</name>
      </input_file>
      <input_file id="fl-fd">
         <path>D:\ti\ccsv7\tools\compiler\ti-cgt-arm_16.9.3.LTS\lib\</path>
         <kind>archive</kind>
         <file>rtsv7M4_T_le_v4SPD16_eabi.lib</file>
         <name>s_sin.obj</name>
      </input_file>
      <input_file id="fl-fe">
         <path>D:\ti\ccsv7\tools\compiler\ti-cgt-arm_16.9.3.LTS\lib\</path>
         <kind>archive</kind>
         <file>rtsv7M4_T_le_v4SPD16_eabi.lib</file>
         <name>stkdepth_vars.obj</name>
      </input_file>
      <input_file id="fl-ff">
         <path>D:\ti\ccsv7\tools\compiler\ti-cgt-arm_16.9.3.LTS\lib\</path>
         <kind>archive</kind>
         <file>rtsv7M4_T_le_v4SPD16_eabi.lib</file>
         <name>strlen.obj</name>
      </input_file>
      <input_file id="fl-100">
         <path>D:\ti\ccsv7\tools\compiler\ti-cgt-arm_16.9.3.LTS\lib\</path>
         <kind>archive</kind>
         <file>rtsv7M4_T_le_v4SPD16_eabi.lib</file>
         <name>vsprintf.obj</name>
      </input_file>
      <input_file id="fl-101">
         <path>D:\ti\ccsv7\tools\compiler\ti-cgt-arm_16.9.3.LTS\lib\</path>
         <kind>archive</kind>
         <file>rtsv7M4_T_le_v4SPD16_eabi.lib</file>
         <name>_lock.obj</name>
      </input_file>
      <input_file id="fl-102">
         <path>D:\ti\ccsv7\tools\compiler\ti-cgt-arm_16.9.3.LTS\lib\</path>
         <kind>archive</kind>
         <file>rtsv7M4_T_le_v4SPD16_eabi.lib</file>
         <name>_printfi.obj</name>
      </input_file>
      <input_file id="fl-103">
         <path>D:\ti\ccsv7\tools\compiler\ti-cgt-arm_16.9.3.LTS\lib\</path>
         <kind>archive</kind>
         <file>rtsv7M4_T_le_v4SPD16_eabi.lib</file>
         <name>args_main.obj</name>
      </input_file>
      <input_file id="fl-104">
         <path>D:\ti\ccsv7\tools\compiler\ti-cgt-arm_16.9.3.LTS\lib\</path>
         <kind>archive</kind>
         <file>rtsv7M4_T_le_v4SPD16_eabi.lib</file>
         <name>atoi.obj</name>
      </input_file>
      <input_file id="fl-105">
         <path>D:\ti\ccsv7\tools\compiler\ti-cgt-arm_16.9.3.LTS\lib\</path>
         <kind>archive</kind>
         <file>rtsv7M4_T_le_v4SPD16_eabi.lib</file>
         <name>autoinit.obj</name>
      </input_file>
      <input_file id="fl-106">
         <path>D:\ti\ccsv7\tools\compiler\ti-cgt-arm_16.9.3.LTS\lib\</path>
         <kind>archive</kind>
         <file>rtsv7M4_T_le_v4SPD16_eabi.lib</file>
         <name>cpy_tbl.obj</name>
      </input_file>
      <input_file id="fl-107">
         <path>D:\ti\ccsv7\tools\compiler\ti-cgt-arm_16.9.3.LTS\lib\</path>
         <kind>archive</kind>
         <file>rtsv7M4_T_le_v4SPD16_eabi.lib</file>
         <name>ctype.obj</name>
      </input_file>
      <input_file id="fl-108">
         <path>D:\ti\ccsv7\tools\compiler\ti-cgt-arm_16.9.3.LTS\lib\</path>
         <kind>archive</kind>
         <file>rtsv7M4_T_le_v4SPD16_eabi.lib</file>
         <name>defs.obj</name>
      </input_file>
      <input_file id="fl-109">
         <path>D:\ti\ccsv7\tools\compiler\ti-cgt-arm_16.9.3.LTS\lib\</path>
         <kind>archive</kind>
         <file>rtsv7M4_T_le_v4SPD16_eabi.lib</file>
         <name>k_cos.obj</name>
      </input_file>
      <input_file id="fl-10a">
         <path>D:\ti\ccsv7\tools\compiler\ti-cgt-arm_16.9.3.LTS\lib\</path>
         <kind>archive</kind>
         <file>rtsv7M4_T_le_v4SPD16_eabi.lib</file>
         <name>k_rem_pio2.obj</name>
      </input_file>
      <input_file id="fl-10b">
         <path>D:\ti\ccsv7\tools\compiler\ti-cgt-arm_16.9.3.LTS\lib\</path>
         <kind>archive</kind>
         <file>rtsv7M4_T_le_v4SPD16_eabi.lib</file>
         <name>k_sin.obj</name>
      </input_file>
      <input_file id="fl-10c">
         <path>D:\ti\ccsv7\tools\compiler\ti-cgt-arm_16.9.3.LTS\lib\</path>
         <kind>archive</kind>
         <file>rtsv7M4_T_le_v4SPD16_eabi.lib</file>
         <name>l_div0.obj</name>
      </input_file>
      <input_file id="fl-10d">
         <path>D:\ti\ccsv7\tools\compiler\ti-cgt-arm_16.9.3.LTS\lib\</path>
         <kind>archive</kind>
         <file>rtsv7M4_T_le_v4SPD16_eabi.lib</file>
         <name>ltoa.obj</name>
      </input_file>
      <input_file id="fl-10e">
         <path>D:\ti\ccsv7\tools\compiler\ti-cgt-arm_16.9.3.LTS\lib\</path>
         <kind>archive</kind>
         <file>rtsv7M4_T_le_v4SPD16_eabi.lib</file>
         <name>memccpy.obj</name>
      </input_file>
      <input_file id="fl-10f">
         <path>D:\ti\ccsv7\tools\compiler\ti-cgt-arm_16.9.3.LTS\lib\</path>
         <kind>archive</kind>
         <file>rtsv7M4_T_le_v4SPD16_eabi.lib</file>
         <name>s_copysign.obj</name>
      </input_file>
      <input_file id="fl-110">
         <path>D:\ti\ccsv7\tools\compiler\ti-cgt-arm_16.9.3.LTS\lib\</path>
         <kind>archive</kind>
         <file>rtsv7M4_T_le_v4SPD16_eabi.lib</file>
         <name>s_frexp.obj</name>
      </input_file>
      <input_file id="fl-111">
         <path>D:\ti\ccsv7\tools\compiler\ti-cgt-arm_16.9.3.LTS\lib\</path>
         <kind>archive</kind>
         <file>rtsv7M4_T_le_v4SPD16_eabi.lib</file>
         <name>startup.obj</name>
      </input_file>
      <input_file id="fl-112">
         <path>D:\ti\ccsv7\tools\compiler\ti-cgt-arm_16.9.3.LTS\lib\</path>
         <kind>archive</kind>
         <file>rtsv7M4_T_le_v4SPD16_eabi.lib</file>
         <name>strchr.obj</name>
      </input_file>
      <input_file id="fl-113">
         <path>D:\ti\ccsv7\tools\compiler\ti-cgt-arm_16.9.3.LTS\lib\</path>
         <kind>archive</kind>
         <file>rtsv7M4_T_le_v4SPD16_eabi.lib</file>
         <name>ull_div_t2.obj</name>
      </input_file>
      <input_file id="fl-114">
         <path>..\mpl\</path>
         <kind>archive</kind>
         <file>liblibmplmpu.a</file>
         <name>fast_no_motion.o</name>
      </input_file>
      <input_file id="fl-115">
         <path>..\mpl\</path>
         <kind>archive</kind>
         <file>liblibmplmpu.a</file>
         <name>fusion_9axis.o</name>
      </input_file>
      <input_file id="fl-116">
         <path>..\mpl\</path>
         <kind>archive</kind>
         <file>liblibmplmpu.a</file>
         <name>gyro_tc.o</name>
      </input_file>
      <input_file id="fl-117">
         <path>..\mpl\</path>
         <kind>archive</kind>
         <file>liblibmplmpu.a</file>
         <name>mag_disturb.o</name>
      </input_file>
      <input_file id="fl-118">
         <path>..\mpl\</path>
         <kind>archive</kind>
         <file>liblibmplmpu.a</file>
         <name>quaternion_supervisor.o</name>
      </input_file>
      <input_file id="fl-119">
         <path>D:\ti\ccsv7\tools\compiler\ti-cgt-arm_16.9.3.LTS\lib\</path>
         <kind>archive</kind>
         <file>rtsv7M4_T_le_v4SPD16_eabi.lib</file>
         <name>e_acosf.obj</name>
      </input_file>
      <input_file id="fl-11a">
         <path>D:\ti\ccsv7\tools\compiler\ti-cgt-arm_16.9.3.LTS\lib\</path>
         <kind>archive</kind>
         <file>rtsv7M4_T_le_v4SPD16_eabi.lib</file>
         <name>fd_eabi_t2.obj</name>
      </input_file>
      <input_file id="fl-11b">
         <path>D:\ti\ccsv7\tools\compiler\ti-cgt-arm_16.9.3.LTS\lib\</path>
         <kind>archive</kind>
         <file>rtsv7M4_T_le_v4SPD16_eabi.lib</file>
         <name>fs_toll_t2.obj</name>
      </input_file>
      <input_file id="fl-11c">
         <path>D:\ti\ccsv7\tools\compiler\ti-cgt-arm_16.9.3.LTS\lib\</path>
         <kind>archive</kind>
         <file>rtsv7M4_T_le_v4SPD16_eabi.lib</file>
         <name>ll_tofs_t2.obj</name>
      </input_file>
      <input_file id="fl-11d">
         <path>D:\ti\ccsv7\tools\compiler\ti-cgt-arm_16.9.3.LTS\lib\</path>
         <kind>archive</kind>
         <file>rtsv7M4_T_le_v4SPD16_eabi.lib</file>
         <name>s_cosf.obj</name>
      </input_file>
      <input_file id="fl-11e">
         <path>D:\ti\ccsv7\tools\compiler\ti-cgt-arm_16.9.3.LTS\lib\</path>
         <kind>archive</kind>
         <file>rtsv7M4_T_le_v4SPD16_eabi.lib</file>
         <name>s_sinf.obj</name>
      </input_file>
   </input_file_list>
   <object_component_list>
      <object_component id="oc-28">
         <name>.intvecs:retain</name>
         <load_address>0x0</load_address>
         <run_address>0x0</run_address>
         <size>0x140</size>
         <input_file_ref idref="fl-3"/>
      </object_component>
      <object_component id="oc-113">
         <name>.text</name>
         <load_address>0x140</load_address>
         <run_address>0x140</run_address>
         <size>0x26e0</size>
         <input_file_ref idref="fl-5"/>
      </object_component>
      <object_component id="oc-1d1">
         <name>.text</name>
         <load_address>0x2820</load_address>
         <run_address>0x2820</run_address>
         <size>0x14e4</size>
         <input_file_ref idref="fl-b"/>
      </object_component>
      <object_component id="oc-39f">
         <name>.text</name>
         <load_address>0x3d04</load_address>
         <run_address>0x3d04</run_address>
         <size>0x113e</size>
         <input_file_ref idref="fl-102"/>
      </object_component>
      <object_component id="oc-350">
         <name>.text</name>
         <load_address>0x4e42</load_address>
         <run_address>0x4e42</run_address>
         <size>0x2</size>
         <input_file_ref idref="fl-10c"/>
      </object_component>
      <object_component id="oc-119">
         <name>.text</name>
         <load_address>0x4e44</load_address>
         <run_address>0x4e44</run_address>
         <size>0x1108</size>
         <input_file_ref idref="fl-8"/>
      </object_component>
      <object_component id="oc-11f">
         <name>.text</name>
         <load_address>0x5f4c</load_address>
         <run_address>0x5f4c</run_address>
         <size>0x1088</size>
         <input_file_ref idref="fl-6"/>
      </object_component>
      <object_component id="oc-1c7">
         <name>.text</name>
         <load_address>0x6fd4</load_address>
         <run_address>0x6fd4</run_address>
         <size>0xd90</size>
         <input_file_ref idref="fl-114"/>
      </object_component>
      <object_component id="oc-55">
         <name>.text</name>
         <load_address>0x7d64</load_address>
         <run_address>0x7d64</run_address>
         <size>0x4</size>
         <input_file_ref idref="fl-f5"/>
      </object_component>
      <object_component id="oc-1bd">
         <name>.text</name>
         <load_address>0x7d68</load_address>
         <run_address>0x7d68</run_address>
         <size>0xa78</size>
         <input_file_ref idref="fl-118"/>
      </object_component>
      <object_component id="oc-1a0">
         <name>.text</name>
         <load_address>0x87e0</load_address>
         <run_address>0x87e0</run_address>
         <size>0x908</size>
         <input_file_ref idref="fl-9"/>
      </object_component>
      <object_component id="oc-10d">
         <name>.text</name>
         <load_address>0x90e8</load_address>
         <run_address>0x90e8</run_address>
         <size>0x84c</size>
         <input_file_ref idref="fl-13"/>
      </object_component>
      <object_component id="oc-4f">
         <name>.text</name>
         <load_address>0x9934</load_address>
         <run_address>0x9934</run_address>
         <size>0x2</size>
         <input_file_ref idref="fl-f4"/>
      </object_component>
      <object_component id="oc-aa">
         <name>.text</name>
         <load_address>0x9936</load_address>
         <run_address>0x9936</run_address>
         <size>0x2</size>
         <input_file_ref idref="fl-111"/>
      </object_component>
      <object_component id="oc-1c2">
         <name>.text</name>
         <load_address>0x9938</load_address>
         <run_address>0x9938</run_address>
         <size>0x760</size>
         <input_file_ref idref="fl-115"/>
      </object_component>
      <object_component id="oc-2f4">
         <name>.text</name>
         <load_address>0xa098</load_address>
         <run_address>0xa098</run_address>
         <size>0x680</size>
         <input_file_ref idref="fl-117"/>
      </object_component>
      <object_component id="oc-19a">
         <name>.text</name>
         <load_address>0xa718</load_address>
         <run_address>0xa718</run_address>
         <size>0x64c</size>
         <input_file_ref idref="fl-7"/>
      </object_component>
      <object_component id="oc-1fa">
         <name>.text</name>
         <load_address>0xad64</load_address>
         <run_address>0xad64</run_address>
         <size>0x5e8</size>
         <input_file_ref idref="fl-e"/>
      </object_component>
      <object_component id="oc-1cc">
         <name>.text</name>
         <load_address>0xb34c</load_address>
         <run_address>0xb34c</run_address>
         <size>0x5a0</size>
         <input_file_ref idref="fl-116"/>
      </object_component>
      <object_component id="oc-32b">
         <name>.text</name>
         <load_address>0xb8ec</load_address>
         <run_address>0xb8ec</run_address>
         <size>0x420</size>
         <input_file_ref idref="fl-da"/>
      </object_component>
      <object_component id="oc-7d">
         <name>.text</name>
         <load_address>0xbd0c</load_address>
         <run_address>0xbd0c</run_address>
         <size>0x3e0</size>
         <input_file_ref idref="fl-15"/>
      </object_component>
      <object_component id="oc-125">
         <name>.text</name>
         <load_address>0xc0ec</load_address>
         <run_address>0xc0ec</run_address>
         <size>0x360</size>
         <input_file_ref idref="fl-11"/>
      </object_component>
      <object_component id="oc-c5">
         <name>.text</name>
         <load_address>0xc44c</load_address>
         <run_address>0xc44c</run_address>
         <size>0x328</size>
         <input_file_ref idref="fl-4"/>
      </object_component>
      <object_component id="oc-200">
         <name>.text</name>
         <load_address>0xc774</load_address>
         <run_address>0xc774</run_address>
         <size>0x2d4</size>
         <input_file_ref idref="fl-10"/>
      </object_component>
      <object_component id="oc-1ed">
         <name>.text</name>
         <load_address>0xca48</load_address>
         <run_address>0xca48</run_address>
         <size>0x21e</size>
         <input_file_ref idref="fl-ee"/>
      </object_component>
      <object_component id="oc-b2">
         <name>.text</name>
         <load_address>0xcc68</load_address>
         <run_address>0xcc68</run_address>
         <size>0x218</size>
         <input_file_ref idref="fl-2"/>
      </object_component>
      <object_component id="oc-44f">
         <name>.text</name>
         <load_address>0xce80</load_address>
         <run_address>0xce80</run_address>
         <size>0x1f4</size>
         <input_file_ref idref="fl-113"/>
      </object_component>
      <object_component id="oc-316">
         <name>.text</name>
         <load_address>0xd074</load_address>
         <run_address>0xd074</run_address>
         <size>0x1b6</size>
         <input_file_ref idref="fl-e5"/>
      </object_component>
      <object_component id="oc-41c">
         <name>.text</name>
         <load_address>0xd22c</load_address>
         <run_address>0xd22c</run_address>
         <size>0x194</size>
         <input_file_ref idref="fl-119"/>
      </object_component>
      <object_component id="oc-29e">
         <name>.text</name>
         <load_address>0xd3c0</load_address>
         <run_address>0xd3c0</run_address>
         <size>0x178</size>
         <input_file_ref idref="fl-dc"/>
      </object_component>
      <object_component id="oc-320">
         <name>.text</name>
         <load_address>0xd538</load_address>
         <run_address>0xd538</run_address>
         <size>0x170</size>
         <input_file_ref idref="fl-e1"/>
      </object_component>
      <object_component id="oc-284">
         <name>.text</name>
         <load_address>0xd6a8</load_address>
         <run_address>0xd6a8</run_address>
         <size>0x158</size>
         <input_file_ref idref="fl-de"/>
      </object_component>
      <object_component id="oc-3cd">
         <name>.text</name>
         <load_address>0xd800</load_address>
         <run_address>0xd800</run_address>
         <size>0x150</size>
         <input_file_ref idref="fl-f8"/>
      </object_component>
      <object_component id="oc-2c2">
         <name>.text</name>
         <load_address>0xd950</load_address>
         <run_address>0xd950</run_address>
         <size>0x136</size>
         <input_file_ref idref="fl-e7"/>
      </object_component>
      <object_component id="oc-107">
         <name>.text</name>
         <load_address>0xda88</load_address>
         <run_address>0xda88</run_address>
         <size>0x120</size>
         <input_file_ref idref="fl-12"/>
      </object_component>
      <object_component id="oc-263">
         <name>.text:CS_getDCOFrequency</name>
         <load_address>0xdba8</load_address>
         <run_address>0xdba8</run_address>
         <size>0x104</size>
         <input_file_ref idref="fl-1d"/>
      </object_component>
      <object_component id="oc-2bd">
         <name>.text</name>
         <load_address>0xdcac</load_address>
         <run_address>0xdcac</run_address>
         <size>0xfc</size>
         <input_file_ref idref="fl-e8"/>
      </object_component>
      <object_component id="oc-460">
         <name>.text</name>
         <load_address>0xdda8</load_address>
         <run_address>0xdda8</run_address>
         <size>0xfc</size>
         <input_file_ref idref="fl-fc"/>
      </object_component>
      <object_component id="oc-77">
         <name>.text</name>
         <load_address>0xdea4</load_address>
         <run_address>0xdea4</run_address>
         <size>0xf8</size>
         <input_file_ref idref="fl-14"/>
      </object_component>
      <object_component id="oc-1b7">
         <name>.text</name>
         <load_address>0xdf9c</load_address>
         <run_address>0xdf9c</run_address>
         <size>0xe8</size>
         <input_file_ref idref="fl-d"/>
      </object_component>
      <object_component id="oc-293">
         <name>.text</name>
         <load_address>0xe084</load_address>
         <run_address>0xe084</run_address>
         <size>0xe4</size>
         <input_file_ref idref="fl-f"/>
      </object_component>
      <object_component id="oc-2ce">
         <name>.text</name>
         <load_address>0xe168</load_address>
         <run_address>0xe168</run_address>
         <size>0xb4</size>
         <input_file_ref idref="fl-11d"/>
      </object_component>
      <object_component id="oc-83">
         <name>.text</name>
         <load_address>0xe21c</load_address>
         <run_address>0xe21c</run_address>
         <size>0xb0</size>
         <input_file_ref idref="fl-16"/>
      </object_component>
      <object_component id="oc-2d4">
         <name>.text</name>
         <load_address>0xe2cc</load_address>
         <run_address>0xe2cc</run_address>
         <size>0xa4</size>
         <input_file_ref idref="fl-11e"/>
      </object_component>
      <object_component id="oc-188">
         <name>.text:_CSComputeCLKFrequency</name>
         <load_address>0xe370</load_address>
         <run_address>0xe370</run_address>
         <size>0x9c</size>
         <input_file_ref idref="fl-1d"/>
      </object_component>
      <object_component id="oc-37">
         <name>.text</name>
         <load_address>0xe40c</load_address>
         <run_address>0xe40c</run_address>
         <size>0x9c</size>
         <input_file_ref idref="fl-f1"/>
      </object_component>
      <object_component id="oc-326">
         <name>.text:__aeabi_cdcmple</name>
         <load_address>0xe4a8</load_address>
         <run_address>0xe4a8</run_address>
         <size>0x86</size>
         <input_file_ref idref="fl-e6"/>
      </object_component>
      <object_component id="oc-31b">
         <name>.text:__aeabi_cdrcmple</name>
         <load_address>0xe52e</load_address>
         <run_address>0xe52e</run_address>
         <size>0x86</size>
         <input_file_ref idref="fl-e6"/>
      </object_component>
      <object_component id="oc-43">
         <name>.text</name>
         <load_address>0xe5b4</load_address>
         <run_address>0xe5b4</run_address>
         <size>0x7a</size>
         <input_file_ref idref="fl-f3"/>
      </object_component>
      <object_component id="oc-5b">
         <name>.text</name>
         <load_address>0xe630</load_address>
         <run_address>0xe630</run_address>
         <size>0x70</size>
         <input_file_ref idref="fl-105"/>
      </object_component>
      <object_component id="oc-23f">
         <name>.text</name>
         <load_address>0xe6a0</load_address>
         <run_address>0xe6a0</run_address>
         <size>0x70</size>
         <input_file_ref idref="fl-f6"/>
      </object_component>
      <object_component id="oc-2ed">
         <name>.text</name>
         <load_address>0xe710</load_address>
         <run_address>0xe710</run_address>
         <size>0x6e</size>
         <input_file_ref idref="fl-ea"/>
      </object_component>
      <object_component id="oc-301">
         <name>.text</name>
         <load_address>0xe77e</load_address>
         <run_address>0xe77e</run_address>
         <size>0x6c</size>
         <input_file_ref idref="fl-11b"/>
      </object_component>
      <object_component id="oc-10">
         <name>.text:decompress:lzss</name>
         <load_address>0xe7ea</load_address>
         <run_address>0xe7ea</run_address>
         <size>0x68</size>
         <input_file_ref idref="fl-d7"/>
      </object_component>
      <object_component id="oc-45a">
         <name>.text</name>
         <load_address>0xe854</load_address>
         <run_address>0xe854</run_address>
         <size>0x64</size>
         <input_file_ref idref="fl-110"/>
      </object_component>
      <object_component id="oc-22">
         <name>.text</name>
         <load_address>0xe8b8</load_address>
         <run_address>0xe8b8</run_address>
         <size>0x54</size>
         <input_file_ref idref="fl-d6"/>
      </object_component>
      <object_component id="oc-67">
         <name>.text</name>
         <load_address>0xe90c</load_address>
         <run_address>0xe90c</run_address>
         <size>0x54</size>
         <input_file_ref idref="fl-e4"/>
      </object_component>
      <object_component id="oc-454">
         <name>.text</name>
         <load_address>0xe960</load_address>
         <run_address>0xe960</run_address>
         <size>0x54</size>
         <input_file_ref idref="fl-10d"/>
      </object_component>
      <object_component id="oc-3b7">
         <name>.text:SysCtl_getTLVInfo</name>
         <load_address>0xe9b4</load_address>
         <run_address>0xe9b4</run_address>
         <size>0x50</size>
         <input_file_ref idref="fl-1f"/>
      </object_component>
      <object_component id="oc-3b1">
         <name>.text:_CSGetDOCFrequency</name>
         <load_address>0xea04</load_address>
         <run_address>0xea04</run_address>
         <size>0x4c</size>
         <input_file_ref idref="fl-1d"/>
      </object_component>
      <object_component id="oc-46c">
         <name>.text</name>
         <load_address>0xea50</load_address>
         <run_address>0xea50</run_address>
         <size>0x4c</size>
         <input_file_ref idref="fl-104"/>
      </object_component>
      <object_component id="oc-a4">
         <name>.text</name>
         <load_address>0xea9c</load_address>
         <run_address>0xea9c</run_address>
         <size>0x4c</size>
         <input_file_ref idref="fl-106"/>
      </object_component>
      <object_component id="oc-25d">
         <name>.text:_CSGetDividerValue</name>
         <load_address>0xeae8</load_address>
         <run_address>0xeae8</run_address>
         <size>0x48</size>
         <input_file_ref idref="fl-1d"/>
      </object_component>
      <object_component id="oc-1ab">
         <name>.text</name>
         <load_address>0xeb30</load_address>
         <run_address>0xeb30</run_address>
         <size>0x48</size>
         <input_file_ref idref="fl-a"/>
      </object_component>
      <object_component id="oc-2c7">
         <name>.text</name>
         <load_address>0xeb78</load_address>
         <run_address>0xeb78</run_address>
         <size>0x48</size>
         <input_file_ref idref="fl-e9"/>
      </object_component>
      <object_component id="oc-2fc">
         <name>.text</name>
         <load_address>0xebc0</load_address>
         <run_address>0xebc0</run_address>
         <size>0x48</size>
         <input_file_ref idref="fl-11c"/>
      </object_component>
      <object_component id="oc-239">
         <name>.text</name>
         <load_address>0xec08</load_address>
         <run_address>0xec08</run_address>
         <size>0x48</size>
         <input_file_ref idref="fl-100"/>
      </object_component>
      <object_component id="oc-1a6">
         <name>.text</name>
         <load_address>0xec50</load_address>
         <run_address>0xec50</run_address>
         <size>0x38</size>
         <input_file_ref idref="fl-eb"/>
      </object_component>
      <object_component id="oc-2e8">
         <name>.text</name>
         <load_address>0xec88</load_address>
         <run_address>0xec88</run_address>
         <size>0x2e</size>
         <input_file_ref idref="fl-ec"/>
      </object_component>
      <object_component id="oc-28d">
         <name>.text</name>
         <load_address>0xecb8</load_address>
         <run_address>0xecb8</run_address>
         <size>0x28</size>
         <input_file_ref idref="fl-e2"/>
      </object_component>
      <object_component id="oc-269">
         <name>.text:CS_clearInterruptFlag</name>
         <load_address>0xece0</load_address>
         <run_address>0xece0</run_address>
         <size>0x24</size>
         <input_file_ref idref="fl-1d"/>
      </object_component>
      <object_component id="oc-1f2">
         <name>.text</name>
         <load_address>0xed04</load_address>
         <run_address>0xed04</run_address>
         <size>0x24</size>
         <input_file_ref idref="fl-f0"/>
      </object_component>
      <object_component id="oc-2dd">
         <name>.text</name>
         <load_address>0xed28</load_address>
         <run_address>0xed28</run_address>
         <size>0x24</size>
         <input_file_ref idref="fl-f2"/>
      </object_component>
      <object_component id="oc-311">
         <name>.text</name>
         <load_address>0xed4c</load_address>
         <run_address>0xed4c</run_address>
         <size>0x1e</size>
         <input_file_ref idref="fl-ed"/>
      </object_component>
      <object_component id="oc-472">
         <name>.text</name>
         <load_address>0xed6a</load_address>
         <run_address>0xed6a</run_address>
         <size>0x1c</size>
         <input_file_ref idref="fl-10e"/>
      </object_component>
      <object_component id="oc-101">
         <name>.text:CS_getMCLK</name>
         <load_address>0xed88</load_address>
         <run_address>0xed88</run_address>
         <size>0x18</size>
         <input_file_ref idref="fl-1d"/>
      </object_component>
      <object_component id="oc-61">
         <name>.text</name>
         <load_address>0xeda0</load_address>
         <run_address>0xeda0</run_address>
         <size>0x18</size>
         <input_file_ref idref="fl-103"/>
      </object_component>
      <object_component id="oc-220">
         <name>.text</name>
         <load_address>0xedb8</load_address>
         <run_address>0xedb8</run_address>
         <size>0x18</size>
         <input_file_ref idref="fl-ef"/>
      </object_component>
      <object_component id="oc-466">
         <name>.text</name>
         <load_address>0xedd0</load_address>
         <run_address>0xedd0</run_address>
         <size>0x16</size>
         <input_file_ref idref="fl-112"/>
      </object_component>
      <object_component id="oc-141">
         <name>.text</name>
         <load_address>0xede8</load_address>
         <run_address>0xede8</run_address>
         <size>0x14</size>
         <input_file_ref idref="fl-101"/>
      </object_component>
      <object_component id="oc-4bd">
         <name>.text</name>
         <load_address>0xedfc</load_address>
         <run_address>0xedfc</run_address>
         <size>0x14</size>
         <input_file_ref idref="fl-10f"/>
      </object_component>
      <object_component id="oc-18f">
         <name>.text</name>
         <load_address>0xee10</load_address>
         <run_address>0xee10</run_address>
         <size>0x14</size>
         <input_file_ref idref="fl-ff"/>
      </object_component>
      <object_component id="oc-71">
         <name>.text</name>
         <load_address>0xee24</load_address>
         <run_address>0xee24</run_address>
         <size>0x12</size>
         <input_file_ref idref="fl-3"/>
      </object_component>
      <object_component id="oc-2e3">
         <name>.text:__aeabi_dcmpgt</name>
         <load_address>0xee36</load_address>
         <run_address>0xee36</run_address>
         <size>0xe</size>
         <input_file_ref idref="fl-11a"/>
      </object_component>
      <object_component id="oc-16">
         <name>.text:decompress:none</name>
         <load_address>0xee44</load_address>
         <run_address>0xee44</run_address>
         <size>0xe</size>
         <input_file_ref idref="fl-d8"/>
      </object_component>
      <object_component id="oc-1c">
         <name>.text:decompress:ZI</name>
         <load_address>0xee52</load_address>
         <run_address>0xee52</run_address>
         <size>0xc</size>
         <input_file_ref idref="fl-d9"/>
      </object_component>
      <object_component id="oc-211">
         <name>.const:.string:dmp_memory</name>
         <load_address>0xee60</load_address>
         <run_address>0xee60</run_address>
         <size>0xbf6</size>
         <input_file_ref idref="fl-6"/>
      </object_component>
      <object_component id="oc-4c7">
         <name>.const:.string:_ctypes_</name>
         <load_address>0xfa56</load_address>
         <run_address>0xfa56</run_address>
         <size>0x101</size>
         <input_file_ref idref="fl-107"/>
      </object_component>
      <object_component id="oc-499">
         <name>.const:$O1$$</name>
         <load_address>0xfb58</load_address>
         <run_address>0xfb58</run_address>
         <size>0x34</size>
         <input_file_ref idref="fl-f8"/>
      </object_component>
      <object_component id="oc-1ea">
         <name>.const:test</name>
         <load_address>0xfb8c</load_address>
         <run_address>0xfb8c</run_address>
         <size>0x28</size>
         <input_file_ref idref="fl-5"/>
      </object_component>
      <object_component id="oc-195">
         <name>.const:uartConfig</name>
         <load_address>0xfbb4</load_address>
         <run_address>0xfbb4</run_address>
         <size>0x24</size>
         <input_file_ref idref="fl-12"/>
      </object_component>
      <object_component id="oc-3f4">
         <name>.const</name>
         <load_address>0xfbd8</load_address>
         <run_address>0xfbd8</run_address>
         <size>0x20</size>
         <input_file_ref idref="fl-dc"/>
      </object_component>
      <object_component id="oc-341">
         <name>.const:reg</name>
         <load_address>0xfbf8</load_address>
         <run_address>0xfbf8</run_address>
         <size>0x1e</size>
         <input_file_ref idref="fl-5"/>
      </object_component>
      <object_component id="oc-2b3">
         <name>.const:.string:ml_ver</name>
         <load_address>0xfc16</load_address>
         <run_address>0xfc16</run_address>
         <size>0x14</size>
         <input_file_ref idref="fl-d"/>
      </object_component>
      <object_component id="oc-20e">
         <name>.const</name>
         <load_address>0xfc2a</load_address>
         <run_address>0xfc2a</run_address>
         <size>0x2</size>
         <input_file_ref idref="fl-6"/>
      </object_component>
      <object_component id="oc-d6">
         <name>.const:i2cConfig</name>
         <load_address>0xfc2c</load_address>
         <run_address>0xfc2c</run_address>
         <size>0x14</size>
         <input_file_ref idref="fl-15"/>
      </object_component>
      <object_component id="oc-2b6">
         <name>.const:.string:$P$T1$2</name>
         <load_address>0xfc40</load_address>
         <run_address>0xfc40</run_address>
         <size>0xe</size>
         <input_file_ref idref="fl-d"/>
      </object_component>
      <object_component id="oc-2b2">
         <name>.const:.string:$P$T0$1</name>
         <load_address>0xfc4e</load_address>
         <run_address>0xfc4e</run_address>
         <size>0xd</size>
         <input_file_ref idref="fl-d"/>
      </object_component>
      <object_component id="oc-1b1">
         <name>.const:$P$T0$1</name>
         <load_address>0xfc5c</load_address>
         <run_address>0xfc5c</run_address>
         <size>0xc</size>
         <input_file_ref idref="fl-13"/>
      </object_component>
      <object_component id="oc-228">
         <name>.const:.string:$P$T4$5</name>
         <load_address>0xfc68</load_address>
         <run_address>0xfc68</run_address>
         <size>0xc</size>
         <input_file_ref idref="fl-6"/>
      </object_component>
      <object_component id="oc-344">
         <name>.const:hw</name>
         <load_address>0xfc74</load_address>
         <run_address>0xfc74</run_address>
         <size>0xc</size>
         <input_file_ref idref="fl-5"/>
      </object_component>
      <object_component id="oc-231">
         <name>.const:.string:$P$T7$8</name>
         <load_address>0xfc80</load_address>
         <run_address>0xfc80</run_address>
         <size>0xb</size>
         <input_file_ref idref="fl-6"/>
      </object_component>
      <object_component id="oc-234">
         <name>.const:.string:$P$T8$9</name>
         <load_address>0xfc8b</load_address>
         <run_address>0xfc8b</run_address>
         <size>0xb</size>
         <input_file_ref idref="fl-6"/>
      </object_component>
      <object_component id="oc-40d">
         <name>.const:.string</name>
         <load_address>0xfc98</load_address>
         <run_address>0xfc98</run_address>
         <size>0xa</size>
         <input_file_ref idref="fl-13"/>
      </object_component>
      <object_component id="oc-22b">
         <name>.const:.string:$P$T5$6</name>
         <load_address>0xfca2</load_address>
         <run_address>0xfca2</run_address>
         <size>0x9</size>
         <input_file_ref idref="fl-6"/>
      </object_component>
      <object_component id="oc-22e">
         <name>.const:.string:$P$T6$7</name>
         <load_address>0xfcab</load_address>
         <run_address>0xfcab</run_address>
         <size>0x9</size>
         <input_file_ref idref="fl-6"/>
      </object_component>
      <object_component id="oc-214">
         <name>.const:.string:$P$T0$1</name>
         <load_address>0xfcb4</load_address>
         <run_address>0xfcb4</run_address>
         <size>0x3</size>
         <input_file_ref idref="fl-6"/>
      </object_component>
      <object_component id="oc-217">
         <name>.const:.string:$P$T1$2</name>
         <load_address>0xfcb7</load_address>
         <run_address>0xfcb7</run_address>
         <size>0x3</size>
         <input_file_ref idref="fl-6"/>
      </object_component>
      <object_component id="oc-21a">
         <name>.const:.string:$P$T2$3</name>
         <load_address>0xfcba</load_address>
         <run_address>0xfcba</run_address>
         <size>0x3</size>
         <input_file_ref idref="fl-6"/>
      </object_component>
      <object_component id="oc-21d">
         <name>.const:.string:$P$T3$4</name>
         <load_address>0xfcbd</load_address>
         <run_address>0xfcbd</run_address>
         <size>0x3</size>
         <input_file_ref idref="fl-6"/>
      </object_component>
      <object_component id="oc-51b">
         <name>.cinit..data.load</name>
         <load_address>0xfcd0</load_address>
         <run_address>0xfcd0</run_address>
         <size>0x59</size>
      </object_component>
      <object_component id="oc-519">
         <name>__TI_handler_table</name>
         <load_address>0xfd2c</load_address>
         <run_address>0xfd2c</run_address>
         <size>0xc</size>
      </object_component>
      <object_component id="oc-51c">
         <name>.cinit..bss.load</name>
         <load_address>0xfd38</load_address>
         <run_address>0xfd38</run_address>
         <size>0x8</size>
      </object_component>
      <object_component id="oc-51a">
         <name>__TI_cinit_table</name>
         <load_address>0xfd40</load_address>
         <run_address>0xfd40</run_address>
         <size>0x10</size>
      </object_component>
      <object_component id="oc-14d">
         <name>.data</name>
         <load_address>0x20000f80</load_address>
         <run_address>0x20000f80</run_address>
         <size>0x4</size>
         <input_file_ref idref="fl-4"/>
      </object_component>
      <object_component id="oc-1e7">
         <name>.data:st</name>
         <load_address>0x20000eec</load_address>
         <run_address>0x20000eec</run_address>
         <size>0x2c</size>
         <input_file_ref idref="fl-5"/>
      </object_component>
      <object_component id="oc-225">
         <name>.data:dmp</name>
         <load_address>0x20000f2c</load_address>
         <run_address>0x20000f2c</run_address>
         <size>0x10</size>
         <input_file_ref idref="fl-6"/>
      </object_component>
      <object_component id="oc-2a4">
         <name>.data:compass_low_pass_filter_coeff</name>
         <load_address>0x20000f18</load_address>
         <run_address>0x20000f18</run_address>
         <size>0x14</size>
         <input_file_ref idref="fl-9"/>
      </object_component>
      <object_component id="oc-2b9">
         <name>.data</name>
         <load_address>0x20000f74</load_address>
         <run_address>0x20000f74</run_address>
         <size>0x4</size>
         <input_file_ref idref="fl-13"/>
      </object_component>
      <object_component id="oc-1d7">
         <name>.data:gyro_pdata</name>
         <load_address>0x20000f54</load_address>
         <run_address>0x20000f54</run_address>
         <size>0x9</size>
         <input_file_ref idref="fl-13"/>
      </object_component>
      <object_component id="oc-cc">
         <name>.data:counter</name>
         <load_address>0x20000f48</load_address>
         <run_address>0x20000f48</run_address>
         <size>0xc</size>
         <input_file_ref idref="fl-14"/>
      </object_component>
      <object_component id="oc-d9">
         <name>.data</name>
         <load_address>0x20000f60</load_address>
         <run_address>0x20000f60</run_address>
         <size>0x9</size>
         <input_file_ref idref="fl-15"/>
      </object_component>
      <object_component id="oc-3e1">
         <name>.data</name>
         <load_address>0x20000f78</load_address>
         <run_address>0x20000f78</run_address>
         <size>0x4</size>
         <input_file_ref idref="fl-e3"/>
      </object_component>
      <object_component id="oc-ba">
         <name>.data:$O1$$</name>
         <load_address>0x20000f3c</load_address>
         <run_address>0x20000f3c</run_address>
         <size>0xc</size>
         <input_file_ref idref="fl-e4"/>
      </object_component>
      <object_component id="oc-6d">
         <name>.data</name>
         <load_address>0x20000f7c</load_address>
         <run_address>0x20000f7c</run_address>
         <size>0x4</size>
         <input_file_ref idref="fl-fe"/>
      </object_component>
      <object_component id="oc-bd">
         <name>.data:$O1$$</name>
         <load_address>0x20000f6c</load_address>
         <run_address>0x20000f6c</run_address>
         <size>0x8</size>
         <input_file_ref idref="fl-101"/>
      </object_component>
      <object_component id="oc-3a7">
         <name>.data:_ftable</name>
         <load_address>0x20000dfc</load_address>
         <run_address>0x20000dfc</run_address>
         <size>0xf0</size>
         <input_file_ref idref="fl-108"/>
      </object_component>
      <object_component id="oc-12b">
         <name>.bss</name>
         <uninitialized>true</uninitialized>
         <run_address>0x20000a04</run_address>
         <size>0x4</size>
         <input_file_ref idref="fl-2"/>
      </object_component>
      <object_component id="oc-12e">
         <name>.bss:$P$T0$1</name>
         <uninitialized>true</uninitialized>
         <run_address>0x20000db8</run_address>
         <size>0x24</size>
         <input_file_ref idref="fl-2"/>
      </object_component>
      <object_component id="oc-28a">
         <name>.bss:eMPL_out</name>
         <uninitialized>true</uninitialized>
         <run_address>0x20000d88</run_address>
         <size>0x30</size>
         <input_file_ref idref="fl-7"/>
      </object_component>
      <object_component id="oc-206">
         <name>.bss:inv_data_builder</name>
         <uninitialized>true</uninitialized>
         <run_address>0x2000078c</run_address>
         <size>0x140</size>
         <input_file_ref idref="fl-8"/>
      </object_component>
      <object_component id="oc-209">
         <name>.bss:sensors</name>
         <uninitialized>true</uninitialized>
         <run_address>0x20000260</run_address>
         <size>0x1d0</size>
         <input_file_ref idref="fl-8"/>
      </object_component>
      <object_component id="oc-29b">
         <name>.bss:hal_out</name>
         <uninitialized>true</uninitialized>
         <run_address>0x20000a08</run_address>
         <size>0xd0</size>
         <input_file_ref idref="fl-9"/>
      </object_component>
      <object_component id="oc-2aa">
         <name>.bss:mh</name>
         <uninitialized>true</uninitialized>
         <run_address>0x20000d44</run_address>
         <size>0x4</size>
         <input_file_ref idref="fl-a"/>
      </object_component>
      <object_component id="oc-35b">
         <name>.bss:rh</name>
         <uninitialized>true</uninitialized>
         <run_address>0x20000b90</run_address>
         <size>0x90</size>
         <input_file_ref idref="fl-e"/>
      </object_component>
      <object_component id="oc-3e6">
         <name>.bss:inv_start_cb</name>
         <uninitialized>true</uninitialized>
         <run_address>0x20000cf0</run_address>
         <size>0x54</size>
         <input_file_ref idref="fl-f"/>
      </object_component>
      <object_component id="oc-360">
         <name>.bss:ds</name>
         <uninitialized>true</uninitialized>
         <run_address>0x200005f4</run_address>
         <size>0x198</size>
         <input_file_ref idref="fl-10"/>
      </object_component>
      <object_component id="oc-1b4">
         <name>.bss</name>
         <uninitialized>true</uninitialized>
         <run_address>0x20000de8</run_address>
         <size>0x8</size>
         <input_file_ref idref="fl-13"/>
      </object_component>
      <object_component id="oc-dc">
         <name>.bss</name>
         <uninitialized>true</uninitialized>
         <run_address>0x20000ddc</run_address>
         <size>0xc</size>
         <input_file_ref idref="fl-15"/>
      </object_component>
      <object_component id="oc-df">
         <name>.bss:RXData</name>
         <uninitialized>true</uninitialized>
         <run_address>0x20000c8c</run_address>
         <size>0x64</size>
         <input_file_ref idref="fl-15"/>
      </object_component>
      <object_component id="oc-e9">
         <name>.bss</name>
         <uninitialized>true</uninitialized>
         <run_address>0x20000df0</run_address>
         <size>0x4</size>
         <input_file_ref idref="fl-16"/>
      </object_component>
      <object_component id="oc-306">
         <name>.bss</name>
         <uninitialized>true</uninitialized>
         <run_address>0x20000d48</run_address>
         <size>0x40</size>
         <input_file_ref idref="fl-114"/>
      </object_component>
      <object_component id="oc-30c">
         <name>.bss</name>
         <uninitialized>true</uninitialized>
         <run_address>0x20000430</run_address>
         <size>0x1c4</size>
         <input_file_ref idref="fl-116"/>
      </object_component>
      <object_component id="oc-41a">
         <name>.bss</name>
         <uninitialized>true</uninitialized>
         <run_address>0x20000ad8</run_address>
         <size>0xb8</size>
         <input_file_ref idref="fl-117"/>
      </object_component>
      <object_component id="oc-2cc">
         <name>.bss</name>
         <uninitialized>true</uninitialized>
         <run_address>0x20000c20</run_address>
         <size>0x6c</size>
         <input_file_ref idref="fl-118"/>
      </object_component>
      <object_component id="oc-26f">
         <name>.common:hfxtFreq</name>
         <uninitialized>true</uninitialized>
         <run_address>0x20000df4</run_address>
         <size>0x4</size>
      </object_component>
      <object_component id="oc-272">
         <name>.common:lfxtFreq</name>
         <uninitialized>true</uninitialized>
         <run_address>0x20000df8</run_address>
         <size>0x4</size>
      </object_component>
      <object_component id="oc-307">
         <name>.common:fnm</name>
         <uninitialized>true</uninitialized>
         <run_address>0x20000000</run_address>
         <size>0x260</size>
      </object_component>
      <object_component id="oc-2f2">
         <name>.common:s9axis</name>
         <uninitialized>true</uninitialized>
         <run_address>0x200008cc</run_address>
         <size>0x138</size>
      </object_component>
      <object_component id="oc-2b">
         <name>.stack</name>
         <uninitialized>true</uninitialized>
         <run_address>0x2000fe00</run_address>
         <size>0x0</size>
         <input_file_ref idref="fl-d6"/>
      </object_component>
      <object_component id="oc-51d">
         <name>.stack</name>
         <uninitialized>true</uninitialized>
         <run_address>0x2000fe00</run_address>
         <size>0x0</size>
      </object_component>
      <object_component id="oc-137">
         <name>.debug_info</name>
         <load_address>0x0</load_address>
         <run_address>0x0</run_address>
         <size>0xa6d</size>
         <input_file_ref idref="fl-2"/>
      </object_component>
      <object_component id="oc-12c">
         <name>.debug_info</name>
         <load_address>0xa6d</load_address>
         <run_address>0xa6d</run_address>
         <size>0xbb</size>
         <input_file_ref idref="fl-2"/>
      </object_component>
      <object_component id="oc-12f">
         <name>.debug_info</name>
         <load_address>0xb28</load_address>
         <run_address>0xb28</run_address>
         <size>0xc1</size>
         <input_file_ref idref="fl-2"/>
      </object_component>
      <object_component id="oc-b3">
         <name>.debug_info</name>
         <load_address>0xbe9</load_address>
         <run_address>0xbe9</run_address>
         <size>0x44f</size>
         <input_file_ref idref="fl-2"/>
      </object_component>
      <object_component id="oc-373">
         <name>.debug_info</name>
         <load_address>0x1038</load_address>
         <run_address>0x1038</run_address>
         <size>0x37a</size>
         <input_file_ref idref="fl-2"/>
      </object_component>
      <object_component id="oc-252">
         <name>.debug_info</name>
         <load_address>0x13b2</load_address>
         <run_address>0x13b2</run_address>
         <size>0x37cd</size>
         <input_file_ref idref="fl-2"/>
      </object_component>
      <object_component id="oc-15f">
         <name>.debug_info</name>
         <load_address>0x4b7f</load_address>
         <run_address>0x4b7f</run_address>
         <size>0x1055</size>
         <input_file_ref idref="fl-2"/>
      </object_component>
      <object_component id="oc-173">
         <name>.debug_info</name>
         <load_address>0x5bd4</load_address>
         <run_address>0x5bd4</run_address>
         <size>0x9a</size>
         <input_file_ref idref="fl-2"/>
      </object_component>
      <object_component id="oc-3c1">
         <name>.debug_info</name>
         <load_address>0x5c6e</load_address>
         <run_address>0x5c6e</run_address>
         <size>0x1b5</size>
         <input_file_ref idref="fl-2"/>
      </object_component>
      <object_component id="oc-365">
         <name>.debug_info</name>
         <load_address>0x5e23</load_address>
         <run_address>0x5e23</run_address>
         <size>0x110</size>
         <input_file_ref idref="fl-2"/>
      </object_component>
      <object_component id="oc-3fd">
         <name>.debug_info</name>
         <load_address>0x5f33</load_address>
         <run_address>0x5f33</run_address>
         <size>0x86</size>
         <input_file_ref idref="fl-2"/>
      </object_component>
      <object_component id="oc-d0">
         <name>.debug_info</name>
         <load_address>0x5fb9</load_address>
         <run_address>0x5fb9</run_address>
         <size>0x8b</size>
         <input_file_ref idref="fl-2"/>
      </object_component>
      <object_component id="oc-e4">
         <name>.debug_info</name>
         <load_address>0x6044</load_address>
         <run_address>0x6044</run_address>
         <size>0x18b</size>
         <input_file_ref idref="fl-2"/>
      </object_component>
      <object_component id="oc-1e2">
         <name>.debug_info</name>
         <load_address>0x61cf</load_address>
         <run_address>0x61cf</run_address>
         <size>0xa1</size>
         <input_file_ref idref="fl-2"/>
      </object_component>
      <object_component id="oc-247">
         <name>.debug_info</name>
         <load_address>0x6270</load_address>
         <run_address>0x6270</run_address>
         <size>0x4e</size>
         <input_file_ref idref="fl-2"/>
      </object_component>
      <object_component id="oc-27f">
         <name>.debug_info</name>
         <load_address>0x62be</load_address>
         <run_address>0x62be</run_address>
         <size>0xee</size>
         <input_file_ref idref="fl-2"/>
      </object_component>
      <object_component id="oc-132">
         <name>.debug_info</name>
         <load_address>0x63ac</load_address>
         <run_address>0x63ac</run_address>
         <size>0x174</size>
         <input_file_ref idref="fl-2"/>
      </object_component>
      <object_component id="oc-1dd">
         <name>.debug_info</name>
         <load_address>0x6520</load_address>
         <run_address>0x6520</run_address>
         <size>0x69</size>
         <input_file_ref idref="fl-2"/>
      </object_component>
      <object_component id="oc-8b">
         <name>.debug_info</name>
         <load_address>0x6589</load_address>
         <run_address>0x6589</run_address>
         <size>0x31a</size>
         <input_file_ref idref="fl-3"/>
      </object_component>
      <object_component id="oc-29">
         <name>.debug_info</name>
         <load_address>0x68a3</load_address>
         <run_address>0x68a3</run_address>
         <size>0xe7</size>
         <input_file_ref idref="fl-3"/>
      </object_component>
      <object_component id="oc-74">
         <name>.debug_info</name>
         <load_address>0x698a</load_address>
         <run_address>0x698a</run_address>
         <size>0x24e</size>
         <input_file_ref idref="fl-3"/>
      </object_component>
      <object_component id="oc-32">
         <name>.debug_info</name>
         <load_address>0x6bd8</load_address>
         <run_address>0x6bd8</run_address>
         <size>0x84</size>
         <input_file_ref idref="fl-3"/>
      </object_component>
      <object_component id="oc-25c">
         <name>.debug_info</name>
         <load_address>0x6c5c</load_address>
         <run_address>0x6c5c</run_address>
         <size>0x517</size>
         <input_file_ref idref="fl-4"/>
      </object_component>
      <object_component id="oc-14e">
         <name>.debug_info</name>
         <load_address>0x7173</load_address>
         <run_address>0x7173</run_address>
         <size>0xe0</size>
         <input_file_ref idref="fl-4"/>
      </object_component>
      <object_component id="oc-c7">
         <name>.debug_info</name>
         <load_address>0x7253</load_address>
         <run_address>0x7253</run_address>
         <size>0x252</size>
         <input_file_ref idref="fl-4"/>
      </object_component>
      <object_component id="oc-15a">
         <name>.debug_info</name>
         <load_address>0x74a5</load_address>
         <run_address>0x74a5</run_address>
         <size>0x37cd</size>
         <input_file_ref idref="fl-4"/>
      </object_component>
      <object_component id="oc-1f9">
         <name>.debug_info</name>
         <load_address>0xac72</load_address>
         <run_address>0xac72</run_address>
         <size>0x815</size>
         <input_file_ref idref="fl-5"/>
      </object_component>
      <object_component id="oc-342">
         <name>.debug_info</name>
         <load_address>0xb487</load_address>
         <run_address>0xb487</run_address>
         <size>0xcb</size>
         <input_file_ref idref="fl-5"/>
      </object_component>
      <object_component id="oc-345">
         <name>.debug_info</name>
         <load_address>0xb552</load_address>
         <run_address>0xb552</run_address>
         <size>0xc9</size>
         <input_file_ref idref="fl-5"/>
      </object_component>
      <object_component id="oc-1eb">
         <name>.debug_info</name>
         <load_address>0xb61b</load_address>
         <run_address>0xb61b</run_address>
         <size>0xcd</size>
         <input_file_ref idref="fl-5"/>
      </object_component>
      <object_component id="oc-1e8">
         <name>.debug_info</name>
         <load_address>0xb6e8</load_address>
         <run_address>0xb6e8</run_address>
         <size>0xc8</size>
         <input_file_ref idref="fl-5"/>
      </object_component>
      <object_component id="oc-114">
         <name>.debug_info</name>
         <load_address>0xb7b0</load_address>
         <run_address>0xb7b0</run_address>
         <size>0x3ab4</size>
         <input_file_ref idref="fl-5"/>
      </object_component>
      <object_component id="oc-27a">
         <name>.debug_info</name>
         <load_address>0xf264</load_address>
         <run_address>0xf264</run_address>
         <size>0xc8</size>
         <input_file_ref idref="fl-5"/>
      </object_component>
      <object_component id="oc-349">
         <name>.debug_info</name>
         <load_address>0xf32c</load_address>
         <run_address>0xf32c</run_address>
         <size>0x813</size>
         <input_file_ref idref="fl-5"/>
      </object_component>
      <object_component id="oc-238">
         <name>.debug_info</name>
         <load_address>0xfb3f</load_address>
         <run_address>0xfb3f</run_address>
         <size>0x907</size>
         <input_file_ref idref="fl-6"/>
      </object_component>
      <object_component id="oc-212">
         <name>.debug_info</name>
         <load_address>0x10446</load_address>
         <run_address>0x10446</run_address>
         <size>0xea</size>
         <input_file_ref idref="fl-6"/>
      </object_component>
      <object_component id="oc-20f">
         <name>.debug_info</name>
         <load_address>0x10530</load_address>
         <run_address>0x10530</run_address>
         <size>0xf0</size>
         <input_file_ref idref="fl-6"/>
      </object_component>
      <object_component id="oc-226">
         <name>.debug_info</name>
         <load_address>0x10620</load_address>
         <run_address>0x10620</run_address>
         <size>0xdc</size>
         <input_file_ref idref="fl-6"/>
      </object_component>
      <object_component id="oc-215">
         <name>.debug_info</name>
         <load_address>0x106fc</load_address>
         <run_address>0x106fc</run_address>
         <size>0xe4</size>
         <input_file_ref idref="fl-6"/>
      </object_component>
      <object_component id="oc-218">
         <name>.debug_info</name>
         <load_address>0x107e0</load_address>
         <run_address>0x107e0</run_address>
         <size>0xe4</size>
         <input_file_ref idref="fl-6"/>
      </object_component>
      <object_component id="oc-21b">
         <name>.debug_info</name>
         <load_address>0x108c4</load_address>
         <run_address>0x108c4</run_address>
         <size>0xe4</size>
         <input_file_ref idref="fl-6"/>
      </object_component>
      <object_component id="oc-21e">
         <name>.debug_info</name>
         <load_address>0x109a8</load_address>
         <run_address>0x109a8</run_address>
         <size>0xe4</size>
         <input_file_ref idref="fl-6"/>
      </object_component>
      <object_component id="oc-229">
         <name>.debug_info</name>
         <load_address>0x10a8c</load_address>
         <run_address>0x10a8c</run_address>
         <size>0xe4</size>
         <input_file_ref idref="fl-6"/>
      </object_component>
      <object_component id="oc-22c">
         <name>.debug_info</name>
         <load_address>0x10b70</load_address>
         <run_address>0x10b70</run_address>
         <size>0xe4</size>
         <input_file_ref idref="fl-6"/>
      </object_component>
      <object_component id="oc-22f">
         <name>.debug_info</name>
         <load_address>0x10c54</load_address>
         <run_address>0x10c54</run_address>
         <size>0xe4</size>
         <input_file_ref idref="fl-6"/>
      </object_component>
      <object_component id="oc-232">
         <name>.debug_info</name>
         <load_address>0x10d38</load_address>
         <run_address>0x10d38</run_address>
         <size>0xe4</size>
         <input_file_ref idref="fl-6"/>
      </object_component>
      <object_component id="oc-235">
         <name>.debug_info</name>
         <load_address>0x10e1c</load_address>
         <run_address>0x10e1c</run_address>
         <size>0xe4</size>
         <input_file_ref idref="fl-6"/>
      </object_component>
      <object_component id="oc-120">
         <name>.debug_info</name>
         <load_address>0x10f00</load_address>
         <run_address>0x10f00</run_address>
         <size>0x2301</size>
         <input_file_ref idref="fl-6"/>
      </object_component>
      <object_component id="oc-39a">
         <name>.debug_info</name>
         <load_address>0x13201</load_address>
         <run_address>0x13201</run_address>
         <size>0x37cd</size>
         <input_file_ref idref="fl-6"/>
      </object_component>
      <object_component id="oc-389">
         <name>.debug_info</name>
         <load_address>0x169ce</load_address>
         <run_address>0x169ce</run_address>
         <size>0xac</size>
         <input_file_ref idref="fl-6"/>
      </object_component>
      <object_component id="oc-29a">
         <name>.debug_info</name>
         <load_address>0x16a7a</load_address>
         <run_address>0x16a7a</run_address>
         <size>0x993</size>
         <input_file_ref idref="fl-7"/>
      </object_component>
      <object_component id="oc-28b">
         <name>.debug_info</name>
         <load_address>0x1740d</load_address>
         <run_address>0x1740d</run_address>
         <size>0xd4</size>
         <input_file_ref idref="fl-7"/>
      </object_component>
      <object_component id="oc-19b">
         <name>.debug_info</name>
         <load_address>0x174e1</load_address>
         <run_address>0x174e1</run_address>
         <size>0x1012</size>
         <input_file_ref idref="fl-7"/>
      </object_component>
      <object_component id="oc-3dc">
         <name>.debug_info</name>
         <load_address>0x184f3</load_address>
         <run_address>0x184f3</run_address>
         <size>0xb9</size>
         <input_file_ref idref="fl-7"/>
      </object_component>
      <object_component id="oc-20d">
         <name>.debug_info</name>
         <load_address>0x185ac</load_address>
         <run_address>0x185ac</run_address>
         <size>0x63c</size>
         <input_file_ref idref="fl-8"/>
      </object_component>
      <object_component id="oc-207">
         <name>.debug_info</name>
         <load_address>0x18be8</load_address>
         <run_address>0x18be8</run_address>
         <size>0xe2</size>
         <input_file_ref idref="fl-8"/>
      </object_component>
      <object_component id="oc-20a">
         <name>.debug_info</name>
         <load_address>0x18cca</load_address>
         <run_address>0x18cca</run_address>
         <size>0xd0</size>
         <input_file_ref idref="fl-8"/>
      </object_component>
      <object_component id="oc-11b">
         <name>.debug_info</name>
         <load_address>0x18d9a</load_address>
         <run_address>0x18d9a</run_address>
         <size>0x3c14</size>
         <input_file_ref idref="fl-8"/>
      </object_component>
      <object_component id="oc-36c">
         <name>.debug_info</name>
         <load_address>0x1c9ae</load_address>
         <run_address>0x1c9ae</run_address>
         <size>0x1ad</size>
         <input_file_ref idref="fl-8"/>
      </object_component>
      <object_component id="oc-9b">
         <name>.debug_info</name>
         <load_address>0x1cb5b</load_address>
         <run_address>0x1cb5b</run_address>
         <size>0x2c</size>
         <input_file_ref idref="fl-8"/>
      </object_component>
      <object_component id="oc-2a8">
         <name>.debug_info</name>
         <load_address>0x1cb87</load_address>
         <run_address>0x1cb87</run_address>
         <size>0x870</size>
         <input_file_ref idref="fl-9"/>
      </object_component>
      <object_component id="oc-29c">
         <name>.debug_info</name>
         <load_address>0x1d3f7</load_address>
         <run_address>0x1d3f7</run_address>
         <size>0xcf</size>
         <input_file_ref idref="fl-9"/>
      </object_component>
      <object_component id="oc-2a5">
         <name>.debug_info</name>
         <load_address>0x1d4c6</load_address>
         <run_address>0x1d4c6</run_address>
         <size>0xfd</size>
         <input_file_ref idref="fl-9"/>
      </object_component>
      <object_component id="oc-1a2">
         <name>.debug_info</name>
         <load_address>0x1d5c3</load_address>
         <run_address>0x1d5c3</run_address>
         <size>0x12e8</size>
         <input_file_ref idref="fl-9"/>
      </object_component>
      <object_component id="oc-3ef">
         <name>.debug_info</name>
         <load_address>0x1e8ab</load_address>
         <run_address>0x1e8ab</run_address>
         <size>0x11e</size>
         <input_file_ref idref="fl-9"/>
      </object_component>
      <object_component id="oc-2ab">
         <name>.debug_info</name>
         <load_address>0x1e9c9</load_address>
         <run_address>0x1e9c9</run_address>
         <size>0xc7</size>
         <input_file_ref idref="fl-a"/>
      </object_component>
      <object_component id="oc-1ad">
         <name>.debug_info</name>
         <load_address>0x1ea90</load_address>
         <run_address>0x1ea90</run_address>
         <size>0x255</size>
         <input_file_ref idref="fl-a"/>
[...]
         <value>0xdda9</value>
         <object_component_ref idref="oc-460"/>
      </symbol>
      <symbol id="sm-eef">
         <name>ldexpl</name>
         <value>0xdda9</value>
         <object_component_ref idref="oc-460"/>
      </symbol>
      <symbol id="sm-ef0">
         <name>ldexp</name>
         <value>0xdda9</value>
         <object_component_ref idref="oc-460"/>
      </symbol>
      <symbol id="sm-ef9">
         <name>main_func_sp</name>
         <value>0x20000f7c</value>
         <object_component_ref idref="oc-6d"/>
      </symbol>
      <symbol id="sm-f07">
         <name>strlen</name>
         <value>0xee11</value>
         <object_component_ref idref="oc-18f"/>
      </symbol>
      <symbol id="sm-f20">
         <name>vsprintf</name>
         <value>0xec09</value>
         <object_component_ref idref="oc-239"/>
      </symbol>
      <symbol id="sm-f39">
         <name>_nop</name>
         <value>0xedf7</value>
         <object_component_ref idref="oc-141"/>
      </symbol>
      <symbol id="sm-f3a">
         <name>_lock</name>
         <value>0x20000f6c</value>
         <object_component_ref idref="oc-bd"/>
      </symbol>
      <symbol id="sm-f3b">
         <name>_unlock</name>
         <value>0x20000f70</value>
         <object_component_ref idref="oc-bd"/>
      </symbol>
      <symbol id="sm-f3c">
         <name>_register_lock</name>
         <value>0xedef</value>
         <object_component_ref idref="oc-141"/>
      </symbol>
      <symbol id="sm-f3d">
         <name>_register_unlock</name>
         <value>0xede9</value>
         <object_component_ref idref="oc-141"/>
      </symbol>
      <symbol id="sm-103e">
         <name>__TI_printfi</name>
         <value>0x4549</value>
         <object_component_ref idref="oc-39f"/>
      </symbol>
      <symbol id="sm-1052">
         <name>_args_main</name>
         <value>0xeda1</value>
         <object_component_ref idref="oc-61"/>
      </symbol>
      <symbol id="sm-1068">
         <name>atoi</name>
         <value>0xea51</value>
         <object_component_ref idref="oc-46c"/>
      </symbol>
      <symbol id="sm-1092">
         <name>__TI_auto_init</name>
         <value>0xe631</value>
         <object_component_ref idref="oc-5b"/>
      </symbol>
      <symbol id="sm-10ac">
         <name>copy_in</name>
         <value>0xea9d</value>
         <object_component_ref idref="oc-a4"/>
      </symbol>
      <symbol id="sm-10b7">
         <name>_ctypes_</name>
         <value>0xfa56</value>
         <object_component_ref idref="oc-4c7"/>
      </symbol>
      <symbol id="sm-10c3">
         <name>_ftable</name>
         <value>0x20000dfc</value>
         <object_component_ref idref="oc-3a7"/>
      </symbol>
      <symbol id="sm-10d0">
         <name>__aeabi_ldiv0</name>
         <value>0x4e43</value>
         <object_component_ref idref="oc-350"/>
      </symbol>
      <symbol id="sm-10df">
         <name>ltoa</name>
         <value>0xe961</value>
         <object_component_ref idref="oc-454"/>
      </symbol>
      <symbol id="sm-10ef">
         <name>memccpy</name>
         <value>0xed6b</value>
         <object_component_ref idref="oc-472"/>
      </symbol>
      <symbol id="sm-10f9">
         <name>copysign</name>
         <value>0xedfd</value>
         <object_component_ref idref="oc-4bd"/>
      </symbol>
      <symbol id="sm-10fa">
         <name>copysignl</name>
         <value>0xedfd</value>
         <object_component_ref idref="oc-4bd"/>
      </symbol>
      <symbol id="sm-1110">
         <name>frexpl</name>
         <value>0xe855</value>
         <object_component_ref idref="oc-45a"/>
      </symbol>
      <symbol id="sm-1111">
         <name>frexp</name>
         <value>0xe855</value>
         <object_component_ref idref="oc-45a"/>
      </symbol>
      <symbol id="sm-111b">
         <name>_system_post_cinit</name>
         <value>0x9937</value>
         <object_component_ref idref="oc-aa"/>
      </symbol>
      <symbol id="sm-112b">
         <name>strchr</name>
         <value>0xedd1</value>
         <object_component_ref idref="oc-466"/>
      </symbol>
      <symbol id="sm-1147">
         <name>__aeabi_uldivmod</name>
         <value>0xce81</value>
         <object_component_ref idref="oc-44f"/>
      </symbol>
      <symbol id="sm-118d">
         <name>fnm</name>
         <value>0x20000000</value>
      </symbol>
      <symbol id="sm-118e">
         <name>inv_init_maxmin</name>
         <value>0x7171</value>
         <object_component_ref idref="oc-1c7"/>
      </symbol>
      <symbol id="sm-118f">
         <name>inv_start_fast_nomot</name>
         <value>0x7209</value>
         <object_component_ref idref="oc-1c7"/>
      </symbol>
      <symbol id="sm-1190">
         <name>inv_generate_fast_nomot</name>
         <value>0x790d</value>
         <object_component_ref idref="oc-1c7"/>
      </symbol>
      <symbol id="sm-1191">
         <name>inv_fast_nomot_parameter</name>
         <value>0x7249</value>
         <object_component_ref idref="oc-1c7"/>
      </symbol>
      <symbol id="sm-1192">
         <name>inv_fast_nomot_parameter_3rd</name>
         <value>0x7255</value>
         <object_component_ref idref="oc-1c7"/>
      </symbol>
      <symbol id="sm-1193">
         <name>inv_fast_nomot_set_gyro_bias</name>
         <value>0x7335</value>
         <object_component_ref idref="oc-1c7"/>
      </symbol>
      <symbol id="sm-1194">
         <name>inv_set_fast_nomot_compass_threshold</name>
         <value>0x7405</value>
         <object_component_ref idref="oc-1c7"/>
      </symbol>
      <symbol id="sm-1195">
         <name>int_set_fast_nomot_gyro_threshold</name>
         <value>0x7411</value>
         <object_component_ref idref="oc-1c7"/>
      </symbol>
      <symbol id="sm-1196">
         <name>inv_set_fast_nomot_accel_threshold</name>
         <value>0x741d</value>
         <object_component_ref idref="oc-1c7"/>
      </symbol>
      <symbol id="sm-1197">
         <name>inv_get_fast_nomot_compass_param</name>
         <value>0x7429</value>
         <object_component_ref idref="oc-1c7"/>
      </symbol>
      <symbol id="sm-1198">
         <name>inv_get_fast_nomot_accel_param</name>
         <value>0x7449</value>
         <object_component_ref idref="oc-1c7"/>
      </symbol>
      <symbol id="sm-1199">
         <name>inv_fast_nomot_store_data</name>
         <value>0x7469</value>
         <object_component_ref idref="oc-1c7"/>
      </symbol>
      <symbol id="sm-119a">
         <name>inv_fast_nomot_store_data_compass</name>
         <value>0x7509</value>
         <object_component_ref idref="oc-1c7"/>
      </symbol>
      <symbol id="sm-119b">
         <name>inv_fast_nomot_reset_data_compass</name>
         <value>0x7555</value>
         <object_component_ref idref="oc-1c7"/>
      </symbol>
      <symbol id="sm-119c">
         <name>inv_fast_nomot_get_time_elaps</name>
         <value>0x7581</value>
         <object_component_ref idref="oc-1c7"/>
      </symbol>
      <symbol id="sm-119d">
         <name>inv_fast_nomot_parameter_compass</name>
         <value>0x758d</value>
         <object_component_ref idref="oc-1c7"/>
      </symbol>
      <symbol id="sm-119e">
         <name>inv_get_right_shift_by_rounding</name>
         <value>0x75a5</value>
         <object_component_ref idref="oc-1c7"/>
      </symbol>
      <symbol id="sm-119f">
         <name>inv_reset_min_max_gyro_accel_statistics</name>
         <value>0x7625</value>
         <object_component_ref idref="oc-1c7"/>
      </symbol>
      <symbol id="sm-11a0">
         <name>inv_record_max_moment_in_no_motion_gyro</name>
         <value>0x7659</value>
         <object_component_ref idref="oc-1c7"/>
      </symbol>
      <symbol id="sm-11a1">
         <name>inv_record_max_moment_in_no_motion_accel</name>
         <value>0x768d</value>
         <object_component_ref idref="oc-1c7"/>
      </symbol>
      <symbol id="sm-11a2">
         <name>inv_record_min_moment_in_motion_gyro</name>
         <value>0x76c1</value>
         <object_component_ref idref="oc-1c7"/>
      </symbol>
      <symbol id="sm-11a3">
         <name>inv_record_min_moment_in_motion_accel</name>
         <value>0x76f5</value>
         <object_component_ref idref="oc-1c7"/>
      </symbol>
      <symbol id="sm-11a4">
         <name>inv_detect_motion_by_gyro_accel</name>
         <value>0x7729</value>
         <object_component_ref idref="oc-1c7"/>
      </symbol>
      <symbol id="sm-11a5">
         <name>inv_sensor_data_preprocess</name>
         <value>0x786d</value>
         <object_component_ref idref="oc-1c7"/>
      </symbol>
      <symbol id="sm-11a6">
         <name>inv_set_default_number_of_samples</name>
         <value>0x7c59</value>
         <object_component_ref idref="oc-1c7"/>
      </symbol>
      <symbol id="sm-11a7">
         <name>inv_init_fast_nomot</name>
         <value>0x7ca9</value>
         <object_component_ref idref="oc-1c7"/>
      </symbol>
      <symbol id="sm-11a8">
         <name>inv_stop_fast_nomot</name>
         <value>0x7d11</value>
         <object_component_ref idref="oc-1c7"/>
      </symbol>
      <symbol id="sm-11a9">
         <name>inv_enable_fast_nomot</name>
         <value>0x7d29</value>
         <object_component_ref idref="oc-1c7"/>
      </symbol>
      <symbol id="sm-11aa">
         <name>inv_disable_fast_nomot</name>
         <value>0x7d41</value>
         <object_component_ref idref="oc-1c7"/>
      </symbol>
      <symbol id="sm-11ab">
         <name>inv_get_fnm_gyro_no_motion_param</name>
         <value>0x7d55</value>
         <object_component_ref idref="oc-1c7"/>
      </symbol>
      <symbol id="sm-11ac">
         <name>inv_fnm_debug_print</name>
         <value>0x7d61</value>
         <object_component_ref idref="oc-1c7"/>
      </symbol>
      <symbol id="sm-11d1">
         <name>inv_start_9x_sensor_fusion</name>
         <value>0x9939</value>
         <object_component_ref idref="oc-1c2"/>
      </symbol>
      <symbol id="sm-11d2">
         <name>inv_process_9x_sensor_fusion_cb</name>
         <value>0x9f55</value>
         <object_component_ref idref="oc-1c2"/>
      </symbol>
      <symbol id="sm-11d3">
         <name>inv_filter_correction_angle</name>
         <value>0x9949</value>
         <object_component_ref idref="oc-1c2"/>
      </symbol>
      <symbol id="sm-11d4">
         <name>s9axis</name>
         <value>0x200008cc</value>
      </symbol>
      <symbol id="sm-11d5">
         <name>inv_perform_9x_fusion</name>
         <value>0x9b39</value>
         <object_component_ref idref="oc-1c2"/>
      </symbol>
      <symbol id="sm-11d6">
         <name>inv_init_9x_fusion</name>
         <value>0x9fed</value>
         <object_component_ref idref="oc-1c2"/>
      </symbol>
      <symbol id="sm-11d7">
         <name>inv_9x_fusion_set_mag_fb</name>
         <value>0xa029</value>
         <object_component_ref idref="oc-1c2"/>
      </symbol>
      <symbol id="sm-11d8">
         <name>inv_9x_fusion_enable_jitter_reduction</name>
         <value>0xa039</value>
         <object_component_ref idref="oc-1c2"/>
      </symbol>
      <symbol id="sm-11d9">
         <name>inv_9x_fusion_use_timestamps</name>
         <value>0xa049</value>
         <object_component_ref idref="oc-1c2"/>
      </symbol>
      <symbol id="sm-11da">
         <name>inv_stop_9x_sensor_fusion</name>
         <value>0xa059</value>
         <object_component_ref idref="oc-1c2"/>
      </symbol>
      <symbol id="sm-11db">
         <name>inv_enable_9x_sensor_fusion</name>
         <value>0xa065</value>
         <object_component_ref idref="oc-1c2"/>
      </symbol>
      <symbol id="sm-11dc">
         <name>inv_disable_9x_sensor_fusion</name>
         <value>0xa089</value>
         <object_component_ref idref="oc-1c2"/>
      </symbol>
      <symbol id="sm-120a">
         <name>inv_start_gyro_tc</name>
         <value>0xb34d</value>
         <object_component_ref idref="oc-1cc"/>
      </symbol>
      <symbol id="sm-120b">
         <name>inv_init_gyro_ts</name>
         <value>0xb7c5</value>
         <object_component_ref idref="oc-1cc"/>
      </symbol>
      <symbol id="sm-120c">
         <name>inv_set_gtc_max_temp</name>
         <value>0xb7fd</value>
         <object_component_ref idref="oc-1cc"/>
      </symbol>
      <symbol id="sm-120d">
         <name>inv_set_gtc_min_temp</name>
         <value>0xb80d</value>
         <object_component_ref idref="oc-1cc"/>
      </symbol>
      <symbol id="sm-120e">
         <name>inv_set_gtc_min_diff</name>
         <value>0xb81d</value>
         <object_component_ref idref="oc-1cc"/>
      </symbol>
      <symbol id="sm-120f">
         <name>inv_get_gyro_ts</name>
         <value>0xb82d</value>
         <object_component_ref idref="oc-1cc"/>
      </symbol>
      <symbol id="sm-1210">
         <name>inv_set_gyro_ts</name>
         <value>0xb851</value>
         <object_component_ref idref="oc-1cc"/>
      </symbol>
      <symbol id="sm-1211">
         <name>inv_set_gtc_order</name>
         <value>0xb855</value>
         <object_component_ref idref="oc-1cc"/>
      </symbol>
      <symbol id="sm-1212">
         <name>inv_print_gtc_data</name>
         <value>0xb86d</value>
         <object_component_ref idref="oc-1cc"/>
      </symbol>
      <symbol id="sm-1213">
         <name>inv_stop_gyro_tc</name>
         <value>0xb871</value>
         <object_component_ref idref="oc-1cc"/>
      </symbol>
      <symbol id="sm-1214">
         <name>inv_enable_gyro_tc</name>
         <value>0xb87d</value>
         <object_component_ref idref="oc-1cc"/>
      </symbol>
      <symbol id="sm-1215">
         <name>inv_disable_gyro_tc</name>
         <value>0xb8bd</value>
         <object_component_ref idref="oc-1cc"/>
      </symbol>
      <symbol id="sm-123f">
         <name>inv_start_magnetic_disturbance</name>
         <value>0xa099</value>
         <object_component_ref idref="oc-2f4"/>
      </symbol>
      <symbol id="sm-1240">
         <name>inv_magnetic_disturbance_process</name>
         <value>0xa6d5</value>
         <object_component_ref idref="oc-2f4"/>
      </symbol>
      <symbol id="sm-1241">
         <name>inv_set_magnetic_disturbance</name>
         <value>0xa0a9</value>
         <object_component_ref idref="oc-2f4"/>
      </symbol>
      <symbol id="sm-1242">
         <name>inv_init_magnetic_disturbance</name>
         <value>0xa0c1</value>
         <object_component_ref idref="oc-2f4"/>
      </symbol>
      <symbol id="sm-1243">
         <name>inv_stop_magnetic_disturbance</name>
         <value>0xa10d</value>
         <object_component_ref idref="oc-2f4"/>
      </symbol>
      <symbol id="sm-1244">
         <name>inv_enable_magnetic_disturbance</name>
         <value>0xa119</value>
         <object_component_ref idref="oc-2f4"/>
      </symbol>
      <symbol id="sm-1245">
         <name>inv_disable_magnetic_disturbance</name>
         <value>0xa145</value>
         <object_component_ref idref="oc-2f4"/>
      </symbol>
      <symbol id="sm-1246">
         <name>inv_disable_dip_tracking</name>
         <value>0xa15d</value>
         <object_component_ref idref="oc-2f4"/>
      </symbol>
      <symbol id="sm-1247">
         <name>inv_enable_dip_tracking</name>
         <value>0xa16d</value>
         <object_component_ref idref="oc-2f4"/>
      </symbol>
      <symbol id="sm-1248">
         <name>inv_track_dip_angle</name>
         <value>0xa17d</value>
         <object_component_ref idref="oc-2f4"/>
      </symbol>
      <symbol id="sm-1249">
         <name>ComputeAngleVelocity</name>
         <value>0xa215</value>
         <object_component_ref idref="oc-2f4"/>
      </symbol>
      <symbol id="sm-124a">
         <name>Mag3ofNormalizedLong</name>
         <value>0xa275</value>
         <object_component_ref idref="oc-2f4"/>
      </symbol>
      <symbol id="sm-124b">
         <name>MagDisturbSetDisturbance</name>
         <value>0xa2c9</value>
         <object_component_ref idref="oc-2f4"/>
      </symbol>
      <symbol id="sm-124c">
         <name>MagDisturbCheckSettling</name>
         <value>0xa349</value>
         <object_component_ref idref="oc-2f4"/>
      </symbol>
      <symbol id="sm-124d">
         <name>inv_check_magnetic_disturbance</name>
         <value>0xa3a1</value>
         <object_component_ref idref="oc-2f4"/>
      </symbol>
      <symbol id="sm-124e">
         <name>inv_get_magnetic_disturbance_state</name>
         <value>0xa70d</value>
         <object_component_ref idref="oc-2f4"/>
      </symbol>
      <symbol id="sm-124f">
         <name>mag_disturb</name>
         <value>0x20000ad8</value>
         <object_component_ref idref="oc-41a"/>
      </symbol>
      <symbol id="sm-127c">
         <name>inv_start_quaternion</name>
         <value>0x7e39</value>
         <object_component_ref idref="oc-1bd"/>
      </symbol>
      <symbol id="sm-127d">
         <name>inv_generate_gyro_quaternion</name>
         <value>0x7fa5</value>
         <object_component_ref idref="oc-1bd"/>
      </symbol>
      <symbol id="sm-127e">
         <name>inv_set_quaternion</name>
         <value>0x7fb1</value>
         <object_component_ref idref="oc-1bd"/>
      </symbol>
      <symbol id="sm-127f">
         <name>inv_generate_accel_gyro_quaternion</name>
         <value>0x7fe1</value>
         <object_component_ref idref="oc-1bd"/>
      </symbol>
      <symbol id="sm-1280">
         <name>inv_stop_quaternion</name>
         <value>0x8779</value>
         <object_component_ref idref="oc-1bd"/>
      </symbol>
      <symbol id="sm-1281">
         <name>inv_init_quaternion</name>
         <value>0x8785</value>
         <object_component_ref idref="oc-1bd"/>
      </symbol>
      <symbol id="sm-1282">
         <name>inv_enable_quaternion</name>
         <value>0x87a9</value>
         <object_component_ref idref="oc-1bd"/>
      </symbol>
      <symbol id="sm-1283">
         <name>inv_disable_quaternion</name>
         <value>0x87c1</value>
         <object_component_ref idref="oc-1bd"/>
      </symbol>
      <symbol id="sm-12a6">
         <name>acosf</name>
         <value>0xd22d</value>
         <object_component_ref idref="oc-41c"/>
      </symbol>
      <symbol id="sm-12af">
         <name>__aeabi_dcmpgt</name>
         <value>0xee37</value>
         <object_component_ref idref="oc-2e3"/>
      </symbol>
      <symbol id="sm-12ba">
         <name>__aeabi_f2lz</name>
         <value>0xe77f</value>
         <object_component_ref idref="oc-301"/>
      </symbol>
      <symbol id="sm-12c5">
         <name>__aeabi_l2f</name>
         <value>0xebc1</value>
         <object_component_ref idref="oc-2fc"/>
      </symbol>
      <symbol id="sm-12d9">
         <name>cosf</name>
         <value>0xe169</value>
         <object_component_ref idref="oc-2ce"/>
      </symbol>
      <symbol id="sm-12eb">
         <name>sinf</name>
         <value>0xe2cd</value>
         <object_component_ref idref="oc-2d4"/>
      </symbol>
      <symbol id="sm-12ec">
         <name>__TI_static_base__</name>
         <value>0x0</value>
      </symbol>
      <symbol id="sm-12ef">
         <name>SHT$$INIT_ARRAY$$Limit</name>
         <value>0x0</value>
      </symbol>
      <symbol id="sm-12f0">
         <name>SHT$$INIT_ARRAY$$Base</name>
         <value>0x0</value>
      </symbol>
   </symbol_table>
   <title>Link successful</title>
</link_info>
