******************************************************************************
                  TI ARM Linker PC v16.9.3                     
******************************************************************************
>> Linked Thu Jun 29 12:43:21 2017

OUTPUT FILE NAME:   <Project2.out>
ENTRY POINT SYMBOL: "_c_int00"  address: 0000d3f1


MEMORY CONFIGURATION

         name            origin    length      used     unused   attr    fill
----------------------  --------  ---------  --------  --------  ----  --------
  MAIN                  00000000   00040000  0000e83e  000317c2  R  X
  INFO                  00200000   00004000  00000000  00004000  R  X
  SRAM_CODE             01000000   00010000  00000000  00010000  RW X
  SRAM_DATA             20000000   00010000  00001070  0000ef90  RW  


SEGMENT ALLOCATION MAP

run origin  load origin   length   init length attrs members
----------  ----------- ---------- ----------- ----- -------
00000000    00000000    0000e840   0000e840    r-x
  00000000    00000000    00000140   00000140    r-- .intvecs
  00000140    00000140    0000d856   0000d856    r-x .text
  0000d998    0000d998    00000e34   00000e34    r-- .const
  0000e7cc    0000e7cc    0000000c   0000000c    r-- .rodata.str1.4
  0000e7d8    0000e7d8    00000068   00000068    r-- .cinit
20000000    20000000    00000e70   00000000    rw-
  20000000    20000000    00000cfc   00000000    rw- .bss
  20000cfc    20000cfc    00000174   00000000    rw- .data
2000fe00    2000fe00    00000200   00000000    rw-
  2000fe00    2000fe00    00000200   00000000    rw- .stack


SECTION ALLOCATION MAP

 output                                  attributes/
section   page    origin      length       input sections
--------  ----  ----------  ----------   ----------------
.intvecs   0    00000000    00000140     
                  00000000    00000140     startup_msp432p401r_ccs.obj (.intvecs:retain)

.text      0    00000140    0000d856     
                  00000140    000026e0     inv_mpu.obj (.text)
                  00002820    000014e4     ml_math_func.obj (.text)
                  00003d04    0000113e     rtsv7M4_T_le_v4SPD16_eabi.lib : _printfi.obj (.text)
                  00004e42    00000002                                   : l_div0.obj (.text)
                  00004e44    00001108     data_builder.obj (.text)
                  00005f4c    00001088     inv_mpu_dmp_motion_driver.obj (.text)
                  00006fd4    00000d90     liblibmplmpu.a : fast_no_motion.o (.text)
                  00007d64    00000004     rtsv7M4_T_le_v4SPD16_eabi.lib : pre_init.obj (.text)
                  00007d68    00000a78     liblibmplmpu.a : quaternion_supervisor.o (.text)
                  000087e0    00000760                    : fusion_9axis.o (.text)
                  00008f40    00000680                    : mag_disturb.o (.text)
                  000095c0    000005e8     results_holder.obj (.text)
                  00009ba8    000005cc     mpu_setup.obj (.text)
                  0000a174    000005a0     liblibmplmpu.a : gyro_tc.o (.text)
                  0000a714    00000420     rtsv7M4_T_le_v4SPD16_eabi.lib : e_acos.obj (.text)
                  0000ab34    000003e0     msp432_I2C.obj (.text)
                  0000af14    00000360     log_msp432.obj (.text)
                  0000b274    00000328     system_msp432p401r.obj (.text)
                  0000b59c    000002d4     storage_manager.obj (.text)
                  0000b870    0000021e     rtsv7M4_T_le_v4SPD16_eabi.lib : ll_div_t2.obj (.text)
                  0000ba8e    000001f4                                   : ull_div_t2.obj (.text)
                  0000bc82    000001b6                                   : fd_add_t2.obj (.text)
                  0000be38    00000194                                   : e_acosf.obj (.text)
                  0000bfcc    00000170                                   : e_sqrt.obj (.text)
                  0000c13c    00000158                                   : e_atan2f.obj (.text)
                  0000c294    00000150                                   : s_atanf.obj (.text)
                  0000c3e4    00000136                                   : fd_div_t2.obj (.text)
                  0000c51a    00000002                                   : mpu_init.obj (.text)
                  0000c51c    00000120     mpu_Uart.obj (.text)
                  0000c63c    00000104     msp432p4xx_driverlib.lib : cs.o (.text:CS_getDCOFrequency)
                  0000c740    000000fc     rtsv7M4_T_le_v4SPD16_eabi.lib : fd_mul_t2.obj (.text)
                  0000c83c    000000fc                                   : s_scalbn.obj (.text)
                  0000c938    000000f8     msp432_Clock.obj (.text)
                  0000ca30    000000e8     mpl.obj (.text)
                  0000cb18    000000e4     start_manager.obj (.text)
                  0000cbfc    000000b4     rtsv7M4_T_le_v4SPD16_eabi.lib : s_cosf.obj (.text)
                  0000ccb0    000000b0     msp432_Interrupt.obj (.text)
                  0000cd60    000000a4     main.obj (.text)
                  0000ce04    000000a4     rtsv7M4_T_le_v4SPD16_eabi.lib : s_sinf.obj (.text)
                  0000cea8    0000009c     msp432p4xx_driverlib.lib : cs.o (.text:_CSComputeCLKFrequency)
                  0000cf44    0000009c     rtsv7M4_T_le_v4SPD16_eabi.lib : memcpy_t2.obj (.text)
                  0000cfe0    00000086                                   : fd_cmp_t2.obj (.text:__aeabi_cdcmple)
                  0000d066    00000086                                   : fd_cmp_t2.obj (.text:__aeabi_cdrcmple)
                  0000d0ec    0000007a                                   : memset_t2.obj (.text)
                  0000d166    00000002                                   : startup.obj (.text)
                  0000d168    00000070                                   : autoinit.obj (.text)
                  0000d1d8    00000070                                   : printf.obj (.text)
                  0000d248    0000006e                                   : fd_tos_t2.obj (.text)
                  0000d2b6    0000006c                                   : fs_toll_t2.obj (.text)
                  0000d322    00000068                                   : copy_decompress_lzss.obj (.text:decompress:lzss)
                  0000d38a    00000002     --HOLE-- [fill = 0]
                  0000d38c    00000064                                   : s_frexp.obj (.text)
                  0000d3f0    00000054                                   : boot.obj (.text)
                  0000d444    00000054                                   : exit.obj (.text)
                  0000d498    00000054                                   : ltoa.obj (.text)
                  0000d4ec    00000050     msp432p4xx_driverlib.lib : sysctl.o (.text:SysCtl_getTLVInfo)
                  0000d53c    0000004c                              : cs.o (.text:_CSGetDOCFrequency)
                  0000d588    0000004c     rtsv7M4_T_le_v4SPD16_eabi.lib : atoi.obj (.text)
                  0000d5d4    0000004c                                   : cpy_tbl.obj (.text)
                  0000d620    00000048     msp432p4xx_driverlib.lib : cs.o (.text:_CSGetDividerValue)
                  0000d668    00000048     message_layer.obj (.text)
                  0000d6b0    00000048     rtsv7M4_T_le_v4SPD16_eabi.lib : fd_toi_t2.obj (.text)
                  0000d6f8    00000048                                   : ll_tofs_t2.obj (.text)
                  0000d740    00000048                                   : vsprintf.obj (.text)
                  0000d788    00000038                                   : fs_tod_t2.obj (.text)
                  0000d7c0    0000002e                                   : i_tofd_t2.obj (.text)
                  0000d7ee    00000002     --HOLE-- [fill = 0]
                  0000d7f0    00000028                                   : e_sqrtf.obj (.text)
                  0000d818    00000024     msp432p4xx_driverlib.lib : cs.o (.text:CS_clearInterruptFlag)
                  0000d83c    00000024     rtsv7M4_T_le_v4SPD16_eabi.lib : memcmp.obj (.text)
                  0000d860    00000024                                   : memmov.obj (.text)
                  0000d884    0000001e                                   : ll_asr_t2.obj (.text)
                  0000d8a2    0000001c                                   : memccpy.obj (.text)
                  0000d8be    00000002     --HOLE-- [fill = 0]
                  0000d8c0    00000018     msp432p4xx_driverlib.lib : cs.o (.text:CS_getMCLK)
                  0000d8d8    00000018     rtsv7M4_T_le_v4SPD16_eabi.lib : args_main.obj (.text)
                  0000d8f0    00000018                                   : ll_mul_t2.obj (.text)
                  0000d908    00000016                                   : strchr.obj (.text)
                  0000d91e    00000002     --HOLE-- [fill = 0]
                  0000d920    00000014                                   : _lock.obj (.text)
                  0000d934    00000014                                   : s_copysign.obj (.text)
                  0000d948    00000014                                   : strlen.obj (.text)
                  0000d95c    00000012     startup_msp432p401r_ccs.obj (.text)
                  0000d96e    0000000e     rtsv7M4_T_le_v4SPD16_eabi.lib : fd_eabi_t2.obj (.text:__aeabi_dcmpgt)
                  0000d97c    0000000e                                   : copy_decompress_none.obj (.text:decompress:none)
                  0000d98a    0000000c                                   : copy_zero_init.obj (.text:decompress:ZI)

.const     0    0000d998    00000e34     
                  0000d998    00000bf6     inv_mpu_dmp_motion_driver.obj (.const:.string:dmp_memory)
                  0000e58e    00000101     rtsv7M4_T_le_v4SPD16_eabi.lib : ctype.obj (.const:.string:_ctypes_)
                  0000e68f    00000001     --HOLE-- [fill = 0]
                  0000e690    00000034                                   : s_atanf.obj (.const:$O1$$)
                  0000e6c4    00000028     inv_mpu.obj (.const:test)
                  0000e6ec    00000024     mpu_Uart.obj (.const:uartConfig)
                  0000e710    0000001e     inv_mpu.obj (.const:reg)
                  0000e72e    00000014     mpl.obj (.const:.string:ml_ver)
                  0000e742    00000002     inv_mpu_dmp_motion_driver.obj (.const)
                  0000e744    00000014     msp432_I2C.obj (.const:i2cConfig)
                  0000e758    0000000e     mpl.obj (.const:.string:$P$T1$2)
                  0000e766    0000000d     mpl.obj (.const:.string:$P$T0$1)
                  0000e773    0000000c     inv_mpu_dmp_motion_driver.obj (.const:.string:$P$T4$5)
                  0000e77f    00000001     --HOLE-- [fill = 0]
                  0000e780    0000000c     inv_mpu.obj (.const:hw)
                  0000e78c    0000000b     inv_mpu_dmp_motion_driver.obj (.const:.string:$P$T7$8)
                  0000e797    0000000b     inv_mpu_dmp_motion_driver.obj (.const:.string:$P$T8$9)
                  0000e7a2    00000002     --HOLE-- [fill = 0]
                  0000e7a4    0000000a     mpu_setup.obj (.const:.string)
                  0000e7ae    00000009     inv_mpu_dmp_motion_driver.obj (.const:.string:$P$T5$6)
                  0000e7b7    00000009     inv_mpu_dmp_motion_driver.obj (.const:.string:$P$T6$7)
                  0000e7c0    00000003     inv_mpu_dmp_motion_driver.obj (.const:.string:$P$T0$1)
                  0000e7c3    00000003     inv_mpu_dmp_motion_driver.obj (.const:.string:$P$T1$2)
                  0000e7c6    00000003     inv_mpu_dmp_motion_driver.obj (.const:.string:$P$T2$3)
                  0000e7c9    00000003     inv_mpu_dmp_motion_driver.obj (.const:.string:$P$T3$4)

.cinit     0    0000e7d8    00000068     
                  0000e7d8    00000044     (.cinit..data.load) [load image, compression = lzss]
                  0000e81c    0000000c     (__TI_handler_table)
                  0000e828    00000008     (.cinit..bss.load) [load image, compression = zero_init]
                  0000e830    00000010     (__TI_cinit_table)

.init_array 
*          0    00000000    00000000     UNINITIALIZED

.rodata.str1.4 
*          0    0000e7cc    0000000c     
                  0000e7cc    0000000c     liblibmplmpu.a : quaternion_supervisor.o (.rodata.str1.4)

.bss       0    20000000    00000cfc     UNINITIALIZED
                  20000000    00000260     (.common:fnm)
                  20000260    000001d0     data_builder.obj (.bss:sensors)
                  20000430    000001c4     liblibmplmpu.a : gyro_tc.o (.bss)
                  200005f4    00000198     storage_manager.obj (.bss:ds)
                  2000078c    00000140     data_builder.obj (.bss:inv_data_builder)
                  200008cc    00000138     (.common:s9axis)
                  20000a04    000000b8     liblibmplmpu.a : mag_disturb.o (.bss)
                  20000abc    00000004     main.obj (.bss)
                  20000ac0    00000090     results_holder.obj (.bss:rh)
                  20000b50    0000006c     liblibmplmpu.a : quaternion_supervisor.o (.bss)
                  20000bbc    00000064     msp432_I2C.obj (.bss:RXData)
                  20000c20    00000054     start_manager.obj (.bss:inv_start_cb)
                  20000c74    00000004     message_layer.obj (.bss:mh)
                  20000c78    00000040     liblibmplmpu.a : fast_no_motion.o (.bss)
                  20000cb8    00000024     main.obj (.bss:$P$T0$1)
                  20000cdc    0000000c     msp432_I2C.obj (.bss)
                  20000ce8    00000008     mpu_setup.obj (.bss)
                  20000cf0    00000004     msp432_Interrupt.obj (.bss)
                  20000cf4    00000004     (.common:hfxtFreq)
                  20000cf8    00000004     (.common:lfxtFreq)

.data      0    20000cfc    00000174     UNINITIALIZED
                  20000cfc    000000f0     rtsv7M4_T_le_v4SPD16_eabi.lib : defs.obj (.data:_ftable)
                  20000dec    0000002c     inv_mpu.obj (.data:st)
                  20000e18    00000010     inv_mpu_dmp_motion_driver.obj (.data:dmp)
                  20000e28    0000000c     rtsv7M4_T_le_v4SPD16_eabi.lib : exit.obj (.data:$O1$$)
                  20000e34    0000000c     msp432_Clock.obj (.data:counter)
                  20000e40    00000009     mpu_setup.obj (.data:gyro_pdata)
                  20000e49    00000003     --HOLE--
                  20000e4c    00000009     msp432_I2C.obj (.data)
                  20000e55    00000003     --HOLE--
                  20000e58    00000008     rtsv7M4_T_le_v4SPD16_eabi.lib : _lock.obj (.data:$O1$$)
                  20000e60    00000004     mpu_setup.obj (.data)
                  20000e64    00000004     rtsv7M4_T_le_v4SPD16_eabi.lib : errno.obj (.data)
                  20000e68    00000004                                   : stkdepth_vars.obj (.data)
                  20000e6c    00000004     system_msp432p401r.obj (.data)

.stack     0    2000fe00    00000200     UNINITIALIZED
                  2000fe00    00000200     --HOLE--

MODULE SUMMARY

       Module                          code    ro data   rw data
       ------                          ----    -------   -------
    .\
       system_msp432p401r.obj          808     0         4      
       startup_msp432p401r_ccs.obj     18      320       0      
       main.obj                        164     0         40     
    +--+-------------------------------+-------+---------+---------+
       Total:                          990     320       44     
                                                                
    .\drivers\eMPL\
       inv_mpu.obj                     9952    82        44     
       inv_mpu_dmp_motion_driver.obj   4232    3128      16     
    +--+-------------------------------+-------+---------+---------+
       Total:                          14184   3210      60     
                                                                
    .\mllite\
       ml_math_func.obj                5348    0         0      
       data_builder.obj                4360    0         784    
       results_holder.obj              1512    0         144    
       storage_manager.obj             724     0         408    
       start_manager.obj               228     0         84     
       mpl.obj                         232     47        0      
       message_layer.obj               72      0         4      
    +--+-------------------------------+-------+---------+---------+
       Total:                          12476   47        1424   
                                                                
    .\msp432Peripherals\
       mpu_setup.obj                   1484    10        21     
       msp432_I2C.obj                  992     20        121    
       msp432_Clock.obj                248     0         12     
       msp432_Interrupt.obj            176     0         4      
    +--+-------------------------------+-------+---------+---------+
       Total:                          2900    30        158    
                                                                
    .\msp432Peripherals\mpuUart\
       log_msp432.obj                  864     0         0      
       mpu_Uart.obj                    288     36        0      
    +--+-------------------------------+-------+---------+---------+
       Total:                          1152    36        0      
                                                                
    ../mpl/liblibmplmpu.a
       fast_no_motion.o                3472    0         672    
       quaternion_supervisor.o         2680    12        108    
       fusion_9axis.o                  1888    0         312    
       gyro_tc.o                       1440    0         452    
       mag_disturb.o                   1664    0         184    
    +--+-------------------------------+-------+---------+---------+
       Total:                          11144   12        1728   
                                                                
    C:/ti/msp/MSP432Ware_3_50_00_02/driverlib/driverlib/MSP432P4xx/ccs/msp432p4xx_driverlib.lib
       cs.o                            624     0         8      
       sysctl.o                        80      0         0      
    +--+-------------------------------+-------+---------+---------+
       Total:                          704     0         8      
                                                                
    D:\ti\ccsv7\tools\compiler\ti-cgt-arm_16.9.3.LTS\lib\rtsv7M4_T_le_v4SPD16_eabi.lib
       _printfi.obj                    4414    0         0      
       e_acos.obj                      1056    0         0      
       ll_div_t2.obj                   542     0         0      
       ull_div_t2.obj                  500     0         0      
       fd_add_t2.obj                   438     0         0      
       e_acosf.obj                     404     0         0      
       s_atanf.obj                     336     52        0      
       e_sqrt.obj                      368     0         0      
       e_atan2f.obj                    344     0         0      
       fd_div_t2.obj                   310     0         0      
       fd_cmp_t2.obj                   268     0         0      
       ctype.obj                       0       257       0      
       fd_mul_t2.obj                   252     0         0      
       s_scalbn.obj                    252     0         0      
       defs.obj                        0       0         240    
       s_cosf.obj                      180     0         0      
       s_sinf.obj                      164     0         0      
       memcpy_t2.obj                   156     0         0      
       memset_t2.obj                   122     0         0      
       autoinit.obj                    112     0         0      
       printf.obj                      112     0         0      
       fd_tos_t2.obj                   110     0         0      
       fs_toll_t2.obj                  108     0         0      
       copy_decompress_lzss.obj        104     0         0      
       s_frexp.obj                     100     0         0      
       exit.obj                        84      0         12     
       boot.obj                        84      0         0      
       ltoa.obj                        84      0         0      
       atoi.obj                        76      0         0      
       cpy_tbl.obj                     76      0         0      
       fd_toi_t2.obj                   72      0         0      
       ll_tofs_t2.obj                  72      0         0      
       vsprintf.obj                    72      0         0      
       fs_tod_t2.obj                   56      0         0      
       i_tofd_t2.obj                   46      0         0      
       e_sqrtf.obj                     40      0         0      
       memcmp.obj                      36      0         0      
       memmov.obj                      36      0         0      
       ll_asr_t2.obj                   30      0         0      
       _lock.obj                       20      0         8      
       memccpy.obj                     28      0         0      
       args_main.obj                   24      0         0      
       ll_mul_t2.obj                   24      0         0      
       strchr.obj                      22      0         0      
       s_copysign.obj                  20      0         0      
       strlen.obj                      20      0         0      
       copy_decompress_none.obj        14      0         0      
       fd_eabi_t2.obj                  14      0         0      
       copy_zero_init.obj              12      0         0      
       errno.obj                       0       0         4      
       pre_init.obj                    4       0         0      
       stkdepth_vars.obj               0       0         4      
       l_div0.obj                      2       0         0      
       mpu_init.obj                    2       0         0      
       startup.obj                     2       0         0      
    +--+-------------------------------+-------+---------+---------+
       Total:                          11824   309       268    
                                                                
       Stack:                          0       0         512    
       Linker Generated:               0       104       0      
    +--+-------------------------------+-------+---------+---------+
       Grand Total:                    55374   4068      4202   


LINKER GENERATED COPY TABLES

__TI_cinit_table @ 0000e830 records: 2, size/record: 8, table size: 16
	.data: load addr=0000e7d8, load size=00000044 bytes, run addr=20000cfc, run size=00000174 bytes, compression=lzss
	.bss: load addr=0000e828, load size=00000008 bytes, run addr=20000000, run size=00000cfc bytes, compression=zero_init


LINKER GENERATED HANDLER TABLE

__TI_handler_table @ 0000e81c records: 3, size/record: 4, table size: 12
	index: 0, handler: __TI_decompress_lzss
	index: 1, handler: __TI_decompress_none
	index: 2, handler: __TI_zero_init


GLOBAL SYMBOLS: SORTED ALPHABETICALLY BY Name 

address   name                                    
-------   ----                                    
0000d445  C$$EXIT                                 
0000d819  CS_clearInterruptFlag                   
0000c63d  CS_getDCOFrequency                      
0000d8c1  CS_getMCLK                              
000090bd  ComputeAngleVelocity                    
0000ad7d  I2C_IRQHandler                          
0000911d  Mag3ofNormalizedLong                    
000091f1  MagDisturbCheckSettling                 
00009171  MagDisturbSetDisturbance                
0000cd0b  PORT4_IRQHandler                        
UNDEFED   SHT$$INIT_ARRAY$$Base                   
UNDEFED   SHT$$INIT_ARRAY$$Limit                  
0000d4ed  SysCtl_getTLVInfo                       
20000e6c  SystemCoreClock                         
0000b275  SystemCoreClockUpdate                   
0000b4e9  SystemInit                              
0000c567  UART_InChar                             
0000c54b  UART_OutChar                            
0000c5a5  UART_OutString                          
4000480c  WDTCTL_SYM                              
0000af15  _MLPrintLog                             
20010000  __STACK_END                             
00000200  __STACK_SIZE                            
0000e830  __TI_CINIT_Base                         
0000e840  __TI_CINIT_Limit                        
0000e81c  __TI_Handler_Table_Base                 
0000e828  __TI_Handler_Table_Limit                
0000d169  __TI_auto_init                          
20000e28  __TI_cleanup_ptr                        
0000d323  __TI_decompress_lzss                    
0000d97d  __TI_decompress_none                    
20000e2c  __TI_dtors_ptr                          
20000e30  __TI_enable_exit_profile_output         
ffffffff  __TI_pprof_out_hndl                     
00004549  __TI_printfi                            
ffffffff  __TI_prof_data_size                     
ffffffff  __TI_prof_data_start                    
00000000  __TI_static_base__                      
0000d98b  __TI_zero_init                          
0000cfe1  __aeabi_cdcmpeq                         
0000cfe1  __aeabi_cdcmple                         
0000d067  __aeabi_cdrcmple                        
0000d249  __aeabi_d2f                             
0000d6b1  __aeabi_d2iz                            
0000bc8d  __aeabi_dadd                            
0000d96f  __aeabi_dcmpgt                          
0000c3e5  __aeabi_ddiv                            
0000c741  __aeabi_dmul                            
0000bc83  __aeabi_dsub                            
0000d789  __aeabi_f2d                             
0000d2b7  __aeabi_f2lz                            
0000d7c1  __aeabi_i2d                             
0000d6f9  __aeabi_l2f                             
0000d885  __aeabi_lasr                            
00004e43  __aeabi_ldiv0                           
0000b871  __aeabi_ldivmod                         
0000d8f1  __aeabi_lmul                            
0000d0ed  __aeabi_memclr                          
0000d0ed  __aeabi_memclr4                         
0000d0ed  __aeabi_memclr8                         
0000cf45  __aeabi_memcpy                          
0000cf45  __aeabi_memcpy4                         
0000cf45  __aeabi_memcpy8                         
0000d0ef  __aeabi_memset                          
0000d0ef  __aeabi_memset4                         
0000d0ef  __aeabi_memset8                         
0000ba8f  __aeabi_uldivmod                        
ffffffff  __binit__                               
ffffffff  __c_args__                              
0000c51b  __mpu_init                              
2000fe00  __stack                                 
0000d8d9  _args_main                              
0000d3f1  _c_int00                                
0000e58e  _ctypes_                                
20000cfc  _ftable                                 
20000e58  _lock                                   
0000d92f  _nop                                    
0000d927  _register_lock                          
0000d921  _register_unlock                        
0000d167  _system_post_cinit                      
00007d65  _system_pre_init                        
20000e5c  _unlock                                 
0000d449  abort                                   
0000a715  acos                                    
0000be39  acosf                                   
0000a715  acosl                                   
0000c13d  atan2f                                  
0000c295  atanf                                   
0000d589  atoi                                    
ffffffff  binit                                   
0000d5d5  copy_in                                 
0000d935  copysign                                
0000d935  copysignl                               
0000cbfd  cosf                                    
0000c98f  delay_ms                                
00006c43  dmp_enable_6x_lp_quat                   
00006943  dmp_enable_feature                      
00006bb1  dmp_enable_gyro_cal                     
00006c01  dmp_enable_lp_quat                      
00006b9d  dmp_get_enabled_features                
0000640d  dmp_get_fifo_rate                       
0000682d  dmp_get_pedometer_step_count            
000068b3  dmp_get_pedometer_walk_time             
00005f4d  dmp_load_motion_driver_firmware         
00006d5d  dmp_read_fifo                           
00006faf  dmp_register_android_orient_cb          
00006f9d  dmp_register_tap_cb                     
00006245  dmp_set_accel_bias                      
0000638d  dmp_set_fifo_rate                       
000060e9  dmp_set_gyro_bias                       
00006cfb  dmp_set_interrupt_mode                  
00005f61  dmp_set_orientation                     
00006879  dmp_set_pedometer_step_count            
000068ff  dmp_set_pedometer_walk_time             
0000673d  dmp_set_shake_reject_thresh             
00006799  dmp_set_shake_reject_time               
000067dd  dmp_set_shake_reject_timeout            
0000662d  dmp_set_tap_axes                        
00006685  dmp_set_tap_count                       
00006425  dmp_set_tap_thresh                      
000066c9  dmp_set_tap_time                        
00006701  dmp_set_tap_time_multi                  
0000b0c5  eMPL_send_data                          
0000b009  eMPL_send_quat                          
20000e64  errno                                   
0000d451  exit                                    
0000c59b  fgetc                                   
20000000  fnm                                     
0000c581  fputc                                   
0000c5e3  fputs                                   
0000d38d  frexp                                   
0000d38d  frexpl                                  
0000c973  get_timestamp                           
0000e780  hw                                      
0000e744  i2cConfig                               
0000ab99  i2c_disable                             
0000ab35  i2c_enable                              
0000ac4f  i2c_read                                
0000ab9d  i2c_write                               
0000c51d  init_mpuUART                            
00007411  int_set_fast_nomot_gyro_threshold       
00000000  interruptVectors                        
00008ee1  inv_9x_fusion_enable_jitter_reduction   
00008ed1  inv_9x_fusion_set_mag_fb                
00008ef1  inv_9x_fusion_use_timestamps            
000056c9  inv_accel_was_turned_off                
00003781  inv_angle_diff                          
000051fd  inv_apply_calibration                   
000033a9  inv_big8_to_int16                       
0000337f  inv_big8_to_int32                       
00003b81  inv_biquad_filter_process               
000054a5  inv_build_accel                         
00005599  inv_build_compass                       
0000554d  inv_build_gyro                          
00005689  inv_build_quat                          
0000564d  inv_build_temp                          
00003b39  inv_calc_state_to_match_output          
00009249  inv_check_magnetic_disturbance          
00003803  inv_checksum                            
00002857  inv_compass_angle                       
000056d5  inv_compass_was_turned_off              
00003911  inv_convert_to_body                     
00003a19  inv_convert_to_body_with_scale          
0000398d  inv_convert_to_chip                     
00007729  inv_detect_motion_by_gyro_accel         
00008f31  inv_disable_9x_sensor_fusion            
00005f25  inv_disable_compass_soft_iron_matrix    
00009005  inv_disable_dip_tracking                
00007d41  inv_disable_fast_nomot                  
0000a6e5  inv_disable_gyro_tc                     
00008fed  inv_disable_magnetic_disturbance        
000087c1  inv_disable_quaternion                  
00008f0d  inv_enable_9x_sensor_fusion             
00005f19  inv_enable_compass_soft_iron_matrix     
00009015  inv_enable_dip_tracking                 
00007d29  inv_enable_fast_nomot                   
0000a6a5  inv_enable_gyro_tc                      
00008fc1  inv_enable_magnetic_disturbance         
000087a9  inv_enable_quaternion                   
00009909  inv_enable_results_holder               
0000cbbd  inv_execute_mpl_start_notification      
00005909  inv_execute_on_data                     
00007581  inv_fast_nomot_get_time_elaps           
00007249  inv_fast_nomot_parameter                
00007255  inv_fast_nomot_parameter_3rd            
0000758d  inv_fast_nomot_parameter_compass        
00007555  inv_fast_nomot_reset_data_compass       
00007335  inv_fast_nomot_set_gyro_bias            
00007469  inv_fast_nomot_store_data               
00007509  inv_fast_nomot_store_data_compass       
000087f1  inv_filter_correction_angle             
00007d61  inv_fnm_debug_print                     
00007fe1  inv_generate_accel_gyro_quaternion      
0000790d  inv_generate_fast_nomot                 
00007fa5  inv_generate_gyro_quaternion            
0000987d  inv_generate_results                    
000097a5  inv_get_6axis_quaternion                
00009665  inv_get_acc_state                       
000099fd  inv_get_accel                           
00005c83  inv_get_accel_accuracy                  
00005479  inv_get_accel_bias                      
00009a21  inv_get_accel_float                     
00005049  inv_get_accel_on                        
00005ca5  inv_get_accel_orient                    
00004fbb  inv_get_accel_sample_rate_ms            
00004ee1  inv_get_accel_sensitivity               
00005b31  inv_get_accel_set                       
00005285  inv_get_compass_bias                    
0000998b  inv_get_compass_bias_error              
00009633  inv_get_compass_correction              
000052f1  inv_get_compass_disturbance             
0000502d  inv_get_compass_on                      
00004fcd  inv_get_compass_sample_rate_ms          
00004ee7  inv_get_compass_sensitivity             
00005bf5  inv_get_compass_set                     
00005e09  inv_get_compass_soft_iron_input_data    
00005cbd  inv_get_compass_soft_iron_matrix_d      
00005d3d  inv_get_compass_soft_iron_matrix_f      
00005dd1  inv_get_compass_soft_iron_output_data   
00009971  inv_get_compass_state                   
00003c13  inv_get_cross_product_vec               
00007449  inv_get_fast_nomot_accel_param          
00007429  inv_get_fast_nomot_compass_param        
00007d55  inv_get_fnm_gyro_no_motion_param        
00009739  inv_get_gravity                         
00005bdd  inv_get_gyro                            
00005c6d  inv_get_gyro_accuracy                   
00005453  inv_get_gyro_bias                       
00005433  inv_get_gyro_bias_tc_set                
00009a87  inv_get_gyro_float                      
0000503b  inv_get_gyro_on                         
00005c8d  inv_get_gyro_orient                     
00004fa9  inv_get_gyro_sample_rate_ms             
00004edb  inv_get_gyro_sensitivity                
00005b69  inv_get_gyro_set                        
00005ba1  inv_get_gyro_set_raw                    
00002919  inv_get_gyro_sum_of_sqr                 
0000a655  inv_get_gyro_ts                         
00009b01  inv_get_heading_confidence_interval     
0000964f  inv_get_large_mag_field                 
00005057  inv_get_last_timestamp                  
000099a9  inv_get_linear_accel                    
00009b09  inv_get_linear_accel_float              
000096fd  inv_get_local_field                     
00005c73  inv_get_mag_accuracy                    
00009725  inv_get_mag_scale                       
000095b5  inv_get_magnetic_disturbance_state      
0000d68f  inv_get_message_level_0                 
0000967b  inv_get_motion_state                    
0000b649  inv_get_mpl_state_size                  
000097b7  inv_get_quaternion                      
000097e7  inv_get_quaternion_float                
0000982d  inv_get_quaternion_set                  
000075a5  inv_get_right_shift_by_rounding         
00005c3d  inv_get_temp_set                        
0000cab3  inv_get_version                         
00009925  inv_got_accel_bias                      
00009941  inv_got_compass_bias                    
000056ed  inv_gyro_was_turned_off                 
00008e95  inv_init_9x_fusion                      
00003af9  inv_init_biquad_filter                  
00004ead  inv_init_data_builder                   
00007ca9  inv_init_fast_nomot                     
0000a5ed  inv_init_gyro_ts                        
00008f69  inv_init_magnetic_disturbance           
00007171  inv_init_maxmin                         
0000ca5b  inv_init_mpl                            
00008785  inv_init_quaternion                     
000098bd  inv_init_results_holder                 
0000cb19  inv_init_start_manager                  
0000b59d  inv_init_storage_manager                
000033e5  inv_int16_to_big8                       
00003349  inv_int32_to_big8                       
000033c7  inv_little8_to_int16                    
0000b697  inv_load_mpl_states                     
0000957d  inv_magnetic_disturbance_process        
0000357d  inv_matrix_det                          
0000340d  inv_matrix_det_inc                      
000034bd  inv_matrix_det_incd                     
00003641  inv_matrix_detd                         
0000513d  inv_matrix_vector_mult                  
000038cd  inv_orientation_matrix_to_scalar        
000089e1  inv_perform_9x_fusion                   
0000a695  inv_print_gtc_data                      
00008dfd  inv_process_9x_sensor_fusion_cb         
00002957  inv_q29_mult                            
000029a3  inv_q30_div                             
0000297d  inv_q30_mult                            
00002b09  inv_q_add                               
00002e85  inv_q_addf                              
00002c5d  inv_q_invert                            
00003189  inv_q_invertf                           
000029f1  inv_q_mult                              
00002d55  inv_q_multf                             
000030c7  inv_q_norm4                             
00002c4f  inv_q_normalize                         
00002f15  inv_q_normalizef                        
00002d09  inv_q_rotate                            
000029cf  inv_q_shift_mult                        
000056e1  inv_quaternion_sensor_was_turned_off    
000031c5  inv_quaternion_to_rotation              
000032f9  inv_quaternion_to_rotation_vector       
0000768d  inv_record_max_moment_in_no_motion_accel
00007659  inv_record_max_moment_in_no_motion_gyro 
000076f5  inv_record_min_moment_in_motion_accel   
000076c1  inv_record_min_moment_in_motion_gyro    
00005739  inv_register_data_cb                    
0000b5b3  inv_register_load_store                 
0000cb91  inv_register_mpl_start_notification     
00005eb5  inv_reset_compass_soft_iron_matrix      
00007625  inv_reset_min_max_gyro_accel_statistics 
0000b793  inv_save_mpl_states                     
0000786d  inv_sensor_data_preprocess              
0000966b  inv_set_acc_state                       
0000534d  inv_set_accel_accuracy                  
0000500d  inv_set_accel_bandwidth                 
00005309  inv_set_accel_bias                      
00009931  inv_set_accel_bias_found                
00005379  inv_set_accel_bias_mask                 
000050db  inv_set_accel_orientation_and_scale     
00004f49  inv_set_accel_sample_rate               
0000501d  inv_set_compass_bandwidth               
000052a5  inv_set_compass_bias                    
00009977  inv_set_compass_bias_error              
00009951  inv_set_compass_bias_found              
00009609  inv_set_compass_correction              
000052e1  inv_set_compass_disturbance             
000050ed  inv_set_compass_orientation_and_scale   
00004f79  inv_set_compass_sample_rate             
00005e41  inv_set_compass_soft_iron_input_data    
00005cf9  inv_set_compass_soft_iron_matrix_d      
00005d71  inv_set_compass_soft_iron_matrix_f      
00009961  inv_set_compass_state                   
00007c59  inv_set_default_number_of_samples       
0000741d  inv_set_fast_nomot_accel_threshold      
00007405  inv_set_fast_nomot_compass_threshold    
0000a625  inv_set_gtc_max_temp                    
0000a645  inv_set_gtc_min_diff                    
0000a635  inv_set_gtc_min_temp                    
0000a67d  inv_set_gtc_order                       
00004ffd  inv_set_gyro_bandwidth                  
000053d5  inv_set_gyro_bias                       
00004f07  inv_set_gyro_orientation_and_scale      
00004f19  inv_set_gyro_sample_rate                
0000a679  inv_set_gyro_ts                         
00009aef  inv_set_heading_confidence_interval     
00009655  inv_set_large_mag_field                 
000096e9  inv_set_local_field                     
00009711  inv_set_mag_scale                       
00008f51  inv_set_magnetic_disturbance            
0000d669  inv_set_message                         
00009691  inv_set_motion_state                    
00004fdf  inv_set_quat_sample_rate                
00007fb1  inv_set_quaternion                      
000087e1  inv_start_9x_sensor_fusion              
00007209  inv_start_fast_nomot                    
0000a175  inv_start_gyro_tc                       
00008f41  inv_start_magnetic_disturbance          
0000cac5  inv_start_mpl                           
00007e39  inv_start_quaternion                    
00009895  inv_start_results_holder                
00008f01  inv_stop_9x_sensor_fusion               
00007d11  inv_stop_fast_nomot                     
0000a699  inv_stop_gyro_tc                        
00008fb5  inv_stop_magnetic_disturbance           
00008779  inv_stop_quaternion                     
000095df  inv_store_gaming_quaternion             
000056f5  inv_temperature_was_turned_off          
00009025  inv_track_dip_angle                     
00005881  inv_unregister_data_cb                  
0000cb29  inv_unregister_mpl_start_notification   
00003aab  inv_vector_norm                         
00002b55  inv_vector_normalize                    
00003731  inv_wrap_angle                          
0000c83d  ldexp                                   
0000c83d  ldexpl                                  
0000d499  ltoa                                    
20000a04  mag_disturb                             
0000cd61  main                                    
20000e68  main_func_sp                            
0000d8a3  memccpy                                 
0000d83d  memcmp                                  
0000cf45  memcpy                                  
0000d861  memmove                                 
0000d0f5  memset                                  
00003c93  mlMatrixVectorMult                      
0000e72e  ml_ver                                  
20000e60  mpl_key                                 
0000118d  mpu_configure_fifo                      
00000da5  mpu_get_accel_fsr                       
00000553  mpu_get_accel_reg                       
00001115  mpu_get_accel_sens                      
000026b5  mpu_get_compass_fsr                     
000026a5  mpu_get_compass_reg                     
00001093  mpu_get_compass_sample_rate             
00002691  mpu_get_dmp_state                       
00001175  mpu_get_fifo_config                     
00000cb7  mpu_get_gyro_fsr                        
000004dd  mpu_get_gyro_reg                        
000010c5  mpu_get_gyro_sens                       
00001355  mpu_get_int_status                      
00000e95  mpu_get_lpf                             
0000121f  mpu_get_power_state                     
00000fb9  mpu_get_sample_rate                     
00000605  mpu_get_temperature                     
000002ab  mpu_init                                
000024e1  mpu_load_firmware                       
000003dd  mpu_lp_accel_mode                       
000026cd  mpu_lp_motion_interrupt                 
00000731  mpu_read_6050_accel_bias                
000006ab  mpu_read_6500_accel_bias                
000007bd  mpu_read_6500_gyro_bias                 
000013b5  mpu_read_fifo                           
00001655  mpu_read_fifo_stream                    
00002449  mpu_read_mem                            
00000259  mpu_read_reg                            
000001f9  mpu_reg_dump                            
00000ae5  mpu_reset_fifo                          
00002239  mpu_run_self_test                       
0000091d  mpu_set_accel_bias_6050_reg             
000009ff  mpu_set_accel_bias_6500_reg             
00000e05  mpu_set_accel_fsr                       
0000173d  mpu_set_bypass                          
000010ad  mpu_set_compass_sample_rate             
000025fd  mpu_set_dmp_state                       
0000083f  mpu_set_gyro_bias_reg                   
00000d0d  mpu_set_gyro_fsr                        
000018bd  mpu_set_int_latched                     
000018a7  mpu_set_int_level                       
00000f11  mpu_set_lpf                             
00000fdd  mpu_set_sample_rate                     
0000124d  mpu_set_sensors                         
00009ee1  mpu_setup                               
000023b5  mpu_write_mem                           
0000ccb1  pin_int_cb                              
0000d1e1  printf                                  
00002c8f  quaternion_to_rotation_angle            
0000e710  reg                                     
00009c8d  run_self_test                           
200008cc  s9axis                                  
0000c83d  scalbn                                  
0000c83d  scalbnl                                 
00004eed  set_sensor_orientation_and_scale        
0000c939  setup_timer                             
0000ce05  sinf                                    
0000bfcd  sqrt                                    
0000d7f1  sqrtf                                   
0000bfcd  sqrtl                                   
0000d909  strchr                                  
0000d949  strlen                                  
0000c9c3  systic_handler                          
0000e6c4  test                                    
0000e6ec  uartConfig                              
0000d741  vsprintf                                


GLOBAL SYMBOLS: SORTED BY Symbol Address 

address   name                                    
-------   ----                                    
00000000  __TI_static_base__                      
00000000  interruptVectors                        
000001f9  mpu_reg_dump                            
00000200  __STACK_SIZE                            
00000259  mpu_read_reg                            
000002ab  mpu_init                                
000003dd  mpu_lp_accel_mode                       
000004dd  mpu_get_gyro_reg                        
00000553  mpu_get_accel_reg                       
00000605  mpu_get_temperature                     
000006ab  mpu_read_6500_accel_bias                
00000731  mpu_read_6050_accel_bias                
000007bd  mpu_read_6500_gyro_bias                 
0000083f  mpu_set_gyro_bias_reg                   
0000091d  mpu_set_accel_bias_6050_reg             
000009ff  mpu_set_accel_bias_6500_reg             
00000ae5  mpu_reset_fifo                          
00000cb7  mpu_get_gyro_fsr                        
00000d0d  mpu_set_gyro_fsr                        
00000da5  mpu_get_accel_fsr                       
00000e05  mpu_set_accel_fsr                       
00000e95  mpu_get_lpf                             
00000f11  mpu_set_lpf                             
00000fb9  mpu_get_sample_rate                     
00000fdd  mpu_set_sample_rate                     
00001093  mpu_get_compass_sample_rate             
000010ad  mpu_set_compass_sample_rate             
000010c5  mpu_get_gyro_sens                       
00001115  mpu_get_accel_sens                      
00001175  mpu_get_fifo_config                     
0000118d  mpu_configure_fifo                      
0000121f  mpu_get_power_state                     
0000124d  mpu_set_sensors                         
00001355  mpu_get_int_status                      
000013b5  mpu_read_fifo                           
00001655  mpu_read_fifo_stream                    
0000173d  mpu_set_bypass                          
000018a7  mpu_set_int_level                       
000018bd  mpu_set_int_latched                     
00002239  mpu_run_self_test                       
000023b5  mpu_write_mem                           
00002449  mpu_read_mem                            
000024e1  mpu_load_firmware                       
000025fd  mpu_set_dmp_state                       
00002691  mpu_get_dmp_state                       
000026a5  mpu_get_compass_reg                     
000026b5  mpu_get_compass_fsr                     
000026cd  mpu_lp_motion_interrupt                 
00002857  inv_compass_angle                       
00002919  inv_get_gyro_sum_of_sqr                 
00002957  inv_q29_mult                            
0000297d  inv_q30_mult                            
000029a3  inv_q30_div                             
000029cf  inv_q_shift_mult                        
000029f1  inv_q_mult                              
00002b09  inv_q_add                               
00002b55  inv_vector_normalize                    
00002c4f  inv_q_normalize                         
00002c5d  inv_q_invert                            
00002c8f  quaternion_to_rotation_angle            
00002d09  inv_q_rotate                            
00002d55  inv_q_multf                             
00002e85  inv_q_addf                              
00002f15  inv_q_normalizef                        
000030c7  inv_q_norm4                             
00003189  inv_q_invertf                           
000031c5  inv_quaternion_to_rotation              
000032f9  inv_quaternion_to_rotation_vector       
00003349  inv_int32_to_big8                       
0000337f  inv_big8_to_int32                       
000033a9  inv_big8_to_int16                       
000033c7  inv_little8_to_int16                    
000033e5  inv_int16_to_big8                       
0000340d  inv_matrix_det_inc                      
000034bd  inv_matrix_det_incd                     
0000357d  inv_matrix_det                          
00003641  inv_matrix_detd                         
00003731  inv_wrap_angle                          
00003781  inv_angle_diff                          
00003803  inv_checksum                            
000038cd  inv_orientation_matrix_to_scalar        
00003911  inv_convert_to_body                     
0000398d  inv_convert_to_chip                     
00003a19  inv_convert_to_body_with_scale          
00003aab  inv_vector_norm                         
00003af9  inv_init_biquad_filter                  
00003b39  inv_calc_state_to_match_output          
00003b81  inv_biquad_filter_process               
00003c13  inv_get_cross_product_vec               
00003c93  mlMatrixVectorMult                      
00004549  __TI_printfi                            
00004e43  __aeabi_ldiv0                           
00004ead  inv_init_data_builder                   
00004edb  inv_get_gyro_sensitivity                
00004ee1  inv_get_accel_sensitivity               
00004ee7  inv_get_compass_sensitivity             
00004eed  set_sensor_orientation_and_scale        
00004f07  inv_set_gyro_orientation_and_scale      
00004f19  inv_set_gyro_sample_rate                
00004f49  inv_set_accel_sample_rate               
00004f79  inv_set_compass_sample_rate             
00004fa9  inv_get_gyro_sample_rate_ms             
00004fbb  inv_get_accel_sample_rate_ms            
00004fcd  inv_get_compass_sample_rate_ms          
00004fdf  inv_set_quat_sample_rate                
00004ffd  inv_set_gyro_bandwidth                  
0000500d  inv_set_accel_bandwidth                 
0000501d  inv_set_compass_bandwidth               
0000502d  inv_get_compass_on                      
0000503b  inv_get_gyro_on                         
00005049  inv_get_accel_on                        
00005057  inv_get_last_timestamp                  
000050db  inv_set_accel_orientation_and_scale     
000050ed  inv_set_compass_orientation_and_scale   
0000513d  inv_matrix_vector_mult                  
000051fd  inv_apply_calibration                   
00005285  inv_get_compass_bias                    
000052a5  inv_set_compass_bias                    
000052e1  inv_set_compass_disturbance             
000052f1  inv_get_compass_disturbance             
00005309  inv_set_accel_bias                      
0000534d  inv_set_accel_accuracy                  
00005379  inv_set_accel_bias_mask                 
000053d5  inv_set_gyro_bias                       
00005433  inv_get_gyro_bias_tc_set                
00005453  inv_get_gyro_bias                       
00005479  inv_get_accel_bias                      
000054a5  inv_build_accel                         
0000554d  inv_build_gyro                          
00005599  inv_build_compass                       
0000564d  inv_build_temp                          
00005689  inv_build_quat                          
000056c9  inv_accel_was_turned_off                
000056d5  inv_compass_was_turned_off              
000056e1  inv_quaternion_sensor_was_turned_off    
000056ed  inv_gyro_was_turned_off                 
000056f5  inv_temperature_was_turned_off          
00005739  inv_register_data_cb                    
00005881  inv_unregister_data_cb                  
00005909  inv_execute_on_data                     
00005b31  inv_get_accel_set                       
00005b69  inv_get_gyro_set                        
00005ba1  inv_get_gyro_set_raw                    
00005bdd  inv_get_gyro                            
00005bf5  inv_get_compass_set                     
00005c3d  inv_get_temp_set                        
00005c6d  inv_get_gyro_accuracy                   
00005c73  inv_get_mag_accuracy                    
00005c83  inv_get_accel_accuracy                  
00005c8d  inv_get_gyro_orient                     
00005ca5  inv_get_accel_orient                    
00005cbd  inv_get_compass_soft_iron_matrix_d      
00005cf9  inv_set_compass_soft_iron_matrix_d      
00005d3d  inv_get_compass_soft_iron_matrix_f      
00005d71  inv_set_compass_soft_iron_matrix_f      
00005dd1  inv_get_compass_soft_iron_output_data   
00005e09  inv_get_compass_soft_iron_input_data    
00005e41  inv_set_compass_soft_iron_input_data    
00005eb5  inv_reset_compass_soft_iron_matrix      
00005f19  inv_enable_compass_soft_iron_matrix     
00005f25  inv_disable_compass_soft_iron_matrix    
00005f4d  dmp_load_motion_driver_firmware         
00005f61  dmp_set_orientation                     
000060e9  dmp_set_gyro_bias                       
00006245  dmp_set_accel_bias                      
0000638d  dmp_set_fifo_rate                       
0000640d  dmp_get_fifo_rate                       
00006425  dmp_set_tap_thresh                      
0000662d  dmp_set_tap_axes                        
00006685  dmp_set_tap_count                       
000066c9  dmp_set_tap_time                        
00006701  dmp_set_tap_time_multi                  
0000673d  dmp_set_shake_reject_thresh             
00006799  dmp_set_shake_reject_time               
000067dd  dmp_set_shake_reject_timeout            
0000682d  dmp_get_pedometer_step_count            
00006879  dmp_set_pedometer_step_count            
000068b3  dmp_get_pedometer_walk_time             
000068ff  dmp_set_pedometer_walk_time             
00006943  dmp_enable_feature                      
00006b9d  dmp_get_enabled_features                
00006bb1  dmp_enable_gyro_cal                     
00006c01  dmp_enable_lp_quat                      
00006c43  dmp_enable_6x_lp_quat                   
00006cfb  dmp_set_interrupt_mode                  
00006d5d  dmp_read_fifo                           
00006f9d  dmp_register_tap_cb                     
00006faf  dmp_register_android_orient_cb          
00007171  inv_init_maxmin                         
00007209  inv_start_fast_nomot                    
00007249  inv_fast_nomot_parameter                
00007255  inv_fast_nomot_parameter_3rd            
00007335  inv_fast_nomot_set_gyro_bias            
00007405  inv_set_fast_nomot_compass_threshold    
00007411  int_set_fast_nomot_gyro_threshold       
0000741d  inv_set_fast_nomot_accel_threshold      
00007429  inv_get_fast_nomot_compass_param        
00007449  inv_get_fast_nomot_accel_param          
00007469  inv_fast_nomot_store_data               
00007509  inv_fast_nomot_store_data_compass       
00007555  inv_fast_nomot_reset_data_compass       
00007581  inv_fast_nomot_get_time_elaps           
0000758d  inv_fast_nomot_parameter_compass        
000075a5  inv_get_right_shift_by_rounding         
00007625  inv_reset_min_max_gyro_accel_statistics 
00007659  inv_record_max_moment_in_no_motion_gyro 
0000768d  inv_record_max_moment_in_no_motion_accel
000076c1  inv_record_min_moment_in_motion_gyro    
000076f5  inv_record_min_moment_in_motion_accel   
00007729  inv_detect_motion_by_gyro_accel         
0000786d  inv_sensor_data_preprocess              
0000790d  inv_generate_fast_nomot                 
00007c59  inv_set_default_number_of_samples       
00007ca9  inv_init_fast_nomot                     
00007d11  inv_stop_fast_nomot                     
00007d29  inv_enable_fast_nomot                   
00007d41  inv_disable_fast_nomot                  
00007d55  inv_get_fnm_gyro_no_motion_param        
00007d61  inv_fnm_debug_print                     
00007d65  _system_pre_init                        
00007e39  inv_start_quaternion                    
00007fa5  inv_generate_gyro_quaternion            
00007fb1  inv_set_quaternion                      
00007fe1  inv_generate_accel_gyro_quaternion      
00008779  inv_stop_quaternion                     
00008785  inv_init_quaternion                     
000087a9  inv_enable_quaternion                   
000087c1  inv_disable_quaternion                  
000087e1  inv_start_9x_sensor_fusion              
000087f1  inv_filter_correction_angle             
000089e1  inv_perform_9x_fusion                   
00008dfd  inv_process_9x_sensor_fusion_cb         
00008e95  inv_init_9x_fusion                      
00008ed1  inv_9x_fusion_set_mag_fb                
00008ee1  inv_9x_fusion_enable_jitter_reduction   
00008ef1  inv_9x_fusion_use_timestamps            
00008f01  inv_stop_9x_sensor_fusion               
00008f0d  inv_enable_9x_sensor_fusion             
00008f31  inv_disable_9x_sensor_fusion            
00008f41  inv_start_magnetic_disturbance          
00008f51  inv_set_magnetic_disturbance            
00008f69  inv_init_magnetic_disturbance           
00008fb5  inv_stop_magnetic_disturbance           
00008fc1  inv_enable_magnetic_disturbance         
00008fed  inv_disable_magnetic_disturbance        
00009005  inv_disable_dip_tracking                
00009015  inv_enable_dip_tracking                 
00009025  inv_track_dip_angle                     
000090bd  ComputeAngleVelocity                    
0000911d  Mag3ofNormalizedLong                    
00009171  MagDisturbSetDisturbance                
000091f1  MagDisturbCheckSettling                 
00009249  inv_check_magnetic_disturbance          
0000957d  inv_magnetic_disturbance_process        
000095b5  inv_get_magnetic_disturbance_state      
000095df  inv_store_gaming_quaternion             
00009609  inv_set_compass_correction              
00009633  inv_get_compass_correction              
0000964f  inv_get_large_mag_field                 
00009655  inv_set_large_mag_field                 
00009665  inv_get_acc_state                       
0000966b  inv_set_acc_state                       
0000967b  inv_get_motion_state                    
00009691  inv_set_motion_state                    
000096e9  inv_set_local_field                     
000096fd  inv_get_local_field                     
00009711  inv_set_mag_scale                       
00009725  inv_get_mag_scale                       
00009739  inv_get_gravity                         
000097a5  inv_get_6axis_quaternion                
000097b7  inv_get_quaternion                      
000097e7  inv_get_quaternion_float                
0000982d  inv_get_quaternion_set                  
0000987d  inv_generate_results                    
00009895  inv_start_results_holder                
000098bd  inv_init_results_holder                 
00009909  inv_enable_results_holder               
00009925  inv_got_accel_bias                      
00009931  inv_set_accel_bias_found                
00009941  inv_got_compass_bias                    
00009951  inv_set_compass_bias_found              
00009961  inv_set_compass_state                   
00009971  inv_get_compass_state                   
00009977  inv_set_compass_bias_error              
0000998b  inv_get_compass_bias_error              
000099a9  inv_get_linear_accel                    
000099fd  inv_get_accel                           
00009a21  inv_get_accel_float                     
00009a87  inv_get_gyro_float                      
00009aef  inv_set_heading_confidence_interval     
00009b01  inv_get_heading_confidence_interval     
00009b09  inv_get_linear_accel_float              
00009c8d  run_self_test                           
00009ee1  mpu_setup                               
0000a175  inv_start_gyro_tc                       
0000a5ed  inv_init_gyro_ts                        
0000a625  inv_set_gtc_max_temp                    
0000a635  inv_set_gtc_min_temp                    
0000a645  inv_set_gtc_min_diff                    
0000a655  inv_get_gyro_ts                         
0000a679  inv_set_gyro_ts                         
0000a67d  inv_set_gtc_order                       
0000a695  inv_print_gtc_data                      
0000a699  inv_stop_gyro_tc                        
0000a6a5  inv_enable_gyro_tc                      
0000a6e5  inv_disable_gyro_tc                     
0000a715  acos                                    
0000a715  acosl                                   
0000ab35  i2c_enable                              
0000ab99  i2c_disable                             
0000ab9d  i2c_write                               
0000ac4f  i2c_read                                
0000ad7d  I2C_IRQHandler                          
0000af15  _MLPrintLog                             
0000b009  eMPL_send_quat                          
0000b0c5  eMPL_send_data                          
0000b275  SystemCoreClockUpdate                   
0000b4e9  SystemInit                              
0000b59d  inv_init_storage_manager                
0000b5b3  inv_register_load_store                 
0000b649  inv_get_mpl_state_size                  
0000b697  inv_load_mpl_states                     
0000b793  inv_save_mpl_states                     
0000b871  __aeabi_ldivmod                         
0000ba8f  __aeabi_uldivmod                        
0000bc83  __aeabi_dsub                            
0000bc8d  __aeabi_dadd                            
0000be39  acosf                                   
0000bfcd  sqrt                                    
0000bfcd  sqrtl                                   
0000c13d  atan2f                                  
0000c295  atanf                                   
0000c3e5  __aeabi_ddiv                            
0000c51b  __mpu_init                              
0000c51d  init_mpuUART                            
0000c54b  UART_OutChar                            
0000c567  UART_InChar                             
0000c581  fputc                                   
0000c59b  fgetc                                   
0000c5a5  UART_OutString                          
0000c5e3  fputs                                   
0000c63d  CS_getDCOFrequency                      
0000c741  __aeabi_dmul                            
0000c83d  ldexp                                   
0000c83d  ldexpl                                  
0000c83d  scalbn                                  
0000c83d  scalbnl                                 
0000c939  setup_timer                             
0000c973  get_timestamp                           
0000c98f  delay_ms                                
0000c9c3  systic_handler                          
0000ca5b  inv_init_mpl                            
0000cab3  inv_get_version                         
0000cac5  inv_start_mpl                           
0000cb19  inv_init_start_manager                  
0000cb29  inv_unregister_mpl_start_notification   
0000cb91  inv_register_mpl_start_notification     
0000cbbd  inv_execute_mpl_start_notification      
0000cbfd  cosf                                    
0000ccb1  pin_int_cb                              
0000cd0b  PORT4_IRQHandler                        
0000cd61  main                                    
0000ce05  sinf                                    
0000cf45  __aeabi_memcpy                          
0000cf45  __aeabi_memcpy4                         
0000cf45  __aeabi_memcpy8                         
0000cf45  memcpy                                  
0000cfe1  __aeabi_cdcmpeq                         
0000cfe1  __aeabi_cdcmple                         
0000d067  __aeabi_cdrcmple                        
0000d0ed  __aeabi_memclr                          
0000d0ed  __aeabi_memclr4                         
0000d0ed  __aeabi_memclr8                         
0000d0ef  __aeabi_memset                          
0000d0ef  __aeabi_memset4                         
0000d0ef  __aeabi_memset8                         
0000d0f5  memset                                  
0000d167  _system_post_cinit                      
0000d169  __TI_auto_init                          
0000d1e1  printf                                  
0000d249  __aeabi_d2f                             
0000d2b7  __aeabi_f2lz                            
0000d323  __TI_decompress_lzss                    
0000d38d  frexp                                   
0000d38d  frexpl                                  
0000d3f1  _c_int00                                
0000d445  C$$EXIT                                 
0000d449  abort                                   
0000d451  exit                                    
0000d499  ltoa                                    
0000d4ed  SysCtl_getTLVInfo                       
0000d589  atoi                                    
0000d5d5  copy_in                                 
0000d669  inv_set_message                         
0000d68f  inv_get_message_level_0                 
0000d6b1  __aeabi_d2iz                            
0000d6f9  __aeabi_l2f                             
0000d741  vsprintf                                
0000d789  __aeabi_f2d                             
0000d7c1  __aeabi_i2d                             
0000d7f1  sqrtf                                   
0000d819  CS_clearInterruptFlag                   
0000d83d  memcmp                                  
0000d861  memmove                                 
0000d885  __aeabi_lasr                            
0000d8a3  memccpy                                 
0000d8c1  CS_getMCLK                              
0000d8d9  _args_main                              
0000d8f1  __aeabi_lmul                            
0000d909  strchr                                  
0000d921  _register_unlock                        
0000d927  _register_lock                          
0000d92f  _nop                                    
0000d935  copysign                                
0000d935  copysignl                               
0000d949  strlen                                  
0000d96f  __aeabi_dcmpgt                          
0000d97d  __TI_decompress_none                    
0000d98b  __TI_zero_init                          
0000e58e  _ctypes_                                
0000e6c4  test                                    
0000e6ec  uartConfig                              
0000e710  reg                                     
0000e72e  ml_ver                                  
0000e744  i2cConfig                               
0000e780  hw                                      
0000e81c  __TI_Handler_Table_Base                 
0000e828  __TI_Handler_Table_Limit                
0000e830  __TI_CINIT_Base                         
0000e840  __TI_CINIT_Limit                        
20000000  fnm                                     
200008cc  s9axis                                  
20000a04  mag_disturb                             
20000cfc  _ftable                                 
20000e28  __TI_cleanup_ptr                        
20000e2c  __TI_dtors_ptr                          
20000e30  __TI_enable_exit_profile_output         
20000e58  _lock                                   
20000e5c  _unlock                                 
20000e60  mpl_key                                 
20000e64  errno                                   
20000e68  main_func_sp                            
20000e6c  SystemCoreClock                         
2000fe00  __stack                                 
20010000  __STACK_END                             
4000480c  WDTCTL_SYM                              
ffffffff  __TI_pprof_out_hndl                     
ffffffff  __TI_prof_data_size                     
ffffffff  __TI_prof_data_start                    
ffffffff  __binit__                               
ffffffff  __c_args__                              
ffffffff  binit                                   
UNDEFED   SHT$$INIT_ARRAY$$Base                   
UNDEFED   SHT$$INIT_ARRAY$$Limit                  

[454 symbols]
